******************************************************************************
             TMS320C2000 Linker PC v18.1.2                     
******************************************************************************
>> Linked Mon Oct  1 16:10:47 2018

OUTPUT FILE NAME:   <DSP_PROJECT_4th.out>
ENTRY POINT SYMBOL: "_c_int00"  address: 0000b5c2


MEMORY CONFIGURATION

         name            origin    length      used     unused   attr    fill
----------------------  --------  ---------  --------  --------  ----  --------
PAGE 0:
  BEGIN                 00000000   00000002  00000002  00000000  RWIX
  RAMM0                 00000050   000003b0  00000000  000003b0  RWIX
  RAML0                 00008000   00000200  0000014d  000000b3  RWIX
  RAML1                 00008200   00003e00  00003847  000005b9  RWIX
  ZONE7A                00200000   0000fc00  00000000  0000fc00  RWIX
  CSM_RSVD              0033ff80   00000076  00000000  00000076  RWIX
  CSM_PWL               0033fff8   00000008  00000000  00000008  RWIX
  ADC_CAL               00380080   00000009  00000007  00000002  RWIX
  IQTABLES              003fe000   00000b50  00000000  00000b50  RWIX
  IQTABLES2             003feb50   0000008c  00000000  0000008c  RWIX
  FPUTABLES             003febdc   000006a0  00000000  000006a0  RWIX
  BOOTROM               003ff27c   00000d44  00000000  00000d44  RWIX
  RESET                 003fffc0   00000002  00000000  00000002  RWIX

PAGE 1:
  BOOT_RSVD             00000002   0000004e  00000000  0000004e  RWIX
  RAMM1                 00000400   00000400  00000400  00000000  RWIX
  DEV_EMU               00000880   00000180  000000d0  000000b0  RWIX
  FLASH_REGS            00000a80   00000060  00000008  00000058  RWIX
  CSM                   00000ae0   00000010  00000010  00000000  RWIX
  ADC_MIRROR            00000b00   00000010  00000010  00000000  RWIX
  XINTF                 00000b20   00000020  0000001e  00000002  RWIX
  CPU_TIMER0            00000c00   00000008  00000008  00000000  RWIX
  CPU_TIMER1            00000c08   00000008  00000008  00000000  RWIX
  CPU_TIMER2            00000c10   00000008  00000008  00000000  RWIX
  PIE_CTRL              00000ce0   00000020  0000001a  00000006  RWIX
  PIE_VECT              00000d00   00000100  00000100  00000000  RWIX
  DMA                   00001000   00000200  000000e0  00000120  RWIX
  MCBSPA                00005000   00000040  00000025  0000001b  RWIX
  MCBSPB                00005040   00000040  00000025  0000001b  RWIX
  ECANA                 00006000   00000040  00000034  0000000c  RWIX
  ECANA_LAM             00006040   00000040  00000040  00000000  RWIX
  ECANA_MOTS            00006080   00000040  00000040  00000000  RWIX
  ECANA_MOTO            000060c0   00000040  00000040  00000000  RWIX
  ECANA_MBOX            00006100   00000100  00000100  00000000  RWIX
  ECANB                 00006200   00000040  00000034  0000000c  RWIX
  ECANB_LAM             00006240   00000040  00000040  00000000  RWIX
  ECANB_MOTS            00006280   00000040  00000040  00000000  RWIX
  ECANB_MOTO            000062c0   00000040  00000040  00000000  RWIX
  ECANB_MBOX            00006300   00000100  00000100  00000000  RWIX
  EPWM1                 00006800   00000022  00000022  00000000  RWIX
  EPWM2                 00006840   00000022  00000022  00000000  RWIX
  EPWM3                 00006880   00000022  00000022  00000000  RWIX
  EPWM4                 000068c0   00000022  00000022  00000000  RWIX
  EPWM5                 00006900   00000022  00000022  00000000  RWIX
  EPWM6                 00006940   00000022  00000022  00000000  RWIX
  ECAP1                 00006a00   00000020  00000020  00000000  RWIX
  ECAP2                 00006a20   00000020  00000020  00000000  RWIX
  ECAP3                 00006a40   00000020  00000020  00000000  RWIX
  ECAP4                 00006a60   00000020  00000020  00000000  RWIX
  ECAP5                 00006a80   00000020  00000020  00000000  RWIX
  ECAP6                 00006aa0   00000020  00000020  00000000  RWIX
  EQEP1                 00006b00   00000040  00000040  00000000  RWIX
  EQEP2                 00006b40   00000040  00000040  00000000  RWIX
  GPIOCTRL              00006f80   00000040  0000002e  00000012  RWIX
  GPIODAT               00006fc0   00000020  00000020  00000000  RWIX
  GPIOINT               00006fe0   00000020  0000000a  00000016  RWIX
  SYSTEM                00007010   00000020  00000020  00000000  RWIX
  SPIA                  00007040   00000010  00000010  00000000  RWIX
  SCIA                  00007050   00000010  00000010  00000000  RWIX
  XINTRUPT              00007070   00000010  00000010  00000000  RWIX
  ADC                   00007100   00000020  0000001e  00000002  RWIX
  SCIB                  00007750   00000010  00000010  00000000  RWIX
  SCIC                  00007770   00000010  00000010  00000000  RWIX
  I2CA                  00007900   00000040  00000022  0000001e  RWIX
  RAML4                 0000c000   00001000  00000696  0000096a  RWIX
  RAML5                 0000d000   00001000  000002e8  00000d18  RWIX
  RAML6                 0000e000   00001000  00000400  00000c00  RWIX
  RAML7                 0000f000   00001000  00000120  00000ee0  RWIX
  ZONE7B                0020fc00   00000400  00000000  00000400  RWIX
  CSM_PWL               0033fff8   00000008  00000008  00000000  RWIX
  PARTID                00380090   00000001  00000001  00000000  RWIX


SECTION ALLOCATION MAP

 output                                  attributes/
section   page    origin      length       input sections
--------  ----  ----------  ----------   ----------------
codestart 
*          0    00000000    00000002     
                  00000000    00000002     DSP2833x_CodeStartBranch.obj (codestart)

ramfuncs   0    0000814a    00000004     
                  0000814a    00000004     DSP2833x_usDelay.obj (ramfuncs)

.text      0    00008200    00003847     
                  00008200    00000d2e     Fr_UNIFIED.obj (.text)
                  00008f2e    000007f8     main_4th_CZT.obj (.text)
                  00009726    00000500     DataInterfaceCZT.obj (.text)
                  00009c26    00000316     DSP2833x_DefaultIsr.obj (.text:retain)
                  00009f3c    0000023f     CSerialPortDataAnalyzer.obj (.text)
                  0000a17b    00000226     GpioConfig.obj (.text)
                  0000a3a1    00000200     rts2800_fpu32.lib : vec_newdel.c.obj (.text)
                  0000a5a1    000001d2                       : memory.c.obj (.text)
                  0000a773    000001b6     SerialPortConfig.obj (.text)
                  0000a929    00000158     UnlockFifoBuffer.obj (.text)
                  0000aa81    00000144     InterruptsCZT.obj (.text:retain)
                  0000abc5    0000012f     PtThreadEx.obj (.text)
                  0000acf4    00000128     AT93C56.obj (.text)
                  0000ae1c    000000f9     rts2800_fpu32.lib : fopen.c.obj (.text)
                  0000af15    000000f8     DSP2833x_SysCtrl.obj (.text)
                  0000b00d    000000b0     rts2800_fpu32.lib : fputs.c.obj (.text)
                  0000b0bd    00000001                       : newhandler.c.obj (.text)
                  0000b0be    00000094                       : trgmsg.c.obj (.text)
                  0000b152    00000089                       : setvbuf.c.obj (.text)
                  0000b1db    00000088     FlexRay_handler.obj (.text)
                  0000b263    00000088     rts2800_fpu32.lib : fs_div28.asm.obj (.text)
                  0000b2eb    00000073                       : fflush.c.obj (.text)
                  0000b35e    00000071                       : open.c.obj (.text)
                  0000b3cf    00000067                       : _io_perm.c.obj (.text)
                  0000b436    00000067                       : dtor_list.c.obj (.text)
                  0000b49d    00000065     FlexRayInterface.obj (.text)
                  0000b502    00000061     rts2800_fpu32.lib : hostlseek.c.obj (.text)
                  0000b563    0000005f                       : fclose.c.obj (.text)
                  0000b5c2    00000056                       : boot28.asm.obj (.text)
                  0000b618    00000054     DSP2833x_CpuTimers.obj (.text)
                  0000b66c    00000051     rts2800_fpu32.lib : getdevice.c.obj (.text)
                  0000b6bd    00000040                       : hostopen.c.obj (.text)
                  0000b6fd    0000003f                       : hostread.c.obj (.text)
                  0000b73c    0000003e                       : hostrename.c.obj (.text)
                  0000b77a    0000003d                       : fseek.c.obj (.text)
                  0000b7b7    00000038                       : hostwrite.c.obj (.text)
                  0000b7ef    00000033                       : close.c.obj (.text)
                  0000b822    00000029                       : exit.c.obj (.text)
                  0000b84b    00000029                       : hostclose.c.obj (.text)
                  0000b874    00000028     DSP2833x_PieCtrl.obj (.text)
                  0000b89c    00000024     rts2800_fpu32.lib : cpy_tbl.c.obj (.text)
                  0000b8c0    00000024                       : hostunlink.c.obj (.text)
                  0000b8e4    00000020                       : new.c.obj (.text)
                  0000b904    0000001e     ThreadDataCZT.obj (.text)
                  0000b922    0000001e     rts2800_fpu32.lib : memcpy.c.obj (.text)
                  0000b940    0000001e                       : strncpy.c.obj (.text)
                  0000b95e    00000019                       : args_main.c.obj (.text)
                  0000b977    00000019                       : unlink.c.obj (.text)
                  0000b990    00000019                       : write.c.obj (.text)
                  0000b9a9    00000018                       : lseek.c.obj (.text)
                  0000b9c1    00000011     DSP2833x_PieVect.obj (.text)
                  0000b9d2    00000010     rts2800_fpu32.lib : memchr.c.obj (.text)
                  0000b9e2    0000000d                       : assert.c.obj (.text)
                  0000b9ef    0000000c                       : memset.c.obj (.text)
                  0000b9fb    0000000c                       : strchr.c.obj (.text)
                  0000ba07    0000000a                       : strcmp.c.obj (.text)
                  0000ba11    00000009                       : _lock.c.obj (.text)
                  0000ba1a    00000008     DSP2833x_CodeStartBranch.obj (.text)
                  0000ba22    00000008     rts2800_fpu32.lib : strlen.c.obj (.text)
                  0000ba2a    00000005                       : delete.c.obj (.text)
                  0000ba2f    00000005                       : strcpy.c.obj (.text)
                  0000ba34    00000004                       : memzero.c.obj (.text)
                  0000ba38    00000003                       : array_del.c.obj (.text)
                  0000ba3b    00000003                       : array_new.c.obj (.text)
                  0000ba3e    00000003                       : error.c.obj (.text)
                  0000ba41    00000003                       : remove.c.obj (.text)
                  0000ba44    00000002                       : pre_init.c.obj (.text)
                  0000ba46    00000001                       : startup.c.obj (.text)

DevEmuRegsFile 
*          1    00000880    000000d0     UNINITIALIZED
                  00000880    000000d0     DSP2833x_GlobalVariableDefs.obj (DevEmuRegsFile)

FlashRegsFile 
*          1    00000a80    00000008     UNINITIALIZED
                  00000a80    00000008     DSP2833x_GlobalVariableDefs.obj (FlashRegsFile)

CsmRegsFile 
*          1    00000ae0    00000010     UNINITIALIZED
                  00000ae0    00000010     DSP2833x_GlobalVariableDefs.obj (CsmRegsFile)

AdcMirrorFile 
*          1    00000b00    00000010     UNINITIALIZED
                  00000b00    00000010     DSP2833x_GlobalVariableDefs.obj (AdcMirrorFile)

XintfRegsFile 
*          1    00000b20    0000001e     UNINITIALIZED
                  00000b20    0000001e     DSP2833x_GlobalVariableDefs.obj (XintfRegsFile)

CpuTimer0RegsFile 
*          1    00000c00    00000008     UNINITIALIZED
                  00000c00    00000008     DSP2833x_GlobalVariableDefs.obj (CpuTimer0RegsFile)

CpuTimer1RegsFile 
*          1    00000c08    00000008     UNINITIALIZED
                  00000c08    00000008     DSP2833x_GlobalVariableDefs.obj (CpuTimer1RegsFile)

CpuTimer2RegsFile 
*          1    00000c10    00000008     UNINITIALIZED
                  00000c10    00000008     DSP2833x_GlobalVariableDefs.obj (CpuTimer2RegsFile)

PieCtrlRegsFile 
*          1    00000ce0    0000001a     UNINITIALIZED
                  00000ce0    0000001a     DSP2833x_GlobalVariableDefs.obj (PieCtrlRegsFile)

PieVectTableFile 
*          1    00000d00    00000100     UNINITIALIZED
                  00000d00    00000100     DSP2833x_GlobalVariableDefs.obj (PieVectTableFile)

DmaRegsFile 
*          1    00001000    000000e0     UNINITIALIZED
                  00001000    000000e0     DSP2833x_GlobalVariableDefs.obj (DmaRegsFile)

McbspaRegsFile 
*          1    00005000    00000025     UNINITIALIZED
                  00005000    00000025     DSP2833x_GlobalVariableDefs.obj (McbspaRegsFile)

McbspbRegsFile 
*          1    00005040    00000025     UNINITIALIZED
                  00005040    00000025     DSP2833x_GlobalVariableDefs.obj (McbspbRegsFile)

ECanaRegsFile 
*          1    00006000    00000034     UNINITIALIZED
                  00006000    00000034     DSP2833x_GlobalVariableDefs.obj (ECanaRegsFile)

ECanaLAMRegsFile 
*          1    00006040    00000040     UNINITIALIZED
                  00006040    00000040     DSP2833x_GlobalVariableDefs.obj (ECanaLAMRegsFile)

ECanaMOTSRegsFile 
*          1    00006080    00000040     UNINITIALIZED
                  00006080    00000040     DSP2833x_GlobalVariableDefs.obj (ECanaMOTSRegsFile)

ECanaMOTORegsFile 
*          1    000060c0    00000040     UNINITIALIZED
                  000060c0    00000040     DSP2833x_GlobalVariableDefs.obj (ECanaMOTORegsFile)

ECanaMboxesFile 
*          1    00006100    00000100     UNINITIALIZED
                  00006100    00000100     DSP2833x_GlobalVariableDefs.obj (ECanaMboxesFile)

ECanbRegsFile 
*          1    00006200    00000034     UNINITIALIZED
                  00006200    00000034     DSP2833x_GlobalVariableDefs.obj (ECanbRegsFile)

ECanbLAMRegsFile 
*          1    00006240    00000040     UNINITIALIZED
                  00006240    00000040     DSP2833x_GlobalVariableDefs.obj (ECanbLAMRegsFile)

ECanbMOTSRegsFile 
*          1    00006280    00000040     UNINITIALIZED
                  00006280    00000040     DSP2833x_GlobalVariableDefs.obj (ECanbMOTSRegsFile)

ECanbMOTORegsFile 
*          1    000062c0    00000040     UNINITIALIZED
                  000062c0    00000040     DSP2833x_GlobalVariableDefs.obj (ECanbMOTORegsFile)

ECanbMboxesFile 
*          1    00006300    00000100     UNINITIALIZED
                  00006300    00000100     DSP2833x_GlobalVariableDefs.obj (ECanbMboxesFile)

EPwm1RegsFile 
*          1    00006800    00000022     UNINITIALIZED
                  00006800    00000022     DSP2833x_GlobalVariableDefs.obj (EPwm1RegsFile)

EPwm2RegsFile 
*          1    00006840    00000022     UNINITIALIZED
                  00006840    00000022     DSP2833x_GlobalVariableDefs.obj (EPwm2RegsFile)

EPwm3RegsFile 
*          1    00006880    00000022     UNINITIALIZED
                  00006880    00000022     DSP2833x_GlobalVariableDefs.obj (EPwm3RegsFile)

EPwm4RegsFile 
*          1    000068c0    00000022     UNINITIALIZED
                  000068c0    00000022     DSP2833x_GlobalVariableDefs.obj (EPwm4RegsFile)

EPwm5RegsFile 
*          1    00006900    00000022     UNINITIALIZED
                  00006900    00000022     DSP2833x_GlobalVariableDefs.obj (EPwm5RegsFile)

EPwm6RegsFile 
*          1    00006940    00000022     UNINITIALIZED
                  00006940    00000022     DSP2833x_GlobalVariableDefs.obj (EPwm6RegsFile)

ECap1RegsFile 
*          1    00006a00    00000020     UNINITIALIZED
                  00006a00    00000020     DSP2833x_GlobalVariableDefs.obj (ECap1RegsFile)

ECap2RegsFile 
*          1    00006a20    00000020     UNINITIALIZED
                  00006a20    00000020     DSP2833x_GlobalVariableDefs.obj (ECap2RegsFile)

ECap3RegsFile 
*          1    00006a40    00000020     UNINITIALIZED
                  00006a40    00000020     DSP2833x_GlobalVariableDefs.obj (ECap3RegsFile)

ECap4RegsFile 
*          1    00006a60    00000020     UNINITIALIZED
                  00006a60    00000020     DSP2833x_GlobalVariableDefs.obj (ECap4RegsFile)

ECap5RegsFile 
*          1    00006a80    00000020     UNINITIALIZED
                  00006a80    00000020     DSP2833x_GlobalVariableDefs.obj (ECap5RegsFile)

ECap6RegsFile 
*          1    00006aa0    00000020     UNINITIALIZED
                  00006aa0    00000020     DSP2833x_GlobalVariableDefs.obj (ECap6RegsFile)

EQep1RegsFile 
*          1    00006b00    00000040     UNINITIALIZED
                  00006b00    00000040     DSP2833x_GlobalVariableDefs.obj (EQep1RegsFile)

EQep2RegsFile 
*          1    00006b40    00000040     UNINITIALIZED
                  00006b40    00000040     DSP2833x_GlobalVariableDefs.obj (EQep2RegsFile)

GpioCtrlRegsFile 
*          1    00006f80    0000002e     UNINITIALIZED
                  00006f80    0000002e     DSP2833x_GlobalVariableDefs.obj (GpioCtrlRegsFile)

GpioDataRegsFile 
*          1    00006fc0    00000020     UNINITIALIZED
                  00006fc0    00000020     DSP2833x_GlobalVariableDefs.obj (GpioDataRegsFile)

GpioIntRegsFile 
*          1    00006fe0    0000000a     UNINITIALIZED
                  00006fe0    0000000a     DSP2833x_GlobalVariableDefs.obj (GpioIntRegsFile)

SysCtrlRegsFile 
*          1    00007010    00000020     UNINITIALIZED
                  00007010    00000020     DSP2833x_GlobalVariableDefs.obj (SysCtrlRegsFile)

SpiaRegsFile 
*          1    00007040    00000010     UNINITIALIZED
                  00007040    00000010     DSP2833x_GlobalVariableDefs.obj (SpiaRegsFile)

SciaRegsFile 
*          1    00007050    00000010     UNINITIALIZED
                  00007050    00000010     DSP2833x_GlobalVariableDefs.obj (SciaRegsFile)

XIntruptRegsFile 
*          1    00007070    00000010     UNINITIALIZED
                  00007070    00000010     DSP2833x_GlobalVariableDefs.obj (XIntruptRegsFile)

AdcRegsFile 
*          1    00007100    0000001e     UNINITIALIZED
                  00007100    0000001e     DSP2833x_GlobalVariableDefs.obj (AdcRegsFile)

ScibRegsFile 
*          1    00007750    00000010     UNINITIALIZED
                  00007750    00000010     DSP2833x_GlobalVariableDefs.obj (ScibRegsFile)

ScicRegsFile 
*          1    00007770    00000010     UNINITIALIZED
                  00007770    00000010     DSP2833x_GlobalVariableDefs.obj (ScicRegsFile)

I2caRegsFile 
*          1    00007900    00000022     UNINITIALIZED
                  00007900    00000022     DSP2833x_GlobalVariableDefs.obj (I2caRegsFile)

CsmPwlFile 
*          1    0033fff8    00000008     UNINITIALIZED
                  0033fff8    00000008     DSP2833x_GlobalVariableDefs.obj (CsmPwlFile)

PartIdRegsFile 
*          1    00380090    00000001     UNINITIALIZED
                  00380090    00000001     DSP2833x_GlobalVariableDefs.obj (PartIdRegsFile)

.cinit     0    00008000    0000013f     
                  00008000    00000062     main_4th_CZT.obj (.cinit)
                  00008062    0000002a     DataInterfaceCZT.obj (.cinit)
                  0000808c    0000002a     rts2800_fpu32.lib : defs.c.obj (.cinit)
                  000080b6    00000029                       : write.c.obj (.cinit)
                  000080df    0000001b                       : dtor_list.c.obj (.cinit)
                  000080fa    0000000e                       : exit.c.obj (.cinit)
                  00008108    00000009     ThreadDataCZT.obj (.cinit)
                  00008111    00000008     FlexRay_handler.obj (.cinit)
                  00008119    00000005     rts2800_fpu32.lib : _lock.c.obj (.cinit:__lock)
                  0000811e    00000005                       : _lock.c.obj (.cinit:__unlock)
                  00008123    00000005                       : vars.c.obj (.cinit)
                  00008128    00000005                       : vec_newdel.c.obj (.cinit)
                  0000812d    00000004     PtThreadEx.obj (.cinit)
                  00008131    00000004     rts2800_fpu32.lib : fopen.c.obj (.cinit)
                  00008135    00000004                       : memory.c.obj (.cinit)
                  00008139    00000004                       : open.c.obj (.cinit)
                  0000813d    00000002     --HOLE-- [fill = 0]

.pinit     0    00008140    0000000a     
                  00008140    00000002     DataInterfaceCZT.obj (.pinit)
                  00008142    00000002     FlexRayInterface.obj (.pinit)
                  00008144    00000002     ThreadDataCZT.obj (.pinit)
                  00008146    00000002     main_4th_CZT.obj (.pinit)
                  00008148    00000002     --HOLE-- [fill = 0]

.stack     1    00000400    00000400     UNINITIALIZED
                  00000400    00000400     --HOLE--

.ebss      1    0000c000    00000696     UNINITIALIZED
                  0000c000    00000160     rts2800_fpu32.lib : defs.c.obj (.ebss)
                  0000c160    00000018     DSP2833x_CpuTimers.obj (.ebss)
                  0000c178    00000008     rts2800_fpu32.lib : hostopen.c.obj (.ebss)
                  0000c180    00000118     ThreadDataCZT.obj (.ebss)
                  0000c298    00000027     FlexRayInterface.obj (.ebss)
                  0000c2bf    00000001     PtThreadEx.obj (.ebss)
                  0000c2c0    00000100     rts2800_fpu32.lib : dtor_list.c.obj (.ebss)
                  0000c3c0    000000c8     Fr_UNIFIED.obj (.ebss)
                  0000c488    00000009     FlexRay_handler.obj (.ebss)
                  0000c491    00000001     rts2800_fpu32.lib : fopen.c.obj (.ebss)
                  0000c492    00000008                       : memory.c.obj (.ebss)
                  0000c49a    00000006                       : exit.c.obj (.ebss)
                  0000c4a0    00000002                       : _lock.c.obj (.ebss:__lock)
                  0000c4a2    00000002                       : _lock.c.obj (.ebss:__unlock)
                  0000c4a4    00000002                       : vars.c.obj (.ebss)
                  0000c4a6    00000002                       : vec_newdel.c.obj (.ebss)
                  0000c4a8    00000001                       : open.c.obj (.ebss)
                  0000c4a9    00000017     --HOLE--
                  0000c4c0    000000c0     main_4th_CZT.obj (.ebss)
                  0000c580    00000088     rts2800_fpu32.lib : write.c.obj (.ebss)
                  0000c608    00000038     --HOLE--
                  0000c640    00000056     DataInterfaceCZT.obj (.ebss)

.econst    1    0000d000    000002e8     
                  0000d000    0000013f     GpioConfig.obj (.econst:.string)
                  0000d13f    00000001     --HOLE-- [fill = 0]
                  0000d140    00000100     DSP2833x_PieVect.obj (.econst:_PieVectTableInit)
                  0000d240    00000038     Fr_UNIFIED_cfg_CZT.obj (.econst:_Fr_low_level_cfg_set_00)
                  0000d278    00000012     Fr_UNIFIED_cfg_CZT.obj (.econst:_Fr_HW_cfg_00)
                  0000d28a    0000000f     DataInterfaceCZT.obj (.econst:_$P$T3$1)
                  0000d299    0000000d     Fr_UNIFIED_cfg_CZT.obj (.econst:_Fr_tx_buffer_Frame_CZT_10ms_cfg)
                  0000d2a6    0000000c     Fr_UNIFIED_cfg_CZT.obj (.econst:_Fr_buffer_cfg_00)
                  0000d2b2    00000008     Fr_UNIFIED_cfg_CZT.obj (.econst:_Fr_rx_shadow_cfg)
                  0000d2ba    00000008     PtThreadEx.obj (.econst:___vtbl__10PtThreadEx)
                  0000d2c2    00000008     AT93C56.obj (.econst:___vtbl__11AT93C56_SPI)
                  0000d2ca    00000008     UnlockFifoBuffer.obj (.econst:___vtbl__16UnlockFifoBuffer)
                  0000d2d2    00000008     CSerialPortDataAnalyzer.obj (.econst:___vtbl__18FrameAnalyzer_Auto)
                  0000d2da    00000008     CSerialPortDataAnalyzer.obj (.econst:___vtbl__23CSerialPortDataAnalyzer)
                  0000d2e2    00000003     Fr_UNIFIED_cfg_CZT.obj (.econst:.string:_Fr_buffer_cfg_set_00)
                  0000d2e5    00000001     --HOLE-- [fill = 0]
                  0000d2e6    00000002     rts2800_fpu32.lib : fputs.c.obj (.econst:.string)

.esysmem   1    0000e000    00000400     UNINITIALIZED
                  0000e000    00000001     rts2800_fpu32.lib : memory.c.obj (.esysmem)
                  0000e001    000003ff     --HOLE--

.cio       1    0000f000    00000120     UNINITIALIZED
                  0000f000    00000120     rts2800_fpu32.lib : trgmsg.c.obj (.cio)

.reset     0    003fffc0    00000002     DSECT
                  003fffc0    00000002     rts2800_fpu32.lib : boot28.asm.obj (.reset)

csm_rsvd   0    0033ff80    00000000     DSECT

csmpasswds 
*          0    0033fff8    00000000     DSECT

.adc_cal   0    00380080    00000007     NOLOAD SECTION
                  00380080    00000007     DSP2833x_ADC_cal.obj (.adc_cal)

MODULE SUMMARY

       Module                            code    initialized data   uninitialized data
       ------                            ----    ----------------   ------------------
    .\
       FlexRayInterface.obj              101     2                  39                
    +--+---------------------------------+-------+------------------+--------------------+
       Total:                            101     2                  39                
                                                                                      
    .\CZT\
       main_4th_CZT.obj                  2040    100                192               
       DataInterfaceCZT.obj              1280    59                 86                
       InterruptsCZT.obj                 324     0                  0                 
       ThreadDataCZT.obj                 30      11                 280               
       Fr_UNIFIED_cfg_CZT.obj            0       110                0                 
    +--+---------------------------------+-------+------------------+--------------------+
       Total:                            3674    280                558               
                                                                                      
    .\TS\
       DSP2833x_SysCtrl.obj              248     0                  0                 
       DSP2833x_CodeStartBranch.obj      10      0                  0                 
       DSP2833x_usDelay.obj              4       0                  0                 
    +--+---------------------------------+-------+------------------+--------------------+
       Total:                            262     0                  0                 
                                                                                      
    .\pt-1.4\
       PtThreadEx.obj                    303     12                 1                 
    +--+---------------------------------+-------+------------------+--------------------+
       Total:                            303     12                 1                 
                                                                                      
    .\source\
       Fr_UNIFIED.obj                    3374    0                  200               
       GpioConfig.obj                    550     319                0                 
       CSerialPortDataAnalyzer.obj       575     16                 0                 
       SerialPortConfig.obj              438     0                  0                 
       UnlockFifoBuffer.obj              344     8                  0                 
       AT93C56.obj                       296     8                  0                 
       FlexRay_handler.obj               136     8                  9                 
    +--+---------------------------------+-------+------------------+--------------------+
       Total:                            5713    359                209               
                                                                                      
    .\ti\c2000\C2000Ware_1_00_03_00\device_support\f2833x\common\source\
       DSP2833x_DefaultIsr.obj           790     0                  0                 
       DSP2833x_PieVect.obj              17      256                0                 
       DSP2833x_CpuTimers.obj            84      0                  24                
       DSP2833x_PieCtrl.obj              40      0                  0                 
       DSP2833x_ADC_cal.obj              7       0                  0                 
    +--+---------------------------------+-------+------------------+--------------------+
       Total:                            938     256                24                
                                                                                      
    .\ti\c2000\C2000Ware_1_00_03_00\device_support\f2833x\headers\source\
       DSP2833x_GlobalVariableDefs.obj   0       0                  2679              
    +--+---------------------------------+-------+------------------+--------------------+
       Total:                            0       0                  2679              
                                                                                      
    C:\ti\ccsv8\tools\compiler\ti-cgt-c2000_18.1.2.LTS\lib\rts2800_fpu32.lib
       vec_newdel.c.obj                  512     5                  2                 
       memory.c.obj                      466     4                  8                 
       trgmsg.c.obj                      148     0                  288               
       defs.c.obj                        0       42                 352               
       dtor_list.c.obj                   103     27                 256               
       fopen.c.obj                       249     4                  1                 
       write.c.obj                       25      41                 136               
       fputs.c.obj                       176     2                  0                 
       setvbuf.c.obj                     137     0                  0                 
       fs_div28.asm.obj                  136     0                  0                 
       open.c.obj                        113     4                  1                 
       fflush.c.obj                      115     0                  0                 
       _io_perm.c.obj                    103     0                  0                 
       hostlseek.c.obj                   97      0                  0                 
       fclose.c.obj                      95      0                  0                 
       boot28.asm.obj                    86      0                  0                 
       getdevice.c.obj                   81      0                  0                 
       hostopen.c.obj                    64      0                  8                 
       hostread.c.obj                    63      0                  0                 
       hostrename.c.obj                  62      0                  0                 
       exit.c.obj                        41      14                 6                 
       fseek.c.obj                       61      0                  0                 
       hostwrite.c.obj                   56      0                  0                 
       close.c.obj                       51      0                  0                 
       hostclose.c.obj                   41      0                  0                 
       cpy_tbl.c.obj                     36      0                  0                 
       hostunlink.c.obj                  36      0                  0                 
       new.c.obj                         32      0                  0                 
       memcpy.c.obj                      30      0                  0                 
       strncpy.c.obj                     30      0                  0                 
       args_main.c.obj                   25      0                  0                 
       unlink.c.obj                      25      0                  0                 
       lseek.c.obj                       24      0                  0                 
       _lock.c.obj                       9       10                 4                 
       memchr.c.obj                      16      0                  0                 
       assert.c.obj                      13      0                  0                 
       memset.c.obj                      12      0                  0                 
       strchr.c.obj                      12      0                  0                 
       strcmp.c.obj                      10      0                  0                 
       strlen.c.obj                      8       0                  0                 
       vars.c.obj                        0       5                  2                 
       delete.c.obj                      5       0                  0                 
       strcpy.c.obj                      5       0                  0                 
       memzero.c.obj                     4       0                  0                 
       array_del.c.obj                   3       0                  0                 
       array_new.c.obj                   3       0                  0                 
       error.c.obj                       3       0                  0                 
       remove.c.obj                      3       0                  0                 
       pre_init.c.obj                    2       0                  0                 
       newhandler.c.obj                  1       0                  0                 
       startup.c.obj                     1       0                  0                 
    +--+---------------------------------+-------+------------------+--------------------+
       Total:                            3429    158                1064              
                                                                                      
       Heap:                             0       0                  1024              
       Stack:                            0       0                  1024              
    +--+---------------------------------+-------+------------------+--------------------+
       Grand Total:                      14420   1067               6622              


GLOBAL DATA SYMBOLS: SORTED BY DATA PAGE

address     data page           name
--------    ----------------    ----
00000400      10 (00000400)     __stack

00000880      22 (00000880)     _DevEmuRegs

00000a80      2a (00000a80)     _FlashRegs

00000ae0      2b (00000ac0)     _CsmRegs

00000b00      2c (00000b00)     _AdcMirror
00000b20      2c (00000b00)     _XintfRegs

00000c00      30 (00000c00)     _CpuTimer0Regs
00000c08      30 (00000c00)     _CpuTimer1Regs
00000c10      30 (00000c00)     _CpuTimer2Regs

00000ce0      33 (00000cc0)     _PieCtrlRegs

00000d00      34 (00000d00)     _PieVectTable

00001000      40 (00001000)     _DmaRegs

00005000     140 (00005000)     _McbspaRegs

00005040     141 (00005040)     _McbspbRegs

00006000     180 (00006000)     _ECanaRegs

00006040     181 (00006040)     _ECanaLAMRegs

00006080     182 (00006080)     _ECanaMOTSRegs

000060c0     183 (000060c0)     _ECanaMOTORegs

00006100     184 (00006100)     _ECanaMboxes

00006200     188 (00006200)     _ECanbRegs

00006240     189 (00006240)     _ECanbLAMRegs

00006280     18a (00006280)     _ECanbMOTSRegs

000062c0     18b (000062c0)     _ECanbMOTORegs

00006300     18c (00006300)     _ECanbMboxes

00006800     1a0 (00006800)     _EPwm1Regs

00006840     1a1 (00006840)     _EPwm2Regs

00006880     1a2 (00006880)     _EPwm3Regs

000068c0     1a3 (000068c0)     _EPwm4Regs

00006900     1a4 (00006900)     _EPwm5Regs

00006940     1a5 (00006940)     _EPwm6Regs

00006a00     1a8 (00006a00)     _ECap1Regs
00006a20     1a8 (00006a00)     _ECap2Regs

00006a40     1a9 (00006a40)     _ECap3Regs
00006a60     1a9 (00006a40)     _ECap4Regs

00006a80     1aa (00006a80)     _ECap5Regs
00006aa0     1aa (00006a80)     _ECap6Regs

00006b00     1ac (00006b00)     _EQep1Regs

00006b40     1ad (00006b40)     _EQep2Regs

00006f80     1be (00006f80)     _GpioCtrlRegs

00006fc0     1bf (00006fc0)     _GpioDataRegs
00006fe0     1bf (00006fc0)     _GpioIntRegs

00007010     1c0 (00007000)     _SysCtrlRegs

00007040     1c1 (00007040)     _SpiaRegs
00007050     1c1 (00007040)     _SciaRegs
00007070     1c1 (00007040)     _XIntruptRegs

00007100     1c4 (00007100)     _AdcRegs

00007750     1dd (00007740)     _ScibRegs
00007770     1dd (00007740)     _ScicRegs

00007900     1e4 (00007900)     _I2caRegs

0000c000     300 (0000c000)     ___TI_ft_end

0000c040     301 (0000c040)     __ftable

0000c0c0     303 (0000c0c0)     ___TI_tmpnams

0000c160     305 (0000c140)     _CpuTimer1
0000c168     305 (0000c140)     _CpuTimer2
0000c170     305 (0000c140)     _CpuTimer0
0000c178     305 (0000c140)     _parmbuf

0000c1c0     307 (0000c1c0)     _ThreadQ

0000c298     30a (0000c280)     _FrTxData_GG_Slot12
0000c2a5     30a (0000c280)     _FrTxData_CZT_Slot31
0000c2b2     30a (0000c280)     _FrTxData_GG_Slot02

0000c2c0     30b (0000c2c0)     ___atexit_func_id__
0000c2c2     30b (0000c2c0)     ___dummy_variable_used_to_force_definition_of__link

0000c3c0     30f (0000c3c0)     _DSP2_FLEX_AB
0000c3ca     30f (0000c3c0)     _Fr_CC_reg_32_ptr
0000c3cc     30f (0000c3c0)     _Fr_CC_reg_ptr

0000c488     312 (0000c480)     _return_value
0000c489     312 (0000c480)     _protocol_state
0000c48a     312 (0000c480)     _rx_return_value
0000c48b     312 (0000c480)     _rx_data_length
0000c48c     312 (0000c480)     _rx_status_slot
0000c48d     312 (0000c480)     _tx_status
0000c48e     312 (0000c480)     _wakeup_status
0000c48f     312 (0000c480)     _tx_return_value
0000c490     312 (0000c480)     _rx_status
0000c49a     312 (0000c480)     ___TI_enable_exit_profile_output
0000c49c     312 (0000c480)     ___TI_cleanup_ptr
0000c49e     312 (0000c480)     ___TI_dtors_ptr
0000c4a0     312 (0000c480)     __lock
0000c4a2     312 (0000c480)     __unlock
0000c4a4     312 (0000c480)     __new_handler
0000c4a6     312 (0000c480)     ___array_new_prefix_size

0000c4c0     313 (0000c4c0)     _right_cnt_SciFrame_B
0000c4c1     313 (0000c4c0)     _error_cnt_SciFrame_A
0000c4c2     313 (0000c4c0)     _FR_RET
0000c4c3     313 (0000c4c0)     _right_cnt_SciFrame_A
0000c4c4     313 (0000c4c0)     _error_cnt_SciFrame_B
0000c4c5     313 (0000c4c0)     _TestSci_A
0000c4c8     313 (0000c4c0)     _TestSci_B
0000c4e4     313 (0000c4c0)     _FifoBuffer_Sci_A
0000c4ec     313 (0000c4c0)     _FifoBuffer_Sci_B

0000c512     314 (0000c500)     _PERIOD_MS_Q

0000c540     315 (0000c540)     _GetPkg_Sci_A
0000c560     315 (0000c540)     _GetPkg_Sci_B

0000c580     316 (0000c580)     __stream

0000c5c0     317 (0000c5c0)     __device

0000c648     319 (0000c640)     _CztMp_Ver_
0000c64b     319 (0000c640)     _CztMp_Hor_
0000c65a     319 (0000c640)     _CztData_
0000c668     319 (0000c640)     _Czt93C56_

0000c680     31a (0000c680)     _CztBtnSw_

0000d140     345 (0000d140)     _PieVectTableInit

0000d240     349 (0000d240)     _Fr_low_level_cfg_set_00
0000d278     349 (0000d240)     _Fr_HW_cfg_00

0000d299     34a (0000d280)     _Fr_tx_buffer_Frame_CZT_10ms_cfg
0000d2a6     34a (0000d280)     _Fr_buffer_cfg_00
0000d2b2     34a (0000d280)     _Fr_rx_shadow_cfg
0000d2ba     34a (0000d280)     ___vtbl__10PtThreadEx

0000d2c2     34b (0000d2c0)     ___vtbl__11AT93C56_SPI
0000d2ca     34b (0000d2c0)     ___vtbl__16UnlockFifoBuffer
0000d2d2     34b (0000d2c0)     ___vtbl__18FrameAnalyzer_Auto
0000d2da     34b (0000d2c0)     ___vtbl__23CSerialPortDataAnalyzer
0000d2e2     34b (0000d2c0)     _Fr_buffer_cfg_set_00

0000e000     380 (0000e000)     __sys_memory

0000f000     3c0 (0000f000)     __CIOBUF_

0033fff8    cfff (0033ffc0)     _CsmPwl

00380090    e002 (00380080)     _PartIdRegs


GLOBAL SYMBOLS: SORTED ALPHABETICALLY BY Name 

page  address   name                                                                  
----  -------   ----                                                                  
0     00008200  .text                                                                 
0     0000b822  C$$EXIT                                                               
0     0000b111  C$$IO$$                                                               
0     0000b263  FS$$DIV                                                               
0     00009f32  _ADCINT_ISR                                                           
0     00380080  _ADC_cal                                                              
1     00000b00  _AdcMirror                                                            
1     00007100  _AdcRegs                                                              
0     000097a7  _BtnIOSampling__10IoCztBtnSwFPVUl                                     
0     0000a077  _CalculateCheckSum__23CSerialPortDataAnalyzerFv                       
0     0000a0aa  _CalculateSum__23CSerialPortDataAnalyzerFv                            
0     000099e0  _Code2AimSignal_H__11CztDataBaseFi                                    
0     00009a6b  _Code2AimSignal_V__11CztDataBaseFi                                    
0     0000b64b  _ConfigCpuTimer                                                       
0     0000aa4c  _Copy__16UnlockFifoBufferFPUiUi                                       
1     0000c170  _CpuTimer0                                                            
1     00000c00  _CpuTimer0Regs                                                        
1     0000c160  _CpuTimer1                                                            
1     00000c08  _CpuTimer1Regs                                                        
1     0000c168  _CpuTimer2                                                            
1     00000c10  _CpuTimer2Regs                                                        
0     0000ac2c  _CreateTask__10PtThreadExFPFP2pt_iUl6_STATEPFv_v                      
1     0033fff8  _CsmPwl                                                               
1     00000ae0  _CsmRegs                                                              
0     0000afdc  _CsmUnlock                                                            
1     0000c668  _Czt93C56_                                                            
1     0000c680  _CztBtnSw_                                                            
1     0000c65a  _CztData_                                                             
1     0000c64b  _CztMp_Hor_                                                           
1     0000c648  _CztMp_Ver_                                                           
0     00009f28  _DATALOG_ISR                                                          
0     00009f1e  _DINTCH1_ISR                                                          
0     00009f14  _DINTCH2_ISR                                                          
0     00009f0a  _DINTCH3_ISR                                                          
0     00009f00  _DINTCH4_ISR                                                          
0     00009ef6  _DINTCH5_ISR                                                          
0     00009eec  _DINTCH6_ISR                                                          
0     0000814a  _DSP28x_usDelay                                                       
1     0000c3c0  _DSP2_FLEX_AB                                                         
0     0000988d  _DebounceEx__10IoCztBtnSwFUl                                          
0     00009822  _Debounce__10IoCztBtnSwFv                                             
0     0000aa41  _Delete__16UnlockFifoBufferFUi                                        
1     00000880  _DevEmuRegs                                                           
0     0000af28  _DisableDog                                                           
1     00001000  _DmaRegs                                                              
0     00009ee2  _ECAN0INTA_ISR                                                        
0     00009ed8  _ECAN0INTB_ISR                                                        
0     00009ece  _ECAN1INTA_ISR                                                        
0     00009ec4  _ECAN1INTB_ISR                                                        
0     00009eba  _ECAP1_INT_ISR                                                        
0     00009eb0  _ECAP2_INT_ISR                                                        
0     00009ea6  _ECAP3_INT_ISR                                                        
0     00009e9c  _ECAP4_INT_ISR                                                        
0     00009e92  _ECAP5_INT_ISR                                                        
0     00009e88  _ECAP6_INT_ISR                                                        
1     00006040  _ECanaLAMRegs                                                         
1     000060c0  _ECanaMOTORegs                                                        
1     00006080  _ECanaMOTSRegs                                                        
1     00006100  _ECanaMboxes                                                          
1     00006000  _ECanaRegs                                                            
1     00006240  _ECanbLAMRegs                                                         
1     000062c0  _ECanbMOTORegs                                                        
1     00006280  _ECanbMOTSRegs                                                        
1     00006300  _ECanbMboxes                                                          
1     00006200  _ECanbRegs                                                            
1     00006a00  _ECap1Regs                                                            
1     00006a20  _ECap2Regs                                                            
1     00006a40  _ECap3Regs                                                            
1     00006a60  _ECap4Regs                                                            
1     00006a80  _ECap5Regs                                                            
1     00006aa0  _ECap6Regs                                                            
0     00009e7e  _EMUINT_ISR                                                           
0     00009e74  _EPWM1_INT_ISR                                                        
0     00009e6a  _EPWM1_TZINT_ISR                                                      
0     00009e60  _EPWM2_INT_ISR                                                        
0     00009e56  _EPWM2_TZINT_ISR                                                      
0     00009e4c  _EPWM3_INT_ISR                                                        
0     00009e42  _EPWM3_TZINT_ISR                                                      
0     00009e38  _EPWM4_INT_ISR                                                        
0     00009e2e  _EPWM4_TZINT_ISR                                                      
0     00009e24  _EPWM5_INT_ISR                                                        
0     00009e1a  _EPWM5_TZINT_ISR                                                      
0     00009e10  _EPWM6_INT_ISR                                                        
0     00009e06  _EPWM6_TZINT_ISR                                                      
1     00006800  _EPwm1Regs                                                            
1     00006840  _EPwm2Regs                                                            
1     00006880  _EPwm3Regs                                                            
1     000068c0  _EPwm4Regs                                                            
1     00006900  _EPwm5Regs                                                            
1     00006940  _EPwm6Regs                                                            
0     00009dfc  _EQEP1_INT_ISR                                                        
0     00009df2  _EQEP2_INT_ISR                                                        
1     00006b00  _EQep1Regs                                                            
1     00006b40  _EQep2Regs                                                            
0     0000ae13  _ERAL__11AT93C56_SPIFv                                                
0     0000ae0a  _ERASE__11AT93C56_SPIFUi                                              
0     0000ae01  _EWDS__11AT93C56_SPIFv                                                
0     0000adf8  _EWEN__11AT93C56_SPIFv                                                
0     0000b893  _EnableInterrupts                                                     
1     0000c4c2  _FR_RET                                                               
1     0000c4e4  _FifoBuffer_Sci_A                                                     
1     0000c4ec  _FifoBuffer_Sci_B                                                     
0     0000a050  _FlagMatch__23CSerialPortDataAnalyzerFP16UnlockFifoBuffer             
1     00000a80  _FlashRegs                                                            
1     0000c2a5  _FrTxData_CZT_Slot31                                                  
1     0000c2b2  _FrTxData_GG_Slot02                                                   
1     0000c298  _FrTxData_GG_Slot12                                                   
1     0000c3ca  _Fr_CC_reg_32_ptr                                                     
1     0000c3cc  _Fr_CC_reg_ptr                                                        
1     0000d278  _Fr_HW_cfg_00                                                         
1     0000d2a6  _Fr_buffer_cfg_00                                                     
1     0000d2e2  _Fr_buffer_cfg_set_00                                                 
0     000089ee  _Fr_buffers_init                                                      
0     000089dd  _Fr_check_cycle_start                                                 
0     000089c1  _Fr_check_rx_status                                                   
0     00008978  _Fr_check_tx_status                                                   
0     0000894b  _Fr_enable_interrupts                                                 
0     000088fc  _Fr_get_POC_state                                                     
0     000088f0  _Fr_get_global_time                                                   
0     000088c5  _Fr_get_wakeup_state                                                  
0     0000884a  _Fr_init                                                              
0     000085e8  _Fr_interrupt_handler                                                 
0     000085b8  _Fr_leave_configuration_mode                                          
1     0000d240  _Fr_low_level_cfg_set_00                                              
0     0000853e  _Fr_receive_data                                                      
1     0000d2b2  _Fr_rx_shadow_cfg                                                     
0     00008516  _Fr_send_wakeup                                                       
0     000082d2  _Fr_set_configuration                                                 
0     00008296  _Fr_start_communication                                               
0     00008281  _Fr_start_timer                                                       
0     0000826c  _Fr_stop_timer                                                        
0     00008200  _Fr_transmit_data                                                     
1     0000d299  _Fr_tx_buffer_Frame_CZT_10ms_cfg                                      
1     0000c540  _GetPkg_Sci_A                                                         
1     0000c560  _GetPkg_Sci_B                                                         
0     0000aa0c  _Get__16UnlockFifoBufferFPUiUi                                        
1     00006f80  _GpioCtrlRegs                                                         
1     00006fc0  _GpioDataRegs                                                         
1     00006fe0  _GpioIntRegs                                                          
0     0000b84b  _HOSTclose                                                            
0     0000b502  _HOSTlseek                                                            
0     0000b6bd  _HOSTopen                                                             
0     0000b6fd  _HOSTread                                                             
0     0000b73c  _HOSTrename                                                           
0     0000b8c0  _HOSTunlink                                                           
0     0000b7b7  _HOSTwrite                                                            
0     0000a031  _HeadShoot__23CSerialPortDataAnalyzerFP16UnlockFifoBuffer             
0     00009de8  _I2CINT1A_ISR                                                         
0     00009dde  _I2CINT2A_ISR                                                         
1     00007900  _I2caRegs                                                             
0     00009dd4  _ILLEGAL_ISR                                                          
0     00009dca  _INT13_ISR                                                            
0     00009dc0  _INT14_ISR                                                            
0     0000b618  _InitCpuTimers                                                        
0     00009778  _InitData__8SciCztMpFv                                                
0     00009949  _InitEEPROM__11SpiCzt93C56Fv                                          
0     0000a25a  _InitGpio_Default                                                     
0     000095e0  _InitGpio_FrBus__Fv                                                   
0     00009694  _InitGpio_IO__Fv                                                      
0     0000a8dd  _InitGpio_SCI_A                                                       
0     0000a861  _InitGpio_SCI_B                                                       
0     0000a844  _InitGpio_SCI_C                                                       
0     0000adba  _InitGpio_Spi_A__11AT93C56_SPIFv                                      
0     00009685  _InitGpio_Used__Fv                                                    
0     0000af81  _InitPeripheralClocks                                                 
0     0000b874  _InitPieCtrl                                                          
0     0000b9c1  _InitPieVectTable                                                     
0     0000af30  _InitPll                                                              
0     0000af15  _InitSysCtrl                                                          
0     00009638  _Init_Xintf_FrBus__Fv                                                 
0     000097d7  _Init__10IoCztBtnSwFUi                                                
0     0000adf1  _Init__11AT93C56_SPIFv                                                
0     0000a9fd  _Initialize__16UnlockFifoBufferFv                                     
0     0000999c  _IsWriteZeroRight_MPvsROM_H__11CztDataBaseFUi                         
0     000099be  _IsWriteZeroRight_MPvsROM_V__11CztDataBaseFUi                         
0     00009db6  _LUF_ISR                                                              
0     00009dac  _LVF_ISR                                                              
0     00009da2  _MRINTA_ISR                                                           
0     00009d98  _MRINTB_ISR                                                           
0     00009d8e  _MXINTA_ISR                                                           
0     00009d84  _MXINTB_ISR                                                           
0     00009af6  _MakeFrWord_IO__11CztDataBaseFP10IoCztBtnSw                           
1     00005000  _McbspaRegs                                                           
1     00005040  _McbspbRegs                                                           
0     00009d7a  _NMI_ISR                                                              
1     0000c512  _PERIOD_MS_Q                                                          
0     00009d70  _PIE_RESERVED                                                         
1     00380090  _PartIdRegs                                                           
1     00000ce0  _PieCtrlRegs                                                          
1     00000d00  _PieVectTable                                                         
1     0000d140  _PieVectTableInit                                                     
0     0000a9cb  _Put__16UnlockFifoBufferFPCUiUi                                       
0     0000ad9e  _READ__11AT93C56_SPIFUi                                               
0     00009d66  _RTOSINT_ISR                                                          
0     00009d5c  _SCIRXINTA_ISR                                                        
0     00009d52  _SCIRXINTB_ISR                                                        
0     00009d48  _SCIRXINTC_ISR                                                        
0     00009d3e  _SCITXINTA_ISR                                                        
0     00009d34  _SCITXINTB_ISR                                                        
0     00009d2a  _SCITXINTC_ISR                                                        
0     00009d20  _SEQ1INT_ISR                                                          
0     00009d16  _SEQ2INT_ISR                                                          
0     0000ac97  _SLEEP_MS__10PtThreadExFUi                                            
0     0000ac64  _SLEEP_US__10PtThreadExFUi                                            
0     00009d0c  _SPIRXINTA_ISR                                                        
0     00009d02  _SPITXINTA_ISR                                                        
0     0000ac5a  _Schedule__10PtThreadExFv                                             
1     00007050  _SciaRegs                                                             
1     00007750  _ScibRegs                                                             
1     00007770  _ScicRegs                                                             
0     0000af1e  _ServiceDog                                                           
0     0000a9c9  _SetSize__16UnlockFifoBufferFi                                        
0     0000acde  _SleeperRemarks_MS__10PtThreadExFv                                    
0     0000acbf  _SleeperRemarks_US__10PtThreadExFv                                    
1     00007040  _SpiaRegs                                                             
1     00007010  _SysCtrlRegs                                                          
0     0000ad6a  _TCS__11AT93C56_SPIFv                                                 
0     00009cf8  _TINT0_ISR                                                            
0     0000a0de  _TailHold__23CSerialPortDataAnalyzerFP16UnlockFifoBuffer              
1     0000c4c5  _TestSci_A                                                            
1     0000c4c8  _TestSci_B                                                            
1     0000c1c0  _ThreadQ                                                              
0     0000ac45  _TimerRemarks__10PtThreadExFv                                         
0     00009cee  _USER10_ISR                                                           
0     00009ce4  _USER11_ISR                                                           
0     00009cda  _USER12_ISR                                                           
0     00009cd0  _USER1_ISR                                                            
0     00009cc6  _USER2_ISR                                                            
0     00009cbc  _USER3_ISR                                                            
0     00009cb2  _USER4_ISR                                                            
0     00009ca8  _USER5_ISR                                                            
0     00009c9e  _USER6_ISR                                                            
0     00009c94  _USER7_ISR                                                            
0     00009c8a  _USER8_ISR                                                            
0     00009c80  _USER9_ISR                                                            
0     0000a14c  _UnpackageFrames_Auto__18FrameAnalyzer_AutoFPUiUi                     
0     0000a131  _Unpackage__23CSerialPortDataAnalyzerFP16UnlockFifoBuffer             
0     00009c76  _WAKEINT_ISR                                                          
0     0000ad95  _WRAL__11AT93C56_SPIFv                                                
0     0000ad87  _WRITE__11AT93C56_SPIFUiT1                                            
0     0000ad45  _WriteOPCodeAddr__11AT93C56_SPIFUiN21                                 
0     0000994f  _WriteZeroCode_X__11SpiCzt93C56FQ2_11SpiCzt93C569ENCODER_XUi          
0     00009c6c  _XINT1_ISR                                                            
0     00009c62  _XINT2_ISR                                                            
0     00009c58  _XINT3_ISR                                                            
0     00009c4e  _XINT4_ISR                                                            
0     00009c44  _XINT5_ISR                                                            
0     00009c3a  _XINT6_ISR                                                            
0     00009c30  _XINT7_ISR                                                            
1     00007070  _XIntruptRegs                                                         
1     00000b20  _XintfRegs                                                            
1     0000f000  __CIOBUF_                                                             
1     00000800  __STACK_END                                                           
abs   00000400  __STACK_SIZE                                                          
abs   00000400  __SYSMEM_SIZE                                                         
0     0000b43a  ___CPR78____record_destruction_on_list__FPP20a_needed_destructionPJ33J
0     0000ae94  ___TI_cleanup                                                         
1     0000c49c  ___TI_cleanup_ptr                                                     
0     0000b563  ___TI_closefile                                                       
0     0000b2eb  ___TI_doflush                                                         
1     0000c49e  ___TI_dtors_ptr                                                       
1     0000c49a  ___TI_enable_exit_profile_output                                      
1     0000c000  ___TI_ft_end                                                          
abs   ffffffff  ___TI_pprof_out_hndl                                                  
abs   ffffffff  ___TI_prof_data_size                                                  
abs   ffffffff  ___TI_prof_data_start                                                 
0     0000b40a  ___TI_rd_ok                                                           
0     0000b116  ___TI_readmsg                                                         
1     0000c0c0  ___TI_tmpnams                                                         
0     0000b0be  ___TI_writemsg                                                        
0     0000b3cf  ___TI_wrt_ok                                                          
0     0000ba3e  ___abort_execution                                                    
0     0000a582  ___acctor_eh                                                          
0     0000b461  ___add_dtor                                                           
0     0000a568  ___adelete                                                            
0     0000b436  ___already_marked_for_destruction                                     
0     0000a54c  ___anew                                                               
0     0000a52e  ___anew_eh                                                            
1     0000c4a6  ___array_new_prefix_size                                              
0     0000a515  ___array_new_zero                                                     
1     0000c2c0  ___atexit_func_id__                                                   
abs   ffffffff  ___binit__                                                            
abs   ffffffff  ___c_args__                                                           
0     0000a4fa  ___cadelete                                                           
0     0000a46b  ___canew                                                              
0     00008000  ___cinit__                                                            
0     00009781  ___ct__10IoCztBtnSwFv                                                 
0     0000abe6  ___ct__10PtThreadExFv                                                 
0     0000ad25  ___ct__11AT93C56_SPIFPVUiN31                                          
0     0000996a  ___ct__11CztDataBaseFv                                                
0     00009926  ___ct__11SpiCzt93C56Fv                                                
0     0000b49d  ___ct__13FlexRayTxDataFUcT1                                           
0     0000a9a6  ___ct__16UnlockFifoBufferFi                                           
0     0000a997  ___ct__16UnlockFifoBufferFv                                           
0     00009fb3  ___ct__18FrameAnalyzer_AutoFUiN71                                     
0     00009f5a  ___ct__23CSerialPortDataAnalyzerFUiN71                                
0     00009766  ___ct__8SciCztMpFv                                                    
0     0000b0bd  ___default_new_handler__Fv                                            
0     0000ba2a  ___dl__FPv                                                            
0     0000ba38  ___dla__FPv                                                           
0     00009795  ___dt__10IoCztBtnSwFv                                                 
0     0000ac21  ___dt__10PtThreadExFv                                                 
0     0000ad1d  ___dt__11AT93C56_SPIFv                                                
0     0000a980  ___dt__16UnlockFifoBufferFv                                           
0     00009f44  ___dt__18FrameAnalyzer_AutoFv                                         
0     00009f3c  ___dt__23CSerialPortDataAnalyzerFv                                    
1     0000c2c2  ___dummy_variable_used_to_force_definition_of__link                   
0     0000ba47  ___etext__                                                            
0     0000ba34  ___memzero                                                            
0     0000b8e4  ___nw__FUl                                                            
0     0000ba3b  ___nwa__FUl                                                           
0     0000a454  ___pcanew                                                             
0     00008140  ___pinit__                                                            
0     0000a43c  ___placement_array_new_zero                                           
0     0000b445  ___process_destruction_list__FPP20a_needed_destruction                
0     0000b459  ___process_needed_destructions__Fv                                    
0     0000b461  ___record_needed_destruction                                          
0     0000b459  ___std__needed_destruction_list                                       
0     000096e5  ___sti___16_main_4th_CZT_cpp_80cb9f9e                                 
0     0000b904  ___sti___17_ThreadDataCZT_cpp_ThreadQ                                 
0     00009c09  ___sti___20_DataInterfaceCZT_cpp_b4dbe848                             
0     0000b4ef  ___sti___20_FlexRayInterface_cpp_7e640688                             
0     00008200  ___text__                                                             
0     0000a41d  ___vec_new_eh_zero                                                    
1     0000d2ba  ___vtbl__10PtThreadEx                                                 
1     0000d2c2  ___vtbl__11AT93C56_SPI                                                
1     0000d2ca  ___vtbl__16UnlockFifoBuffer                                           
1     0000d2d2  ___vtbl__18FrameAnalyzer_Auto                                         
1     0000d2da  ___vtbl__23CSerialPortDataAnalyzer                                    
0     0000b9e2  __abort_msg                                                           
0     0000b95e  __args_main                                                           
0     0000a3a1  __array_pointer_not_from_vec_new                                      
1     0000c5c0  __device                                                              
1     0000c040  __ftable                                                              
1     0000c4a0  __lock                                                                
1     0000c4a4  __new_handler                                                         
0     0000ba19  __nop                                                                 
0     0000ba15  __register_lock                                                       
0     0000ba11  __register_unlock                                                     
1     00000400  __stack                                                               
1     0000c580  __stream                                                              
1     0000e000  __sys_memory                                                          
0     0000ba46  __system_post_cinit                                                   
0     0000ba44  __system_pre_init                                                     
1     0000c4a2  __unlock                                                              
0     0000b822  _abort                                                                
0     0000b477  _atexit                                                               
0     0000955d  _attachInterrupts__Fv                                                 
0     0000b5c2  _c_int00                                                              
0     0000a75c  _calloc                                                               
0     0000a75a  _chkheap                                                              
0     0000b7ef  _close                                                                
0     0000b89c  _copy_in                                                              
0     0000aa81  _cpu_timer1_isr__Fv                                                   
0     0000aac6  _cpu_timer2_isr__Fv                                                   
0     0000a230  _digitalRead                                                          
0     0000a1e8  _digitalWrite                                                         
0     0000904c  _error__Fv                                                            
1     0000c4c1  _error_cnt_SciFrame_A                                                 
1     0000c4c4  _error_cnt_SciFrame_B                                                 
0     0000b824  _exit                                                                 
0     0000b5a7  _fclose                                                               
0     0000b31a  _fflush                                                               
0     0000b66c  _finddevice                                                           
0     0000aecf  _fopen                                                                
0     0000b00d  _fputs                                                                
0     0000a5a1  _free                                                                 
0     0000a73c  _free_memory                                                          
0     0000aeb1  _freopen                                                              
0     0000b77a  _fseek                                                                
0     0000a77f  _getParity                                                            
0     0000a78c  _getSciPrd                                                            
0     0000b688  _getdevice                                                            
0     00009571  _initData__Fv                                                         
0     000095ac  _initInterrupts__Fv                                                   
0     0000b9a9  _lseek                                                                
0     00008fcf  _main                                                                 
0     0000a60a  _malloc                                                               
0     0000a71a  _max_free                                                             
0     0000b9d2  _memchr                                                               
0     0000b922  _memcpy                                                               
0     0000b9ef  _memset                                                               
0     0000a5e5  _minit                                                                
0     0000b35e  _open                                                                 
1     0000c178  _parmbuf                                                              
0     0000a17b  _pinMode                                                              
1     0000c489  _protocol_state                                                       
0     0000b0aa  _puts                                                                 
0     0000a668  _realloc                                                              
0     0000ba41  _remove                                                               
0     000095bd  _reset_FlexRay__Fv                                                    
1     0000c488  _return_value                                                         
1     0000c4c3  _right_cnt_SciFrame_A                                                 
1     0000c4c0  _right_cnt_SciFrame_B                                                 
0     00009905  _roundup_power_of_two__10IoCztBtnSwFUl                                
0     0000a929  _roundup_power_of_two__16UnlockFifoBufferFUl                          
0     00009c26  _rsvd_ISR                                                             
1     0000c48b  _rx_data_length                                                       
1     0000c48a  _rx_return_value                                                      
1     0000c490  _rx_status                                                            
1     0000c48c  _rx_status_slot                                                       
0     0000a7a5  _sci_fifo_init                                                        
0     0000ab13  _sciaRxFifoIsr__Fv                                                    
0     0000ab6c  _scibRxFifoIsr__Fv                                                    
0     0000b152  _setvbuf                                                              
0     0000ad13  _spi_fifo_init__11AT93C56_SPIFv                                       
0     0000acf4  _spi_init__11AT93C56_SPIFv                                            
0     0000b9fb  _strchr                                                               
0     0000ba07  _strcmp                                                               
0     0000ba2f  _strcpy                                                               
0     0000ba22  _strlen                                                               
0     0000b940  _strncpy                                                              
0     0000a779  _tolower                                                              
0     0000a773  _toupper                                                              
0     0000b4c7  _txData__13FlexRayTxDataFv                                            
1     0000c48f  _tx_return_value                                                      
1     0000c48d  _tx_status                                                            
0     0000b977  _unlink                                                               
0     0000b1db  _vfnFlexRay_Init                                                      
1     0000c48e  _wakeup_status                                                        
0     0000b990  _write                                                                
abs   ffffffff  binit                                                                 
0     00008000  cinit                                                                 
0     00000000  code_start                                                            
0     0000ba47  etext                                                                 
0     00008140  pinit                                                                 


GLOBAL SYMBOLS: SORTED BY Symbol Address 

page  address   name                                                                  
----  -------   ----                                                                  
0     00000000  code_start                                                            
0     00008000  ___cinit__                                                            
0     00008000  cinit                                                                 
0     00008140  ___pinit__                                                            
0     00008140  pinit                                                                 
0     0000814a  _DSP28x_usDelay                                                       
0     00008200  .text                                                                 
0     00008200  _Fr_transmit_data                                                     
0     00008200  ___text__                                                             
0     0000826c  _Fr_stop_timer                                                        
0     00008281  _Fr_start_timer                                                       
0     00008296  _Fr_start_communication                                               
0     000082d2  _Fr_set_configuration                                                 
0     00008516  _Fr_send_wakeup                                                       
0     0000853e  _Fr_receive_data                                                      
0     000085b8  _Fr_leave_configuration_mode                                          
0     000085e8  _Fr_interrupt_handler                                                 
0     0000884a  _Fr_init                                                              
0     000088c5  _Fr_get_wakeup_state                                                  
0     000088f0  _Fr_get_global_time                                                   
0     000088fc  _Fr_get_POC_state                                                     
[...]
0     0000ac97  _SLEEP_MS__10PtThreadExFUi                                            
0     0000acbf  _SleeperRemarks_US__10PtThreadExFv                                    
0     0000acde  _SleeperRemarks_MS__10PtThreadExFv                                    
0     0000acf4  _spi_init__11AT93C56_SPIFv                                            
0     0000ad13  _spi_fifo_init__11AT93C56_SPIFv                                       
0     0000ad1d  ___dt__11AT93C56_SPIFv                                                
0     0000ad25  ___ct__11AT93C56_SPIFPVUiN31                                          
0     0000ad45  _WriteOPCodeAddr__11AT93C56_SPIFUiN21                                 
0     0000ad6a  _TCS__11AT93C56_SPIFv                                                 
0     0000ad87  _WRITE__11AT93C56_SPIFUiT1                                            
0     0000ad95  _WRAL__11AT93C56_SPIFv                                                
0     0000ad9e  _READ__11AT93C56_SPIFUi                                               
0     0000adba  _InitGpio_Spi_A__11AT93C56_SPIFv                                      
0     0000adf1  _Init__11AT93C56_SPIFv                                                
0     0000adf8  _EWEN__11AT93C56_SPIFv                                                
0     0000ae01  _EWDS__11AT93C56_SPIFv                                                
0     0000ae0a  _ERASE__11AT93C56_SPIFUi                                              
0     0000ae13  _ERAL__11AT93C56_SPIFv                                                
0     0000ae94  ___TI_cleanup                                                         
0     0000aeb1  _freopen                                                              
0     0000aecf  _fopen                                                                
0     0000af15  _InitSysCtrl                                                          
0     0000af1e  _ServiceDog                                                           
0     0000af28  _DisableDog                                                           
0     0000af30  _InitPll                                                              
0     0000af81  _InitPeripheralClocks                                                 
0     0000afdc  _CsmUnlock                                                            
0     0000b00d  _fputs                                                                
0     0000b0aa  _puts                                                                 
0     0000b0bd  ___default_new_handler__Fv                                            
0     0000b0be  ___TI_writemsg                                                        
0     0000b111  C$$IO$$                                                               
0     0000b116  ___TI_readmsg                                                         
0     0000b152  _setvbuf                                                              
0     0000b1db  _vfnFlexRay_Init                                                      
0     0000b263  FS$$DIV                                                               
0     0000b2eb  ___TI_doflush                                                         
0     0000b31a  _fflush                                                               
0     0000b35e  _open                                                                 
0     0000b3cf  ___TI_wrt_ok                                                          
0     0000b40a  ___TI_rd_ok                                                           
0     0000b436  ___already_marked_for_destruction                                     
0     0000b43a  ___CPR78____record_destruction_on_list__FPP20a_needed_destructionPJ33J
0     0000b445  ___process_destruction_list__FPP20a_needed_destruction                
0     0000b459  ___process_needed_destructions__Fv                                    
0     0000b459  ___std__needed_destruction_list                                       
0     0000b461  ___add_dtor                                                           
0     0000b461  ___record_needed_destruction                                          
0     0000b477  _atexit                                                               
0     0000b49d  ___ct__13FlexRayTxDataFUcT1                                           
0     0000b4c7  _txData__13FlexRayTxDataFv                                            
0     0000b4ef  ___sti___20_FlexRayInterface_cpp_7e640688                             
0     0000b502  _HOSTlseek                                                            
0     0000b563  ___TI_closefile                                                       
0     0000b5a7  _fclose                                                               
0     0000b5c2  _c_int00                                                              
0     0000b618  _InitCpuTimers                                                        
0     0000b64b  _ConfigCpuTimer                                                       
0     0000b66c  _finddevice                                                           
0     0000b688  _getdevice                                                            
0     0000b6bd  _HOSTopen                                                             
0     0000b6fd  _HOSTread                                                             
0     0000b73c  _HOSTrename                                                           
0     0000b77a  _fseek                                                                
0     0000b7b7  _HOSTwrite                                                            
0     0000b7ef  _close                                                                
0     0000b822  C$$EXIT                                                               
0     0000b822  _abort                                                                
0     0000b824  _exit                                                                 
0     0000b84b  _HOSTclose                                                            
0     0000b874  _InitPieCtrl                                                          
0     0000b893  _EnableInterrupts                                                     
0     0000b89c  _copy_in                                                              
0     0000b8c0  _HOSTunlink                                                           
0     0000b8e4  ___nw__FUl                                                            
0     0000b904  ___sti___17_ThreadDataCZT_cpp_ThreadQ                                 
0     0000b922  _memcpy                                                               
0     0000b940  _strncpy                                                              
0     0000b95e  __args_main                                                           
0     0000b977  _unlink                                                               
0     0000b990  _write                                                                
0     0000b9a9  _lseek                                                                
0     0000b9c1  _InitPieVectTable                                                     
0     0000b9d2  _memchr                                                               
0     0000b9e2  __abort_msg                                                           
0     0000b9ef  _memset                                                               
0     0000b9fb  _strchr                                                               
0     0000ba07  _strcmp                                                               
0     0000ba11  __register_unlock                                                     
0     0000ba15  __register_lock                                                       
0     0000ba19  __nop                                                                 
0     0000ba22  _strlen                                                               
0     0000ba2a  ___dl__FPv                                                            
0     0000ba2f  _strcpy                                                               
0     0000ba34  ___memzero                                                            
0     0000ba38  ___dla__FPv                                                           
0     0000ba3b  ___nwa__FUl                                                           
0     0000ba3e  ___abort_execution                                                    
0     0000ba41  _remove                                                               
0     0000ba44  __system_pre_init                                                     
0     0000ba46  __system_post_cinit                                                   
0     0000ba47  ___etext__                                                            
0     0000ba47  etext                                                                 
0     00380080  _ADC_cal                                                              
1     00000400  __stack                                                               
1     00000800  __STACK_END                                                           
1     00000880  _DevEmuRegs                                                           
1     00000a80  _FlashRegs                                                            
1     00000ae0  _CsmRegs                                                              
1     00000b00  _AdcMirror                                                            
1     00000b20  _XintfRegs                                                            
1     00000c00  _CpuTimer0Regs                                                        
1     00000c08  _CpuTimer1Regs                                                        
1     00000c10  _CpuTimer2Regs                                                        
1     00000ce0  _PieCtrlRegs                                                          
1     00000d00  _PieVectTable                                                         
1     00001000  _DmaRegs                                                              
1     00005000  _McbspaRegs                                                           
1     00005040  _McbspbRegs                                                           
1     00006000  _ECanaRegs                                                            
1     00006040  _ECanaLAMRegs                                                         
1     00006080  _ECanaMOTSRegs                                                        
1     000060c0  _ECanaMOTORegs                                                        
1     00006100  _ECanaMboxes                                                          
1     00006200  _ECanbRegs                                                            
1     00006240  _ECanbLAMRegs                                                         
1     00006280  _ECanbMOTSRegs                                                        
1     000062c0  _ECanbMOTORegs                                                        
1     00006300  _ECanbMboxes                                                          
1     00006800  _EPwm1Regs                                                            
1     00006840  _EPwm2Regs                                                            
1     00006880  _EPwm3Regs                                                            
1     000068c0  _EPwm4Regs                                                            
1     00006900  _EPwm5Regs                                                            
1     00006940  _EPwm6Regs                                                            
1     00006a00  _ECap1Regs                                                            
1     00006a20  _ECap2Regs                                                            
1     00006a40  _ECap3Regs                                                            
1     00006a60  _ECap4Regs                                                            
1     00006a80  _ECap5Regs                                                            
1     00006aa0  _ECap6Regs                                                            
1     00006b00  _EQep1Regs                                                            
1     00006b40  _EQep2Regs                                                            
1     00006f80  _GpioCtrlRegs                                                         
1     00006fc0  _GpioDataRegs                                                         
1     00006fe0  _GpioIntRegs                                                          
1     00007010  _SysCtrlRegs                                                          
1     00007040  _SpiaRegs                                                             
1     00007050  _SciaRegs                                                             
1     00007070  _XIntruptRegs                                                         
1     00007100  _AdcRegs                                                              
1     00007750  _ScibRegs                                                             
1     00007770  _ScicRegs                                                             
1     00007900  _I2caRegs                                                             
1     0000c000  ___TI_ft_end                                                          
1     0000c040  __ftable                                                              
1     0000c0c0  ___TI_tmpnams                                                         
1     0000c160  _CpuTimer1                                                            
1     0000c168  _CpuTimer2                                                            
1     0000c170  _CpuTimer0                                                            
1     0000c178  _parmbuf                                                              
1     0000c1c0  _ThreadQ                                                              
1     0000c298  _FrTxData_GG_Slot12                                                   
1     0000c2a5  _FrTxData_CZT_Slot31                                                  
1     0000c2b2  _FrTxData_GG_Slot02                                                   
1     0000c2c0  ___atexit_func_id__                                                   
1     0000c2c2  ___dummy_variable_used_to_force_definition_of__link                   
1     0000c3c0  _DSP2_FLEX_AB                                                         
1     0000c3ca  _Fr_CC_reg_32_ptr                                                     
1     0000c3cc  _Fr_CC_reg_ptr                                                        
1     0000c488  _return_value                                                         
1     0000c489  _protocol_state                                                       
1     0000c48a  _rx_return_value                                                      
1     0000c48b  _rx_data_length                                                       
1     0000c48c  _rx_status_slot                                                       
1     0000c48d  _tx_status                                                            
1     0000c48e  _wakeup_status                                                        
1     0000c48f  _tx_return_value                                                      
1     0000c490  _rx_status                                                            
1     0000c49a  ___TI_enable_exit_profile_output                                      
1     0000c49c  ___TI_cleanup_ptr                                                     
1     0000c49e  ___TI_dtors_ptr                                                       
1     0000c4a0  __lock                                                                
1     0000c4a2  __unlock                                                              
1     0000c4a4  __new_handler                                                         
1     0000c4a6  ___array_new_prefix_size                                              
1     0000c4c0  _right_cnt_SciFrame_B                                                 
1     0000c4c1  _error_cnt_SciFrame_A                                                 
1     0000c4c2  _FR_RET                                                               
1     0000c4c3  _right_cnt_SciFrame_A                                                 
1     0000c4c4  _error_cnt_SciFrame_B                                                 
1     0000c4c5  _TestSci_A                                                            
1     0000c4c8  _TestSci_B                                                            
1     0000c4e4  _FifoBuffer_Sci_A                                                     
1     0000c4ec  _FifoBuffer_Sci_B                                                     
1     0000c512  _PERIOD_MS_Q                                                          
1     0000c540  _GetPkg_Sci_A                                                         
1     0000c560  _GetPkg_Sci_B                                                         
1     0000c580  __stream                                                              
1     0000c5c0  __device                                                              
1     0000c648  _CztMp_Ver_                                                           
1     0000c64b  _CztMp_Hor_                                                           
1     0000c65a  _CztData_                                                             
1     0000c668  _Czt93C56_                                                            
1     0000c680  _CztBtnSw_                                                            
1     0000d140  _PieVectTableInit                                                     
1     0000d240  _Fr_low_level_cfg_set_00                                              
1     0000d278  _Fr_HW_cfg_00                                                         
1     0000d299  _Fr_tx_buffer_Frame_CZT_10ms_cfg                                      
1     0000d2a6  _Fr_buffer_cfg_00                                                     
1     0000d2b2  _Fr_rx_shadow_cfg                                                     
1     0000d2ba  ___vtbl__10PtThreadEx                                                 
1     0000d2c2  ___vtbl__11AT93C56_SPI                                                
1     0000d2ca  ___vtbl__16UnlockFifoBuffer                                           
1     0000d2d2  ___vtbl__18FrameAnalyzer_Auto                                         
1     0000d2da  ___vtbl__23CSerialPortDataAnalyzer                                    
1     0000d2e2  _Fr_buffer_cfg_set_00                                                 
1     0000e000  __sys_memory                                                          
1     0000f000  __CIOBUF_                                                             
1     0033fff8  _CsmPwl                                                               
1     00380090  _PartIdRegs                                                           
abs   00000400  __STACK_SIZE                                                          
abs   00000400  __SYSMEM_SIZE                                                         
abs   ffffffff  ___TI_pprof_out_hndl                                                  
abs   ffffffff  ___TI_prof_data_size                                                  
abs   ffffffff  ___TI_prof_data_start                                                 
abs   ffffffff  ___binit__                                                            
abs   ffffffff  ___c_args__                                                           
abs   ffffffff  binit                                                                 

[426 symbols]
