<?xml version="1.0" encoding="ISO-8859-1" ?>
<link_info>
   <banner>TMS320C2000 Linker PC v18.1.2.LTS</banner>
   <copyright>Copyright (c) 1996-2017 Texas Instruments Incorporated</copyright>
   <link_time>0x5bb1d687</link_time>
   <link_errors>0x0</link_errors>
   <output_file>DSP_PROJECT_4th.out</output_file>
   <entry_point>
      <name>_c_int00</name>
      <address>0xb5c2</address>
   </entry_point>
   <input_file_list>
      <input_file id="fl-2">
         <path>.\</path>
         <kind>object</kind>
         <file>FlexRayInterface.obj</file>
         <name>FlexRayInterface.obj</name>
      </input_file>
      <input_file id="fl-3">
         <path>.\CZT\</path>
         <kind>object</kind>
         <file>DataInterfaceCZT.obj</file>
         <name>DataInterfaceCZT.obj</name>
      </input_file>
      <input_file id="fl-4">
         <path>.\CZT\</path>
         <kind>object</kind>
         <file>Fr_UNIFIED_cfg_CZT.obj</file>
         <name>Fr_UNIFIED_cfg_CZT.obj</name>
      </input_file>
      <input_file id="fl-5">
         <path>.\CZT\</path>
         <kind>object</kind>
         <file>InterruptsCZT.obj</file>
         <name>InterruptsCZT.obj</name>
      </input_file>
      <input_file id="fl-6">
         <path>.\CZT\</path>
         <kind>object</kind>
         <file>ThreadDataCZT.obj</file>
         <name>ThreadDataCZT.obj</name>
      </input_file>
      <input_file id="fl-7">
         <path>.\CZT\</path>
         <kind>object</kind>
         <file>main_4th_CZT.obj</file>
         <name>main_4th_CZT.obj</name>
      </input_file>
      <input_file id="fl-8">
         <path>.\TS\</path>
         <kind>object</kind>
         <file>DSP2833x_CodeStartBranch.obj</file>
         <name>DSP2833x_CodeStartBranch.obj</name>
      </input_file>
      <input_file id="fl-9">
         <path>.\TS\</path>
         <kind>object</kind>
         <file>DSP2833x_SysCtrl.obj</file>
         <name>DSP2833x_SysCtrl.obj</name>
      </input_file>
      <input_file id="fl-a">
         <path>.\TS\</path>
         <kind>object</kind>
         <file>DSP2833x_usDelay.obj</file>
         <name>DSP2833x_usDelay.obj</name>
      </input_file>
      <input_file id="fl-b">
         <path>.\pt-1.4\</path>
         <kind>object</kind>
         <file>PtThreadEx.obj</file>
         <name>PtThreadEx.obj</name>
      </input_file>
      <input_file id="fl-c">
         <path>.\source\</path>
         <kind>object</kind>
         <file>AT93C56.obj</file>
         <name>AT93C56.obj</name>
      </input_file>
      <input_file id="fl-d">
         <path>.\source\</path>
         <kind>object</kind>
         <file>CSerialPortDataAnalyzer.obj</file>
         <name>CSerialPortDataAnalyzer.obj</name>
      </input_file>
      <input_file id="fl-e">
         <path>.\source\</path>
         <kind>object</kind>
         <file>CanPortConfig.obj</file>
         <name>CanPortConfig.obj</name>
      </input_file>
      <input_file id="fl-f">
         <path>.\source\</path>
         <kind>object</kind>
         <file>FlexRay_handler.obj</file>
         <name>FlexRay_handler.obj</name>
      </input_file>
      <input_file id="fl-10">
         <path>.\source\</path>
         <kind>object</kind>
         <file>Fr_UNIFIED.obj</file>
         <name>Fr_UNIFIED.obj</name>
      </input_file>
      <input_file id="fl-11">
         <path>.\source\</path>
         <kind>object</kind>
         <file>GpioConfig.obj</file>
         <name>GpioConfig.obj</name>
      </input_file>
      <input_file id="fl-12">
         <path>.\source\</path>
         <kind>object</kind>
         <file>MakeData.obj</file>
         <name>MakeData.obj</name>
      </input_file>
      <input_file id="fl-13">
         <path>.\source\</path>
         <kind>object</kind>
         <file>SerialPortConfig.obj</file>
         <name>SerialPortConfig.obj</name>
      </input_file>
      <input_file id="fl-14">
         <path>.\source\</path>
         <kind>object</kind>
         <file>UnlockFifoBuffer.obj</file>
         <name>UnlockFifoBuffer.obj</name>
      </input_file>
      <input_file id="fl-15">
         <path>.\ti\c2000\C2000Ware_1_00_03_00\device_support\f2833x\common\source\</path>
         <kind>object</kind>
         <file>DSP2833x_ADC_cal.obj</file>
         <name>DSP2833x_ADC_cal.obj</name>
      </input_file>
      <input_file id="fl-16">
         <path>.\ti\c2000\C2000Ware_1_00_03_00\device_support\f2833x\common\source\</path>
         <kind>object</kind>
         <file>DSP2833x_CpuTimers.obj</file>
         <name>DSP2833x_CpuTimers.obj</name>
      </input_file>
      <input_file id="fl-17">
         <path>.\ti\c2000\C2000Ware_1_00_03_00\device_support\f2833x\common\source\</path>
         <kind>object</kind>
         <file>DSP2833x_DMA.obj</file>
         <name>DSP2833x_DMA.obj</name>
      </input_file>
      <input_file id="fl-18">
         <path>.\ti\c2000\C2000Ware_1_00_03_00\device_support\f2833x\common\source\</path>
         <kind>object</kind>
         <file>DSP2833x_DefaultIsr.obj</file>
         <name>DSP2833x_DefaultIsr.obj</name>
      </input_file>
      <input_file id="fl-19">
         <path>.\ti\c2000\C2000Ware_1_00_03_00\device_support\f2833x\common\source\</path>
         <kind>object</kind>
         <file>DSP2833x_ECan.obj</file>
         <name>DSP2833x_ECan.obj</name>
      </input_file>
      <input_file id="fl-1a">
         <path>.\ti\c2000\C2000Ware_1_00_03_00\device_support\f2833x\common\source\</path>
         <kind>object</kind>
         <file>DSP2833x_Gpio.obj</file>
         <name>DSP2833x_Gpio.obj</name>
      </input_file>
      <input_file id="fl-1b">
         <path>.\ti\c2000\C2000Ware_1_00_03_00\device_support\f2833x\common\source\</path>
         <kind>object</kind>
         <file>DSP2833x_MemCopy.obj</file>
         <name>DSP2833x_MemCopy.obj</name>
      </input_file>
      <input_file id="fl-1c">
         <path>.\ti\c2000\C2000Ware_1_00_03_00\device_support\f2833x\common\source\</path>
         <kind>object</kind>
         <file>DSP2833x_PieCtrl.obj</file>
         <name>DSP2833x_PieCtrl.obj</name>
      </input_file>
      <input_file id="fl-1d">
         <path>.\ti\c2000\C2000Ware_1_00_03_00\device_support\f2833x\common\source\</path>
         <kind>object</kind>
         <file>DSP2833x_PieVect.obj</file>
         <name>DSP2833x_PieVect.obj</name>
      </input_file>
      <input_file id="fl-1e">
         <path>.\ti\c2000\C2000Ware_1_00_03_00\device_support\f2833x\common\source\</path>
         <kind>object</kind>
         <file>DSP2833x_Sci.obj</file>
         <name>DSP2833x_Sci.obj</name>
      </input_file>
      <input_file id="fl-1f">
         <path>.\ti\c2000\C2000Ware_1_00_03_00\device_support\f2833x\common\source\</path>
         <kind>object</kind>
         <file>DSP2833x_Spi.obj</file>
         <name>DSP2833x_Spi.obj</name>
      </input_file>
      <input_file id="fl-20">
         <path>.\ti\c2000\C2000Ware_1_00_03_00\device_support\f2833x\headers\source\</path>
         <kind>object</kind>
         <file>DSP2833x_GlobalVariableDefs.obj</file>
         <name>DSP2833x_GlobalVariableDefs.obj</name>
      </input_file>
      <input_file id="fl-25">
         <kind>object</kind>
         <file>&lt;internal&gt;</file>
         <name>&lt;internal&gt;</name>
      </input_file>
      <input_file id="fl-31">
         <path>C:\ti\ccsv8\tools\compiler\ti-cgt-c2000_18.1.2.LTS\lib\</path>
         <kind>archive</kind>
         <file>rts2800_fpu32.lib</file>
         <name>array_del.c.obj</name>
      </input_file>
      <input_file id="fl-32">
         <path>C:\ti\ccsv8\tools\compiler\ti-cgt-c2000_18.1.2.LTS\lib\</path>
         <kind>archive</kind>
         <file>rts2800_fpu32.lib</file>
         <name>array_new.c.obj</name>
      </input_file>
      <input_file id="fl-33">
         <path>C:\ti\ccsv8\tools\compiler\ti-cgt-c2000_18.1.2.LTS\lib\</path>
         <kind>archive</kind>
         <file>rts2800_fpu32.lib</file>
         <name>delete.c.obj</name>
      </input_file>
      <input_file id="fl-34">
         <path>C:\ti\ccsv8\tools\compiler\ti-cgt-c2000_18.1.2.LTS\lib\</path>
         <kind>archive</kind>
         <file>rts2800_fpu32.lib</file>
         <name>dtor_list.c.obj</name>
      </input_file>
      <input_file id="fl-35">
         <path>C:\ti\ccsv8\tools\compiler\ti-cgt-c2000_18.1.2.LTS\lib\</path>
         <kind>archive</kind>
         <file>rts2800_fpu32.lib</file>
         <name>error.c.obj</name>
      </input_file>
      <input_file id="fl-36">
         <path>C:\ti\ccsv8\tools\compiler\ti-cgt-c2000_18.1.2.LTS\lib\</path>
         <kind>archive</kind>
         <file>rts2800_fpu32.lib</file>
         <name>new.c.obj</name>
      </input_file>
      <input_file id="fl-37">
         <path>C:\ti\ccsv8\tools\compiler\ti-cgt-c2000_18.1.2.LTS\lib\</path>
         <kind>archive</kind>
         <file>rts2800_fpu32.lib</file>
         <name>newhandler.c.obj</name>
      </input_file>
      <input_file id="fl-38">
         <path>C:\ti\ccsv8\tools\compiler\ti-cgt-c2000_18.1.2.LTS\lib\</path>
         <kind>archive</kind>
         <file>rts2800_fpu32.lib</file>
         <name>vars.c.obj</name>
      </input_file>
      <input_file id="fl-39">
         <path>C:\ti\ccsv8\tools\compiler\ti-cgt-c2000_18.1.2.LTS\lib\</path>
         <kind>archive</kind>
         <file>rts2800_fpu32.lib</file>
         <name>vec_newdel.c.obj</name>
      </input_file>
      <input_file id="fl-3a">
         <path>C:\ti\ccsv8\tools\compiler\ti-cgt-c2000_18.1.2.LTS\lib\</path>
         <kind>archive</kind>
         <file>rts2800_fpu32.lib</file>
         <name>boot28.asm.obj</name>
      </input_file>
      <input_file id="fl-3b">
         <path>C:\ti\ccsv8\tools\compiler\ti-cgt-c2000_18.1.2.LTS\lib\</path>
         <kind>archive</kind>
         <file>rts2800_fpu32.lib</file>
         <name>fs_div28.asm.obj</name>
      </input_file>
      <input_file id="fl-3c">
         <path>C:\ti\ccsv8\tools\compiler\ti-cgt-c2000_18.1.2.LTS\lib\</path>
         <kind>archive</kind>
         <file>rts2800_fpu32.lib</file>
         <name>cpy_tbl.c.obj</name>
      </input_file>
      <input_file id="fl-3d">
         <path>C:\ti\ccsv8\tools\compiler\ti-cgt-c2000_18.1.2.LTS\lib\</path>
         <kind>archive</kind>
         <file>rts2800_fpu32.lib</file>
         <name>memcpy.c.obj</name>
      </input_file>
      <input_file id="fl-3e">
         <path>C:\ti\ccsv8\tools\compiler\ti-cgt-c2000_18.1.2.LTS\lib\</path>
         <kind>archive</kind>
         <file>rts2800_fpu32.lib</file>
         <name>pre_init.c.obj</name>
      </input_file>
      <input_file id="fl-3f">
         <path>C:\ti\ccsv8\tools\compiler\ti-cgt-c2000_18.1.2.LTS\lib\</path>
         <kind>archive</kind>
         <file>rts2800_fpu32.lib</file>
         <name>startup.c.obj</name>
      </input_file>
      <input_file id="fl-40">
         <path>C:\ti\ccsv8\tools\compiler\ti-cgt-c2000_18.1.2.LTS\lib\</path>
         <kind>archive</kind>
         <file>rts2800_fpu32.lib</file>
         <name>exit.c.obj</name>
      </input_file>
      <input_file id="fl-41">
         <path>C:\ti\ccsv8\tools\compiler\ti-cgt-c2000_18.1.2.LTS\lib\</path>
         <kind>archive</kind>
         <file>rts2800_fpu32.lib</file>
         <name>memory.c.obj</name>
      </input_file>
      <input_file id="fl-42">
         <path>C:\ti\ccsv8\tools\compiler\ti-cgt-c2000_18.1.2.LTS\lib\</path>
         <kind>archive</kind>
         <file>rts2800_fpu32.lib</file>
         <name>_lock.c.obj</name>
      </input_file>
      <input_file id="fl-43">
         <path>C:\ti\ccsv8\tools\compiler\ti-cgt-c2000_18.1.2.LTS\lib\</path>
         <kind>archive</kind>
         <file>rts2800_fpu32.lib</file>
         <name>args_main.c.obj</name>
      </input_file>
      <input_file id="fl-44">
         <path>C:\ti\ccsv8\tools\compiler\ti-cgt-c2000_18.1.2.LTS\lib\</path>
         <kind>archive</kind>
         <file>rts2800_fpu32.lib</file>
         <name>assert.c.obj</name>
      </input_file>
      <input_file id="fl-45">
         <path>C:\ti\ccsv8\tools\compiler\ti-cgt-c2000_18.1.2.LTS\lib\</path>
         <kind>archive</kind>
         <file>rts2800_fpu32.lib</file>
         <name>defs.c.obj</name>
      </input_file>
      <input_file id="fl-46">
         <path>C:\ti\ccsv8\tools\compiler\ti-cgt-c2000_18.1.2.LTS\lib\</path>
         <kind>archive</kind>
         <file>rts2800_fpu32.lib</file>
         <name>fflush.c.obj</name>
      </input_file>
      <input_file id="fl-47">
         <path>C:\ti\ccsv8\tools\compiler\ti-cgt-c2000_18.1.2.LTS\lib\</path>
         <kind>archive</kind>
         <file>rts2800_fpu32.lib</file>
         <name>fputs.c.obj</name>
      </input_file>
      <input_file id="fl-48">
         <path>C:\ti\ccsv8\tools\compiler\ti-cgt-c2000_18.1.2.LTS\lib\</path>
         <kind>archive</kind>
         <file>rts2800_fpu32.lib</file>
         <name>memchr.c.obj</name>
      </input_file>
      <input_file id="fl-49">
         <path>C:\ti\ccsv8\tools\compiler\ti-cgt-c2000_18.1.2.LTS\lib\</path>
         <kind>archive</kind>
         <file>rts2800_fpu32.lib</file>
         <name>strlen.c.obj</name>
      </input_file>
      <input_file id="fl-4a">
         <path>C:\ti\ccsv8\tools\compiler\ti-cgt-c2000_18.1.2.LTS\lib\</path>
         <kind>archive</kind>
         <file>rts2800_fpu32.lib</file>
         <name>write.c.obj</name>
      </input_file>
      <input_file id="fl-4b">
         <path>C:\ti\ccsv8\tools\compiler\ti-cgt-c2000_18.1.2.LTS\lib\</path>
         <kind>archive</kind>
         <file>rts2800_fpu32.lib</file>
         <name>memzero.c.obj</name>
      </input_file>
      <input_file id="fl-4c">
         <path>C:\ti\ccsv8\tools\compiler\ti-cgt-c2000_18.1.2.LTS\lib\</path>
         <kind>archive</kind>
         <file>rts2800_fpu32.lib</file>
         <name>_io_perm.c.obj</name>
      </input_file>
      <input_file id="fl-4d">
         <path>C:\ti\ccsv8\tools\compiler\ti-cgt-c2000_18.1.2.LTS\lib\</path>
         <kind>archive</kind>
         <file>rts2800_fpu32.lib</file>
         <name>fseek.c.obj</name>
      </input_file>
      <input_file id="fl-4e">
         <path>C:\ti\ccsv8\tools\compiler\ti-cgt-c2000_18.1.2.LTS\lib\</path>
         <kind>archive</kind>
         <file>rts2800_fpu32.lib</file>
         <name>lseek.c.obj</name>
      </input_file>
      <input_file id="fl-4f">
         <path>C:\ti\ccsv8\tools\compiler\ti-cgt-c2000_18.1.2.LTS\lib\</path>
         <kind>archive</kind>
         <file>rts2800_fpu32.lib</file>
         <name>memset.c.obj</name>
      </input_file>
      <input_file id="fl-50">
         <path>C:\ti\ccsv8\tools\compiler\ti-cgt-c2000_18.1.2.LTS\lib\</path>
         <kind>archive</kind>
         <file>rts2800_fpu32.lib</file>
         <name>setvbuf.c.obj</name>
      </input_file>
      <input_file id="fl-51">
         <path>C:\ti\ccsv8\tools\compiler\ti-cgt-c2000_18.1.2.LTS\lib\</path>
         <kind>archive</kind>
         <file>rts2800_fpu32.lib</file>
         <name>hostclose.c.obj</name>
      </input_file>
      <input_file id="fl-52">
         <path>C:\ti\ccsv8\tools\compiler\ti-cgt-c2000_18.1.2.LTS\lib\</path>
         <kind>archive</kind>
         <file>rts2800_fpu32.lib</file>
         <name>hostlseek.c.obj</name>
      </input_file>
      <input_file id="fl-53">
         <path>C:\ti\ccsv8\tools\compiler\ti-cgt-c2000_18.1.2.LTS\lib\</path>
         <kind>archive</kind>
         <file>rts2800_fpu32.lib</file>
         <name>hostopen.c.obj</name>
      </input_file>
      <input_file id="fl-54">
         <path>C:\ti\ccsv8\tools\compiler\ti-cgt-c2000_18.1.2.LTS\lib\</path>
         <kind>archive</kind>
         <file>rts2800_fpu32.lib</file>
         <name>hostread.c.obj</name>
      </input_file>
      <input_file id="fl-55">
         <path>C:\ti\ccsv8\tools\compiler\ti-cgt-c2000_18.1.2.LTS\lib\</path>
         <kind>archive</kind>
         <file>rts2800_fpu32.lib</file>
         <name>hostrename.c.obj</name>
      </input_file>
      <input_file id="fl-56">
         <path>C:\ti\ccsv8\tools\compiler\ti-cgt-c2000_18.1.2.LTS\lib\</path>
         <kind>archive</kind>
         <file>rts2800_fpu32.lib</file>
         <name>hostunlink.c.obj</name>
      </input_file>
      <input_file id="fl-57">
         <path>C:\ti\ccsv8\tools\compiler\ti-cgt-c2000_18.1.2.LTS\lib\</path>
         <kind>archive</kind>
         <file>rts2800_fpu32.lib</file>
         <name>hostwrite.c.obj</name>
      </input_file>
      <input_file id="fl-58">
         <path>C:\ti\ccsv8\tools\compiler\ti-cgt-c2000_18.1.2.LTS\lib\</path>
         <kind>archive</kind>
         <file>rts2800_fpu32.lib</file>
         <name>trgmsg.c.obj</name>
      </input_file>
      <input_file id="fl-59">
         <path>C:\ti\ccsv8\tools\compiler\ti-cgt-c2000_18.1.2.LTS\lib\</path>
         <kind>archive</kind>
         <file>rts2800_fpu32.lib</file>
         <name>fopen.c.obj</name>
      </input_file>
      <input_file id="fl-5a">
         <path>C:\ti\ccsv8\tools\compiler\ti-cgt-c2000_18.1.2.LTS\lib\</path>
         <kind>archive</kind>
         <file>rts2800_fpu32.lib</file>
         <name>open.c.obj</name>
      </input_file>
      <input_file id="fl-5b">
         <path>C:\ti\ccsv8\tools\compiler\ti-cgt-c2000_18.1.2.LTS\lib\</path>
         <kind>archive</kind>
         <file>rts2800_fpu32.lib</file>
         <name>strcpy.c.obj</name>
      </input_file>
      <input_file id="fl-5c">
         <path>C:\ti\ccsv8\tools\compiler\ti-cgt-c2000_18.1.2.LTS\lib\</path>
         <kind>archive</kind>
         <file>rts2800_fpu32.lib</file>
         <name>fclose.c.obj</name>
      </input_file>
      <input_file id="fl-5d">
         <path>C:\ti\ccsv8\tools\compiler\ti-cgt-c2000_18.1.2.LTS\lib\</path>
         <kind>archive</kind>
         <file>rts2800_fpu32.lib</file>
         <name>getdevice.c.obj</name>
      </input_file>
      <input_file id="fl-5e">
         <path>C:\ti\ccsv8\tools\compiler\ti-cgt-c2000_18.1.2.LTS\lib\</path>
         <kind>archive</kind>
         <file>rts2800_fpu32.lib</file>
         <name>remove.c.obj</name>
      </input_file>
      <input_file id="fl-5f">
         <path>C:\ti\ccsv8\tools\compiler\ti-cgt-c2000_18.1.2.LTS\lib\</path>
         <kind>archive</kind>
         <file>rts2800_fpu32.lib</file>
         <name>strchr.c.obj</name>
      </input_file>
      <input_file id="fl-60">
         <path>C:\ti\ccsv8\tools\compiler\ti-cgt-c2000_18.1.2.LTS\lib\</path>
         <kind>archive</kind>
         <file>rts2800_fpu32.lib</file>
         <name>strcmp.c.obj</name>
      </input_file>
      <input_file id="fl-61">
         <path>C:\ti\ccsv8\tools\compiler\ti-cgt-c2000_18.1.2.LTS\lib\</path>
         <kind>archive</kind>
         <file>rts2800_fpu32.lib</file>
         <name>strncpy.c.obj</name>
      </input_file>
      <input_file id="fl-62">
         <path>C:\ti\ccsv8\tools\compiler\ti-cgt-c2000_18.1.2.LTS\lib\</path>
         <kind>archive</kind>
         <file>rts2800_fpu32.lib</file>
         <name>unlink.c.obj</name>
      </input_file>
      <input_file id="fl-63">
         <path>C:\ti\ccsv8\tools\compiler\ti-cgt-c2000_18.1.2.LTS\lib\</path>
         <kind>archive</kind>
         <file>rts2800_fpu32.lib</file>
         <name>close.c.obj</name>
      </input_file>
   </input_file_list>
   <object_component_list>
      <object_component id="oc-128">
         <name>PieVectTableFile</name>
         <uninitialized>true</uninitialized>
         <run_address>0xd00</run_address>
         <size>0x100</size>
         <input_file_ref idref="fl-20"/>
      </object_component>
      <object_component id="oc-124">
         <name>DevEmuRegsFile</name>
         <uninitialized>true</uninitialized>
         <run_address>0x880</run_address>
         <size>0xd0</size>
         <input_file_ref idref="fl-20"/>
      </object_component>
      <object_component id="oc-fa">
         <name>FlashRegsFile</name>
         <uninitialized>true</uninitialized>
         <run_address>0xa80</run_address>
         <size>0x8</size>
         <input_file_ref idref="fl-20"/>
      </object_component>
      <object_component id="oc-102">
         <name>CsmRegsFile</name>
         <uninitialized>true</uninitialized>
         <run_address>0xae0</run_address>
         <size>0x10</size>
         <input_file_ref idref="fl-20"/>
      </object_component>
      <object_component id="oc-103">
         <name>AdcMirrorFile</name>
         <uninitialized>true</uninitialized>
         <run_address>0xb00</run_address>
         <size>0x10</size>
         <input_file_ref idref="fl-20"/>
      </object_component>
      <object_component id="oc-107">
         <name>XintfRegsFile</name>
         <uninitialized>true</uninitialized>
         <run_address>0xb20</run_address>
         <size>0x1e</size>
         <input_file_ref idref="fl-20"/>
      </object_component>
      <object_component id="oc-fb">
         <name>CpuTimer0RegsFile</name>
         <uninitialized>true</uninitialized>
         <run_address>0xc00</run_address>
         <size>0x8</size>
         <input_file_ref idref="fl-20"/>
      </object_component>
      <object_component id="oc-fc">
         <name>CpuTimer1RegsFile</name>
         <uninitialized>true</uninitialized>
         <run_address>0xc08</run_address>
         <size>0x8</size>
         <input_file_ref idref="fl-20"/>
      </object_component>
      <object_component id="oc-f8">
         <name>CpuTimer2RegsFile</name>
         <uninitialized>true</uninitialized>
         <run_address>0xc10</run_address>
         <size>0x8</size>
         <input_file_ref idref="fl-20"/>
      </object_component>
      <object_component id="oc-105">
         <name>PieCtrlRegsFile</name>
         <uninitialized>true</uninitialized>
         <run_address>0xce0</run_address>
         <size>0x1a</size>
         <input_file_ref idref="fl-20"/>
      </object_component>
      <object_component id="oc-125">
         <name>DmaRegsFile</name>
         <uninitialized>true</uninitialized>
         <run_address>0x1000</run_address>
         <size>0xe0</size>
         <input_file_ref idref="fl-20"/>
      </object_component>
      <object_component id="oc-118">
         <name>McbspaRegsFile</name>
         <uninitialized>true</uninitialized>
         <run_address>0x5000</run_address>
         <size>0x25</size>
         <input_file_ref idref="fl-20"/>
      </object_component>
      <object_component id="oc-117">
         <name>McbspbRegsFile</name>
         <uninitialized>true</uninitialized>
         <run_address>0x5040</run_address>
         <size>0x25</size>
         <input_file_ref idref="fl-20"/>
      </object_component>
      <object_component id="oc-11a">
         <name>ECanaRegsFile</name>
         <uninitialized>true</uninitialized>
         <run_address>0x6000</run_address>
         <size>0x34</size>
         <input_file_ref idref="fl-20"/>
      </object_component>
      <object_component id="oc-11e">
         <name>ECanaLAMRegsFile</name>
         <uninitialized>true</uninitialized>
         <run_address>0x6040</run_address>
         <size>0x40</size>
         <input_file_ref idref="fl-20"/>
      </object_component>
      <object_component id="oc-127">
         <name>ECanaMboxesFile</name>
         <uninitialized>true</uninitialized>
         <run_address>0x6100</run_address>
         <size>0x100</size>
         <input_file_ref idref="fl-20"/>
      </object_component>
      <object_component id="oc-11f">
         <name>ECanaMOTSRegsFile</name>
         <uninitialized>true</uninitialized>
         <run_address>0x6080</run_address>
         <size>0x40</size>
         <input_file_ref idref="fl-20"/>
      </object_component>
      <object_component id="oc-11c">
         <name>ECanaMOTORegsFile</name>
         <uninitialized>true</uninitialized>
         <run_address>0x60c0</run_address>
         <size>0x40</size>
         <input_file_ref idref="fl-20"/>
      </object_component>
      <object_component id="oc-11b">
         <name>ECanbRegsFile</name>
         <uninitialized>true</uninitialized>
         <run_address>0x6200</run_address>
         <size>0x34</size>
         <input_file_ref idref="fl-20"/>
      </object_component>
      <object_component id="oc-123">
         <name>ECanbLAMRegsFile</name>
         <uninitialized>true</uninitialized>
         <run_address>0x6240</run_address>
         <size>0x40</size>
         <input_file_ref idref="fl-20"/>
      </object_component>
      <object_component id="oc-126">
         <name>ECanbMboxesFile</name>
         <uninitialized>true</uninitialized>
         <run_address>0x6300</run_address>
         <size>0x100</size>
         <input_file_ref idref="fl-20"/>
      </object_component>
      <object_component id="oc-11d">
         <name>ECanbMOTSRegsFile</name>
         <uninitialized>true</uninitialized>
         <run_address>0x6280</run_address>
         <size>0x40</size>
         <input_file_ref idref="fl-20"/>
      </object_component>
      <object_component id="oc-120">
         <name>ECanbMOTORegsFile</name>
         <uninitialized>true</uninitialized>
         <run_address>0x62c0</run_address>
         <size>0x40</size>
         <input_file_ref idref="fl-20"/>
      </object_component>
      <object_component id="oc-115">
         <name>EPwm1RegsFile</name>
         <uninitialized>true</uninitialized>
         <run_address>0x6800</run_address>
         <size>0x22</size>
         <input_file_ref idref="fl-20"/>
      </object_component>
      <object_component id="oc-110">
         <name>EPwm2RegsFile</name>
         <uninitialized>true</uninitialized>
         <run_address>0x6840</run_address>
         <size>0x22</size>
         <input_file_ref idref="fl-20"/>
      </object_component>
      <object_component id="oc-111">
         <name>EPwm3RegsFile</name>
         <uninitialized>true</uninitialized>
         <run_address>0x6880</run_address>
         <size>0x22</size>
         <input_file_ref idref="fl-20"/>
      </object_component>
      <object_component id="oc-116">
         <name>EPwm4RegsFile</name>
         <uninitialized>true</uninitialized>
         <run_address>0x68c0</run_address>
         <size>0x22</size>
         <input_file_ref idref="fl-20"/>
      </object_component>
      <object_component id="oc-113">
         <name>EPwm5RegsFile</name>
         <uninitialized>true</uninitialized>
         <run_address>0x6900</run_address>
         <size>0x22</size>
         <input_file_ref idref="fl-20"/>
      </object_component>
      <object_component id="oc-114">
         <name>EPwm6RegsFile</name>
         <uninitialized>true</uninitialized>
         <run_address>0x6940</run_address>
         <size>0x22</size>
         <input_file_ref idref="fl-20"/>
      </object_component>
      <object_component id="oc-10a">
         <name>ECap1RegsFile</name>
         <uninitialized>true</uninitialized>
         <run_address>0x6a00</run_address>
         <size>0x20</size>
         <input_file_ref idref="fl-20"/>
      </object_component>
      <object_component id="oc-10b">
         <name>ECap2RegsFile</name>
         <uninitialized>true</uninitialized>
         <run_address>0x6a20</run_address>
         <size>0x20</size>
         <input_file_ref idref="fl-20"/>
      </object_component>
      <object_component id="oc-108">
         <name>ECap3RegsFile</name>
         <uninitialized>true</uninitialized>
         <run_address>0x6a40</run_address>
         <size>0x20</size>
         <input_file_ref idref="fl-20"/>
      </object_component>
      <object_component id="oc-109">
         <name>ECap4RegsFile</name>
         <uninitialized>true</uninitialized>
         <run_address>0x6a60</run_address>
         <size>0x20</size>
         <input_file_ref idref="fl-20"/>
      </object_component>
      <object_component id="oc-10e">
         <name>ECap5RegsFile</name>
         <uninitialized>true</uninitialized>
         <run_address>0x6a80</run_address>
         <size>0x20</size>
         <input_file_ref idref="fl-20"/>
      </object_component>
      <object_component id="oc-10f">
         <name>ECap6RegsFile</name>
         <uninitialized>true</uninitialized>
         <run_address>0x6aa0</run_address>
         <size>0x20</size>
         <input_file_ref idref="fl-20"/>
      </object_component>
      <object_component id="oc-121">
         <name>EQep1RegsFile</name>
         <uninitialized>true</uninitialized>
         <run_address>0x6b00</run_address>
         <size>0x40</size>
         <input_file_ref idref="fl-20"/>
      </object_component>
      <object_component id="oc-122">
         <name>EQep2RegsFile</name>
         <uninitialized>true</uninitialized>
         <run_address>0x6b40</run_address>
         <size>0x40</size>
         <input_file_ref idref="fl-20"/>
      </object_component>
      <object_component id="oc-119">
         <name>GpioCtrlRegsFile</name>
         <uninitialized>true</uninitialized>
         <run_address>0x6f80</run_address>
         <size>0x2e</size>
         <input_file_ref idref="fl-20"/>
      </object_component>
      <object_component id="oc-10c">
         <name>GpioDataRegsFile</name>
         <uninitialized>true</uninitialized>
         <run_address>0x6fc0</run_address>
         <size>0x20</size>
         <input_file_ref idref="fl-20"/>
      </object_component>
      <object_component id="oc-fd">
         <name>GpioIntRegsFile</name>
         <uninitialized>true</uninitialized>
         <run_address>0x6fe0</run_address>
         <size>0xa</size>
         <input_file_ref idref="fl-20"/>
      </object_component>
      <object_component id="oc-10d">
         <name>SysCtrlRegsFile</name>
         <uninitialized>true</uninitialized>
         <run_address>0x7010</run_address>
         <size>0x20</size>
         <input_file_ref idref="fl-20"/>
      </object_component>
      <object_component id="oc-fe">
         <name>SpiaRegsFile</name>
         <uninitialized>true</uninitialized>
         <run_address>0x7040</run_address>
         <size>0x10</size>
         <input_file_ref idref="fl-20"/>
      </object_component>
      <object_component id="oc-101">
         <name>SciaRegsFile</name>
         <uninitialized>true</uninitialized>
         <run_address>0x7050</run_address>
         <size>0x10</size>
         <input_file_ref idref="fl-20"/>
      </object_component>
      <object_component id="oc-104">
         <name>XIntruptRegsFile</name>
         <uninitialized>true</uninitialized>
         <run_address>0x7070</run_address>
         <size>0x10</size>
         <input_file_ref idref="fl-20"/>
      </object_component>
      <object_component id="oc-106">
         <name>AdcRegsFile</name>
         <uninitialized>true</uninitialized>
         <run_address>0x7100</run_address>
         <size>0x1e</size>
         <input_file_ref idref="fl-20"/>
      </object_component>
      <object_component id="oc-ff">
         <name>ScibRegsFile</name>
         <uninitialized>true</uninitialized>
         <run_address>0x7750</run_address>
         <size>0x10</size>
         <input_file_ref idref="fl-20"/>
      </object_component>
      <object_component id="oc-100">
         <name>ScicRegsFile</name>
         <uninitialized>true</uninitialized>
         <run_address>0x7770</run_address>
         <size>0x10</size>
         <input_file_ref idref="fl-20"/>
      </object_component>
      <object_component id="oc-112">
         <name>I2caRegsFile</name>
         <uninitialized>true</uninitialized>
         <run_address>0x7900</run_address>
         <size>0x22</size>
         <input_file_ref idref="fl-20"/>
      </object_component>
      <object_component id="oc-f9">
         <name>CsmPwlFile</name>
         <uninitialized>true</uninitialized>
         <run_address>0x33fff8</run_address>
         <size>0x8</size>
         <input_file_ref idref="fl-20"/>
      </object_component>
      <object_component id="oc-f7">
         <name>PartIdRegsFile</name>
         <uninitialized>true</uninitialized>
         <run_address>0x380090</run_address>
         <size>0x1</size>
         <input_file_ref idref="fl-20"/>
      </object_component>
      <object_component id="oc-76">
         <name>codestart</name>
         <load_address>0x0</load_address>
         <run_address>0x0</run_address>
         <size>0x2</size>
         <input_file_ref idref="fl-8"/>
      </object_component>
      <object_component id="oc-80">
         <name>ramfuncs</name>
         <load_address>0x814a</load_address>
         <run_address>0x814a</run_address>
         <size>0x4</size>
         <input_file_ref idref="fl-a"/>
      </object_component>
      <object_component id="oc-252">
         <name>.text</name>
         <load_address>0x8200</load_address>
         <run_address>0x8200</run_address>
         <size>0xd2e</size>
         <input_file_ref idref="fl-10"/>
      </object_component>
      <object_component id="oc-245">
         <name>.text</name>
         <load_address>0x8f2e</load_address>
         <run_address>0x8f2e</run_address>
         <size>0x7f8</size>
         <input_file_ref idref="fl-7"/>
      </object_component>
      <object_component id="oc-240">
         <name>.text</name>
         <load_address>0x9726</load_address>
         <run_address>0x9726</run_address>
         <size>0x500</size>
         <input_file_ref idref="fl-3"/>
      </object_component>
      <object_component id="oc-ce">
         <name>.text:retain</name>
         <load_address>0x9c26</load_address>
         <run_address>0x9c26</run_address>
         <size>0x316</size>
         <input_file_ref idref="fl-18"/>
      </object_component>
      <object_component id="oc-244">
         <name>.text</name>
         <load_address>0x9f3c</load_address>
         <run_address>0x9f3c</run_address>
         <size>0x23f</size>
         <input_file_ref idref="fl-d"/>
      </object_component>
      <object_component id="oc-25d">
         <name>.text</name>
         <load_address>0xa17b</load_address>
         <run_address>0xa17b</run_address>
         <size>0x226</size>
         <input_file_ref idref="fl-11"/>
      </object_component>
      <object_component id="oc-25a">
         <name>.text</name>
         <load_address>0xa3a1</load_address>
         <run_address>0xa3a1</run_address>
         <size>0x200</size>
         <input_file_ref idref="fl-39"/>
      </object_component>
      <object_component id="oc-26c">
         <name>.text</name>
         <load_address>0xa5a1</load_address>
         <run_address>0xa5a1</run_address>
         <size>0x1d2</size>
         <input_file_ref idref="fl-41"/>
      </object_component>
      <object_component id="oc-261">
         <name>.text</name>
         <load_address>0xa773</load_address>
         <run_address>0xa773</run_address>
         <size>0x1b6</size>
         <input_file_ref idref="fl-13"/>
      </object_component>
      <object_component id="oc-242">
         <name>.text</name>
         <load_address>0xa929</load_address>
         <run_address>0xa929</run_address>
         <size>0x158</size>
         <input_file_ref idref="fl-14"/>
      </object_component>
      <object_component id="oc-60">
         <name>.text:retain</name>
         <load_address>0xaa81</load_address>
         <run_address>0xaa81</run_address>
         <size>0x144</size>
         <input_file_ref idref="fl-5"/>
      </object_component>
      <object_component id="oc-241">
         <name>.text</name>
         <load_address>0xabc5</load_address>
         <run_address>0xabc5</run_address>
         <size>0x12f</size>
         <input_file_ref idref="fl-b"/>
      </object_component>
      <object_component id="oc-253">
         <name>.text</name>
         <load_address>0xacf4</load_address>
         <run_address>0xacf4</run_address>
         <size>0x128</size>
         <input_file_ref idref="fl-c"/>
      </object_component>
      <object_component id="oc-280">
         <name>.text</name>
         <load_address>0xae1c</load_address>
         <run_address>0xae1c</run_address>
         <size>0xf9</size>
         <input_file_ref idref="fl-59"/>
      </object_component>
      <object_component id="oc-25e">
         <name>.text</name>
         <load_address>0xaf15</load_address>
         <run_address>0xaf15</run_address>
         <size>0xf8</size>
         <input_file_ref idref="fl-9"/>
      </object_component>
      <object_component id="oc-276">
         <name>.text</name>
         <load_address>0xb00d</load_address>
         <run_address>0xb00d</run_address>
         <size>0xb0</size>
         <input_file_ref idref="fl-47"/>
      </object_component>
      <object_component id="oc-26b">
         <name>.text</name>
         <load_address>0xb0bd</load_address>
         <run_address>0xb0bd</run_address>
         <size>0x1</size>
         <input_file_ref idref="fl-37"/>
      </object_component>
      <object_component id="oc-268">
         <name>.text</name>
         <load_address>0xb0be</load_address>
         <run_address>0xb0be</run_address>
         <size>0x94</size>
         <input_file_ref idref="fl-58"/>
      </object_component>
      <object_component id="oc-27e">
         <name>.text</name>
         <load_address>0xb152</load_address>
         <run_address>0xb152</run_address>
         <size>0x89</size>
         <input_file_ref idref="fl-50"/>
      </object_component>
      <object_component id="oc-263">
         <name>.text</name>
         <load_address>0xb1db</load_address>
         <run_address>0xb1db</run_address>
         <size>0x88</size>
         <input_file_ref idref="fl-f"/>
      </object_component>
      <object_component id="oc-160">
         <name>.text</name>
         <load_address>0xb263</load_address>
         <run_address>0xb263</run_address>
         <size>0x88</size>
         <input_file_ref idref="fl-3b"/>
      </object_component>
      <object_component id="oc-277">
         <name>.text</name>
         <load_address>0xb2eb</load_address>
         <run_address>0xb2eb</run_address>
         <size>0x73</size>
         <input_file_ref idref="fl-46"/>
      </object_component>
      <object_component id="oc-281">
         <name>.text</name>
         <load_address>0xb35e</load_address>
         <run_address>0xb35e</run_address>
         <size>0x71</size>
         <input_file_ref idref="fl-5a"/>
      </object_component>
      <object_component id="oc-27a">
         <name>.text</name>
         <load_address>0xb3cf</load_address>
         <run_address>0xb3cf</run_address>
         <size>0x67</size>
         <input_file_ref idref="fl-4c"/>
      </object_component>
      <object_component id="oc-246">
         <name>.text</name>
         <load_address>0xb436</load_address>
         <run_address>0xb436</run_address>
         <size>0x67</size>
         <input_file_ref idref="fl-34"/>
      </object_component>
      <object_component id="oc-23f">
         <name>.text</name>
         <load_address>0xb49d</load_address>
         <run_address>0xb49d</run_address>
         <size>0x65</size>
         <input_file_ref idref="fl-2"/>
      </object_component>
      <object_component id="oc-24b">
         <name>.text</name>
         <load_address>0xb502</load_address>
         <run_address>0xb502</run_address>
         <size>0x61</size>
         <input_file_ref idref="fl-52"/>
      </object_component>
      <object_component id="oc-282">
         <name>.text</name>
         <load_address>0xb563</load_address>
         <run_address>0xb563</run_address>
         <size>0x5f</size>
         <input_file_ref idref="fl-5c"/>
      </object_component>
      <object_component id="oc-4d">
         <name>.text</name>
         <load_address>0xb5c2</load_address>
         <run_address>0xb5c2</run_address>
         <size>0x56</size>
         <input_file_ref idref="fl-3a"/>
      </object_component>
      <object_component id="oc-262">
         <name>.text</name>
         <load_address>0xb618</load_address>
         <run_address>0xb618</run_address>
         <size>0x54</size>
         <input_file_ref idref="fl-16"/>
      </object_component>
      <object_component id="oc-283">
         <name>.text</name>
         <load_address>0xb66c</load_address>
         <run_address>0xb66c</run_address>
         <size>0x51</size>
         <input_file_ref idref="fl-5d"/>
      </object_component>
      <object_component id="oc-247">
         <name>.text</name>
         <load_address>0xb6bd</load_address>
         <run_address>0xb6bd</run_address>
         <size>0x40</size>
         <input_file_ref idref="fl-53"/>
      </object_component>
      <object_component id="oc-249">
         <name>.text</name>
         <load_address>0xb6fd</load_address>
         <run_address>0xb6fd</run_address>
         <size>0x3f</size>
         <input_file_ref idref="fl-54"/>
      </object_component>
      <object_component id="oc-24d">
         <name>.text</name>
         <load_address>0xb73c</load_address>
         <run_address>0xb73c</run_address>
         <size>0x3e</size>
         <input_file_ref idref="fl-55"/>
      </object_component>
      <object_component id="oc-27d">
         <name>.text</name>
         <load_address>0xb77a</load_address>
         <run_address>0xb77a</run_address>
         <size>0x3d</size>
         <input_file_ref idref="fl-4d"/>
      </object_component>
      <object_component id="oc-24a">
         <name>.text</name>
         <load_address>0xb7b7</load_address>
         <run_address>0xb7b7</run_address>
         <size>0x38</size>
         <input_file_ref idref="fl-57"/>
      </object_component>
      <object_component id="oc-284">
         <name>.text</name>
         <load_address>0xb7ef</load_address>
         <run_address>0xb7ef</run_address>
         <size>0x33</size>
         <input_file_ref idref="fl-63"/>
      </object_component>
      <object_component id="oc-23e">
         <name>.text</name>
         <load_address>0xb822</load_address>
         <run_address>0xb822</run_address>
         <size>0x29</size>
         <input_file_ref idref="fl-40"/>
      </object_component>
      <object_component id="oc-248">
         <name>.text</name>
         <load_address>0xb84b</load_address>
         <run_address>0xb84b</run_address>
         <size>0x29</size>
         <input_file_ref idref="fl-51"/>
      </object_component>
      <object_component id="oc-25f">
         <name>.text</name>
         <load_address>0xb874</load_address>
         <run_address>0xb874</run_address>
         <size>0x28</size>
         <input_file_ref idref="fl-1c"/>
      </object_component>
      <object_component id="oc-23b">
         <name>.text</name>
         <load_address>0xb89c</load_address>
         <run_address>0xb89c</run_address>
         <size>0x24</size>
         <input_file_ref idref="fl-3c"/>
      </object_component>
      <object_component id="oc-24c">
         <name>.text</name>
         <load_address>0xb8c0</load_address>
         <run_address>0xb8c0</run_address>
         <size>0x24</size>
         <input_file_ref idref="fl-56"/>
      </object_component>
      <object_component id="oc-251">
         <name>.text</name>
         <load_address>0xb8e4</load_address>
         <run_address>0xb8e4</run_address>
         <size>0x20</size>
         <input_file_ref idref="fl-36"/>
      </object_component>
      <object_component id="oc-243">
         <name>.text</name>
         <load_address>0xb904</load_address>
         <run_address>0xb904</run_address>
         <size>0x1e</size>
         <input_file_ref idref="fl-6"/>
      </object_component>
      <object_component id="oc-24e">
         <name>.text</name>
         <load_address>0xb922</load_address>
         <run_address>0xb922</run_address>
         <size>0x1e</size>
         <input_file_ref idref="fl-3d"/>
      </object_component>
      <object_component id="oc-288">
         <name>.text</name>
         <load_address>0xb940</load_address>
         <run_address>0xb940</run_address>
         <size>0x1e</size>
         <input_file_ref idref="fl-61"/>
      </object_component>
      <object_component id="oc-23d">
         <name>.text</name>
         <load_address>0xb95e</load_address>
         <run_address>0xb95e</run_address>
         <size>0x19</size>
         <input_file_ref idref="fl-43"/>
      </object_component>
      <object_component id="oc-289">
         <name>.text</name>
         <load_address>0xb977</load_address>
         <run_address>0xb977</run_address>
         <size>0x19</size>
         <input_file_ref idref="fl-62"/>
      </object_component>
      <object_component id="oc-27c">
         <name>.text</name>
         <load_address>0xb990</load_address>
         <run_address>0xb990</run_address>
         <size>0x19</size>
         <input_file_ref idref="fl-4a"/>
      </object_component>
      <object_component id="oc-27f">
         <name>.text</name>
         <load_address>0xb9a9</load_address>
         <run_address>0xb9a9</run_address>
         <size>0x18</size>
         <input_file_ref idref="fl-4e"/>
      </object_component>
      <object_component id="oc-260">
         <name>.text</name>
         <load_address>0xb9c1</load_address>
         <run_address>0xb9c1</run_address>
         <size>0x11</size>
         <input_file_ref idref="fl-1d"/>
      </object_component>
      <object_component id="oc-27b">
         <name>.text</name>
         <load_address>0xb9d2</load_address>
         <run_address>0xb9d2</run_address>
         <size>0x10</size>
         <input_file_ref idref="fl-48"/>
      </object_component>
      <object_component id="oc-26f">
         <name>.text</name>
         <load_address>0xb9e2</load_address>
         <run_address>0xb9e2</run_address>
         <size>0xd</size>
         <input_file_ref idref="fl-44"/>
      </object_component>
      <object_component id="oc-275">
         <name>.text</name>
         <load_address>0xb9ef</load_address>
         <run_address>0xb9ef</run_address>
         <size>0xc</size>
         <input_file_ref idref="fl-4f"/>
      </object_component>
      <object_component id="oc-287">
         <name>.text</name>
         <load_address>0xb9fb</load_address>
         <run_address>0xb9fb</run_address>
         <size>0xc</size>
         <input_file_ref idref="fl-5f"/>
      </object_component>
      <object_component id="oc-286">
         <name>.text</name>
         <load_address>0xba07</load_address>
         <run_address>0xba07</run_address>
         <size>0xa</size>
         <input_file_ref idref="fl-60"/>
      </object_component>
      <object_component id="oc-26a">
         <name>.text</name>
         <load_address>0xba11</load_address>
         <run_address>0xba11</run_address>
         <size>0x9</size>
         <input_file_ref idref="fl-42"/>
      </object_component>
      <object_component id="oc-75">
         <name>.text</name>
         <load_address>0xba1a</load_address>
         <run_address>0xba1a</run_address>
         <size>0x8</size>
         <input_file_ref idref="fl-8"/>
      </object_component>
      <object_component id="oc-267">
         <name>.text</name>
         <load_address>0xba22</load_address>
         <run_address>0xba22</run_address>
         <size>0x8</size>
         <input_file_ref idref="fl-49"/>
      </object_component>
      <object_component id="oc-254">
         <name>.text</name>
         <load_address>0xba2a</load_address>
         <run_address>0xba2a</run_address>
         <size>0x5</size>
         <input_file_ref idref="fl-33"/>
      </object_component>
      <object_component id="oc-269">
         <name>.text</name>
         <load_address>0xba2f</load_address>
         <run_address>0xba2f</run_address>
         <size>0x5</size>
         <input_file_ref idref="fl-5b"/>
      </object_component>
      <object_component id="oc-26e">
         <name>.text</name>
         <load_address>0xba34</load_address>
         <run_address>0xba34</run_address>
         <size>0x4</size>
         <input_file_ref idref="fl-4b"/>
      </object_component>
      <object_component id="oc-255">
         <name>.text</name>
         <load_address>0xba38</load_address>
         <run_address>0xba38</run_address>
         <size>0x3</size>
         <input_file_ref idref="fl-31"/>
      </object_component>
      <object_component id="oc-256">
         <name>.text</name>
         <load_address>0xba3b</load_address>
         <run_address>0xba3b</run_address>
         <size>0x3</size>
         <input_file_ref idref="fl-32"/>
      </object_component>
      <object_component id="oc-264">
         <name>.text</name>
         <load_address>0xba3e</load_address>
         <run_address>0xba3e</run_address>
         <size>0x3</size>
         <input_file_ref idref="fl-35"/>
      </object_component>
      <object_component id="oc-285">
         <name>.text</name>
         <load_address>0xba41</load_address>
         <run_address>0xba41</run_address>
         <size>0x3</size>
         <input_file_ref idref="fl-5e"/>
      </object_component>
      <object_component id="oc-23a">
         <name>.text</name>
         <load_address>0xba44</load_address>
         <run_address>0xba44</run_address>
         <size>0x2</size>
         <input_file_ref idref="fl-3e"/>
      </object_component>
      <object_component id="oc-23c">
         <name>.text</name>
         <load_address>0xba46</load_address>
         <run_address>0xba46</run_address>
         <size>0x1</size>
         <input_file_ref idref="fl-3f"/>
      </object_component>
      <object_component id="oc-6e">
         <name>.cinit</name>
         <load_address>0x8000</load_address>
         <run_address>0x8000</run_address>
         <size>0x62</size>
         <input_file_ref idref="fl-7"/>
      </object_component>
      <object_component id="oc-56">
         <name>.cinit</name>
         <load_address>0x8062</load_address>
         <run_address>0x8062</run_address>
         <size>0x2a</size>
         <input_file_ref idref="fl-3"/>
      </object_component>
      <object_component id="oc-198">
         <name>.cinit</name>
         <load_address>0x808c</load_address>
         <run_address>0x808c</run_address>
         <size>0x2a</size>
         <input_file_ref idref="fl-45"/>
      </object_component>
      <object_component id="oc-1b1">
         <name>.cinit</name>
         <load_address>0x80b6</load_address>
         <run_address>0x80b6</run_address>
         <size>0x29</size>
         <input_file_ref idref="fl-4a"/>
      </object_component>
      <object_component id="oc-13a">
         <name>.cinit</name>
         <load_address>0x80df</load_address>
         <run_address>0x80df</run_address>
         <size>0x1b</size>
         <input_file_ref idref="fl-34"/>
      </object_component>
      <object_component id="oc-17a">
         <name>.cinit</name>
         <load_address>0x80fa</load_address>
         <run_address>0x80fa</run_address>
         <size>0xe</size>
         <input_file_ref idref="fl-40"/>
      </object_component>
      <object_component id="oc-66">
         <name>.cinit</name>
         <load_address>0x8108</load_address>
         <run_address>0x8108</run_address>
         <size>0x9</size>
         <input_file_ref idref="fl-6"/>
      </object_component>
      <object_component id="oc-9c">
         <name>.cinit</name>
         <load_address>0x8111</load_address>
         <run_address>0x8111</run_address>
         <size>0x8</size>
         <input_file_ref idref="fl-f"/>
      </object_component>
      <object_component id="oc-250">
         <name>.cinit:__lock</name>
         <load_address>0x8119</load_address>
         <run_address>0x8119</run_address>
         <size>0x5</size>
         <input_file_ref idref="fl-42"/>
      </object_component>
      <object_component id="oc-266">
         <name>.cinit:__unlock</name>
         <load_address>0x811e</load_address>
         <run_address>0x811e</run_address>
         <size>0x5</size>
         <input_file_ref idref="fl-42"/>
      </object_component>
      <object_component id="oc-150">
         <name>.cinit</name>
         <load_address>0x8123</load_address>
         <run_address>0x8123</run_address>
         <size>0x5</size>
         <input_file_ref idref="fl-38"/>
      </object_component>
      <object_component id="oc-154">
         <name>.cinit</name>
         <load_address>0x8128</load_address>
         <run_address>0x8128</run_address>
         <size>0x5</size>
         <input_file_ref idref="fl-39"/>
      </object_component>
      <object_component id="oc-86">
         <name>.cinit</name>
         <load_address>0x812d</load_address>
         <run_address>0x812d</run_address>
         <size>0x4</size>
         <input_file_ref idref="fl-b"/>
      </object_component>
      <object_component id="oc-200">
         <name>.cinit</name>
         <load_address>0x8131</load_address>
         <run_address>0x8131</run_address>
         <size>0x4</size>
         <input_file_ref idref="fl-59"/>
      </object_component>
      <object_component id="oc-181">
         <name>.cinit</name>
         <load_address>0x8135</load_address>
         <run_address>0x8135</run_address>
         <size>0x4</size>
         <input_file_ref idref="fl-41"/>
      </object_component>
      <object_component id="oc-207">
         <name>.cinit</name>
         <load_address>0x8139</load_address>
         <run_address>0x8139</run_address>
         <size>0x4</size>
         <input_file_ref idref="fl-5a"/>
      </object_component>
      <object_component id="oc-58">
         <name>.pinit</name>
         <load_address>0x8140</load_address>
         <run_address>0x8140</run_address>
         <size>0x2</size>
         <input_file_ref idref="fl-3"/>
      </object_component>
      <object_component id="oc-50">
         <name>.pinit</name>
         <load_address>0x8142</load_address>
         <run_address>0x8142</run_address>
         <size>0x2</size>
         <input_file_ref idref="fl-2"/>
      </object_component>
      <object_component id="oc-68">
         <name>.pinit</name>
         <load_address>0x8144</load_address>
         <run_address>0x8144</run_address>
         <size>0x2</size>
         <input_file_ref idref="fl-6"/>
      </object_component>
      <object_component id="oc-70">
         <name>.pinit</name>
         <load_address>0x8146</load_address>
         <run_address>0x8146</run_address>
         <size>0x2</size>
         <input_file_ref idref="fl-7"/>
      </object_component>
      <object_component id="oc-15a">
         <name>.stack</name>
         <uninitialized>true</uninitialized>
         <run_address>0x400</run_address>
         <size>0x0</size>
         <input_file_ref idref="fl-3a"/>
      </object_component>
      <object_component id="oc-2e1">
         <name>.stack</name>
         <uninitialized>true</uninitialized>
         <run_address>0x400</run_address>
         <size>0x0</size>
      </object_component>
      <object_component id="oc-4f">
         <name>.ebss</name>
         <uninitialized>true</uninitialized>
         <run_address>0xc298</run_address>
         <size>0x27</size>
         <input_file_ref idref="fl-2"/>
      </object_component>
      <object_component id="oc-57">
         <name>.ebss</name>
         <uninitialized>true</uninitialized>
         <run_address>0xc640</run_address>
         <size>0x56</size>
         <input_file_ref idref="fl-3"/>
      </object_component>
      <object_component id="oc-67">
         <name>.ebss</name>
         <uninitialized>true</uninitialized>
         <run_address>0xc180</run_address>
         <size>0x118</size>
         <input_file_ref idref="fl-6"/>
      </object_component>
      <object_component id="oc-6f">
         <name>.ebss</name>
         <uninitialized>true</uninitialized>
         <run_address>0xc4c0</run_address>
         <size>0xc0</size>
         <input_file_ref idref="fl-7"/>
      </object_component>
      <object_component id="oc-87">
         <name>.ebss</name>
         <uninitialized>true</uninitialized>
         <run_address>0xc2bf</run_address>
         <size>0x1</size>
         <input_file_ref idref="fl-b"/>
      </object_component>
      <object_component id="oc-9d">
         <name>.ebss</name>
         <uninitialized>true</uninitialized>
         <run_address>0xc488</run_address>
         <size>0x9</size>
         <input_file_ref idref="fl-f"/>
      </object_component>
      <object_component id="oc-a3">
         <name>.ebss</name>
         <uninitialized>true</uninitialized>
         <run_address>0xc3c0</run_address>
         <size>0xc8</size>
         <input_file_ref idref="fl-10"/>
      </object_component>
      <object_component id="oc-c3">
         <name>.ebss</name>
         <uninitialized>true</uninitialized>
         <run_address>0xc160</run_address>
         <size>0x18</size>
         <input_file_ref idref="fl-16"/>
      </object_component>
      <object_component id="oc-13b">
         <name>.ebss</name>
         <uninitialized>true</uninitialized>
         <run_address>0xc2c0</run_address>
         <size>0x100</size>
         <input_file_ref idref="fl-34"/>
      </object_component>
      <object_component id="oc-151">
         <name>.ebss</name>
         <uninitialized>true</uninitialized>
         <run_address>0xc4a4</run_address>
         <size>0x2</size>
         <input_file_ref idref="fl-38"/>
      </object_component>
      <object_component id="oc-155">
         <name>.ebss</name>
         <uninitialized>true</uninitialized>
         <run_address>0xc4a6</run_address>
         <size>0x2</size>
         <input_file_ref idref="fl-39"/>
      </object_component>
      <object_component id="oc-17b">
         <name>.ebss</name>
         <uninitialized>true</uninitialized>
         <run_address>0xc49a</run_address>
         <size>0x6</size>
         <input_file_ref idref="fl-40"/>
      </object_component>
      <object_component id="oc-182">
         <name>.ebss</name>
         <uninitialized>true</uninitialized>
         <run_address>0xc492</run_address>
         <size>0x8</size>
         <input_file_ref idref="fl-41"/>
      </object_component>
      <object_component id="oc-265">
         <name>.ebss:__unlock</name>
         <uninitialized>true</uninitialized>
         <run_address>0xc4a2</run_address>
         <size>0x2</size>
         <input_file_ref idref="fl-42"/>
      </object_component>
      <object_component id="oc-24f">
         <name>.ebss:__lock</name>
         <uninitialized>true</uninitialized>
         <run_address>0xc4a0</run_address>
         <size>0x2</size>
         <input_file_ref idref="fl-42"/>
      </object_component>
      <object_component id="oc-199">
         <name>.ebss</name>
         <uninitialized>true</uninitialized>
         <run_address>0xc000</run_address>
         <size>0x160</size>
         <input_file_ref idref="fl-45"/>
      </object_component>
      <object_component id="oc-1b2">
         <name>.ebss</name>
         <uninitialized>true</uninitialized>
         <run_address>0xc580</run_address>
         <size>0x88</size>
         <input_file_ref idref="fl-4a"/>
      </object_component>
      <object_component id="oc-1e0">
         <name>.ebss</name>
         <uninitialized>true</uninitialized>
         <run_address>0xc178</run_address>
         <size>0x8</size>
         <input_file_ref idref="fl-53"/>
      </object_component>
      <object_component id="oc-201">
         <name>.ebss</name>
         <uninitialized>true</uninitialized>
         <run_address>0xc491</run_address>
         <size>0x1</size>
         <input_file_ref idref="fl-59"/>
      </object_component>
      <object_component id="oc-208">
         <name>.ebss</name>
         <uninitialized>true</uninitialized>
         <run_address>0xc4a8</run_address>
         <size>0x1</size>
         <input_file_ref idref="fl-5a"/>
      </object_component>
      <object_component id="oc-a9">
         <name>.econst:.string</name>
         <load_address>0xd000</load_address>
         <run_address>0xd000</run_address>
         <size>0x13f</size>
         <input_file_ref idref="fl-11"/>
      </object_component>
      <object_component id="oc-270">
         <name>.econst:_PieVectTableInit</name>
         <load_address>0xd140</load_address>
         <run_address>0xd140</run_address>
         <size>0x100</size>
         <input_file_ref idref="fl-1d"/>
      </object_component>
      <object_component id="oc-272">
         <name>.econst:_Fr_low_level_cfg_set_00</name>
         <load_address>0xd240</load_address>
         <run_address>0xd240</run_address>
         <size>0x38</size>
         <input_file_ref idref="fl-4"/>
      </object_component>
      <object_component id="oc-271">
         <name>.econst:_Fr_HW_cfg_00</name>
         <load_address>0xd278</load_address>
         <run_address>0xd278</run_address>
         <size>0x12</size>
         <input_file_ref idref="fl-4"/>
      </object_component>
      <object_component id="oc-257">
         <name>.econst:_$P$T3$1</name>
         <load_address>0xd28a</load_address>
         <run_address>0xd28a</run_address>
         <size>0xf</size>
         <input_file_ref idref="fl-3"/>
      </object_component>
      <object_component id="oc-278">
         <name>.econst:_Fr_tx_buffer_Frame_CZT_10ms_cfg</name>
         <load_address>0xd299</load_address>
         <run_address>0xd299</run_address>
         <size>0xd</size>
         <input_file_ref idref="fl-4"/>
      </object_component>
      <object_component id="oc-273">
         <name>.econst:_Fr_buffer_cfg_00</name>
         <load_address>0xd2a6</load_address>
         <run_address>0xd2a6</run_address>
         <size>0xc</size>
         <input_file_ref idref="fl-4"/>
      </object_component>
      <object_component id="oc-279">
         <name>.econst:_Fr_rx_shadow_cfg</name>
         <load_address>0xd2b2</load_address>
         <run_address>0xd2b2</run_address>
         <size>0x8</size>
         <input_file_ref idref="fl-4"/>
      </object_component>
      <object_component id="oc-258">
         <name>.econst:___vtbl__10PtThreadEx</name>
         <load_address>0xd2ba</load_address>
         <run_address>0xd2ba</run_address>
         <size>0x8</size>
         <input_file_ref idref="fl-b"/>
      </object_component>
      <object_component id="oc-26d">
         <name>.econst:___vtbl__11AT93C56_SPI</name>
         <load_address>0xd2c2</load_address>
         <run_address>0xd2c2</run_address>
         <size>0x8</size>
         <input_file_ref idref="fl-c"/>
      </object_component>
      <object_component id="oc-259">
         <name>.econst:___vtbl__16UnlockFifoBuffer</name>
         <load_address>0xd2ca</load_address>
         <run_address>0xd2ca</run_address>
         <size>0x8</size>
         <input_file_ref idref="fl-14"/>
      </object_component>
      <object_component id="oc-25c">
         <name>.econst:___vtbl__18FrameAnalyzer_Auto</name>
         <load_address>0xd2d2</load_address>
         <run_address>0xd2d2</run_address>
         <size>0x8</size>
         <input_file_ref idref="fl-d"/>
      </object_component>
      <object_component id="oc-25b">
         <name>.econst:___vtbl__23CSerialPortDataAnalyzer</name>
         <load_address>0xd2da</load_address>
         <run_address>0xd2da</run_address>
         <size>0x8</size>
         <input_file_ref idref="fl-d"/>
      </object_component>
      <object_component id="oc-274">
         <name>.econst:.string:_Fr_buffer_cfg_set_00</name>
         <load_address>0xd2e2</load_address>
         <run_address>0xd2e2</run_address>
         <size>0x3</size>
         <input_file_ref idref="fl-4"/>
      </object_component>
      <object_component id="oc-1a1">
         <name>.econst:.string</name>
         <load_address>0xd2e6</load_address>
         <run_address>0xd2e6</run_address>
         <size>0x2</size>
         <input_file_ref idref="fl-47"/>
      </object_component>
      <object_component id="oc-183">
         <name>.esysmem</name>
         <uninitialized>true</uninitialized>
         <run_address>0xe000</run_address>
         <size>0x1</size>
         <input_file_ref idref="fl-41"/>
      </object_component>
      <object_component id="oc-2e2">
         <name>.esysmem</name>
         <uninitialized>true</uninitialized>
         <run_address>0xe000</run_address>
         <size>0x0</size>
      </object_component>
      <object_component id="oc-1fa">
         <name>.cio</name>
         <uninitialized>true</uninitialized>
         <run_address>0xf000</run_address>
         <size>0x120</size>
         <input_file_ref idref="fl-58"/>
      </object_component>
      <object_component id="oc-15b">
         <name>.reset</name>
         <load_address>0x3fffc0</load_address>
         <run_address>0x3fffc0</run_address>
         <size>0x2</size>
         <input_file_ref idref="fl-3a"/>
      </object_component>
      <object_component id="oc-bd">
         <name>.adc_cal</name>
         <load_address>0x380080</load_address>
         <run_address>0x380080</run_address>
         <size>0x7</size>
         <input_file_ref idref="fl-15"/>
      </object_component>
      <object_component id="oc-4e">
         <name>.debug_info</name>
         <load_address>0x0</load_address>
         <run_address>0x0</run_address>
         <size>0xaab</size>
         <input_file_ref idref="fl-2"/>
      </object_component>
      <object_component id="oc-55">
         <name>.debug_info</name>
         <load_address>0xaab</load_address>
         <run_address>0xaab</run_address>
         <size>0x3b6c</size>
         <input_file_ref idref="fl-3"/>
      </object_component>
      <object_component id="oc-5d">
         <name>.debug_info</name>
         <load_address>0x4617</load_address>
         <run_address>0x4617</run_address>
         <size>0x1ad7</size>
         <input_file_ref idref="fl-4"/>
      </object_component>
      <object_component id="oc-5f">
         <name>.debug_info</name>
         <load_address>0x60ee</load_address>
         <run_address>0x60ee</run_address>
         <size>0x3b55</size>
         <input_file_ref idref="fl-5"/>
      </object_component>
      <object_component id="oc-65">
         <name>.debug_info</name>
         <load_address>0x9c43</load_address>
         <run_address>0x9c43</run_address>
         <size>0xe18</size>
         <input_file_ref idref="fl-6"/>
      </object_component>
      <object_component id="oc-6d">
         <name>.debug_info</name>
         <load_address>0xaa5b</load_address>
         <run_address>0xaa5b</run_address>
         <size>0xc026</size>
         <input_file_ref idref="fl-7"/>
      </object_component>
      <object_component id="oc-77">
         <name>.debug_info</name>
         <load_address>0x16a81</load_address>
         <run_address>0x16a81</run_address>
         <size>0x12a</size>
         <input_file_ref idref="fl-8"/>
      </object_component>
      <object_component id="oc-7b">
         <name>.debug_info</name>
         <load_address>0x16bab</load_address>
         <run_address>0x16bab</run_address>
         <size>0x2091</size>
         <input_file_ref idref="fl-9"/>
      </object_component>
      <object_component id="oc-81">
         <name>.debug_info</name>
         <load_address>0x18c3c</load_address>
         <run_address>0x18c3c</run_address>
         <size>0xee</size>
         <input_file_ref idref="fl-a"/>
      </object_component>
      <object_component id="oc-85">
         <name>.debug_info</name>
         <load_address>0x18d2a</load_address>
         <run_address>0x18d2a</run_address>
         <size>0x1f1d</size>
         <input_file_ref idref="fl-b"/>
      </object_component>
      <object_component id="oc-8c">
         <name>.debug_info</name>
         <load_address>0x1ac47</load_address>
         <run_address>0x1ac47</run_address>
         <size>0x4662</size>
         <input_file_ref idref="fl-c"/>
      </object_component>
      <object_component id="oc-91">
         <name>.debug_info</name>
         <load_address>0x1f2a9</load_address>
         <run_address>0x1f2a9</run_address>
         <size>0x27ce</size>
         <input_file_ref idref="fl-d"/>
      </object_component>
      <object_component id="oc-96">
         <name>.debug_info</name>
         <load_address>0x21a77</load_address>
         <run_address>0x21a77</run_address>
         <size>0x5dcb</size>
         <input_file_ref idref="fl-e"/>
      </object_component>
      <object_component id="oc-9b">
         <name>.debug_info</name>
         <load_address>0x27842</load_address>
         <run_address>0x27842</run_address>
         <size>0x1f08</size>
         <input_file_ref idref="fl-f"/>
      </object_component>
      <object_component id="oc-a2">
         <name>.debug_info</name>
         <load_address>0x2974a</load_address>
         <run_address>0x2974a</run_address>
         <size>0x4da0</size>
         <input_file_ref idref="fl-10"/>
      </object_component>
      <object_component id="oc-a8">
         <name>.debug_info</name>
         <load_address>0x2e4ea</load_address>
         <run_address>0x2e4ea</run_address>
         <size>0x20a0</size>
         <input_file_ref idref="fl-11"/>
      </object_component>
      <object_component id="oc-ae">
         <name>.debug_info</name>
         <load_address>0x3058a</load_address>
         <run_address>0x3058a</run_address>
         <size>0x732</size>
         <input_file_ref idref="fl-12"/>
      </object_component>
      <object_component id="oc-b3">
         <name>.debug_info</name>
         <load_address>0x30cbc</load_address>
         <run_address>0x30cbc</run_address>
         <size>0x2c3d</size>
         <input_file_ref idref="fl-13"/>
      </object_component>
      <object_component id="oc-b8">
         <name>.debug_info</name>
         <load_address>0x338f9</load_address>
         <run_address>0x338f9</run_address>
         <size>0x1333</size>
         <input_file_ref idref="fl-14"/>
      </object_component>
      <object_component id="oc-be">
         <name>.debug_info</name>
         <load_address>0x34c2c</load_address>
         <run_address>0x34c2c</run_address>
         <size>0x16b</size>
         <input_file_ref idref="fl-15"/>
      </object_component>
      <object_component id="oc-c2">
         <name>.debug_info</name>
         <load_address>0x34d97</load_address>
         <run_address>0x34d97</run_address>
         <size>0xae6</size>
         <input_file_ref idref="fl-16"/>
      </object_component>
      <object_component id="oc-c8">
         <name>.debug_info</name>
         <load_address>0x3587d</load_address>
         <run_address>0x3587d</run_address>
         <size>0x178b</size>
         <input_file_ref idref="fl-17"/>
      </object_component>
      <object_component id="oc-cd">
         <name>.debug_info</name>
         <load_address>0x37008</load_address>
         <run_address>0x37008</run_address>
         <size>0x4919</size>
         <input_file_ref idref="fl-18"/>
      </object_component>
      <object_component id="oc-d3">
         <name>.debug_info</name>
         <load_address>0x3b921</load_address>
         <run_address>0x3b921</run_address>
         <size>0x5dd4</size>
         <input_file_ref idref="fl-19"/>
      </object_component>
      <object_component id="oc-d8">
         <name>.debug_info</name>
         <load_address>0x416f5</load_address>
         <run_address>0x416f5</run_address>
         <size>0x1be2</size>
         <input_file_ref idref="fl-1a"/>
      </object_component>
      <object_component id="oc-dd">
         <name>.debug_info</name>
         <load_address>0x432d7</load_address>
         <run_address>0x432d7</run_address>
         <size>0x3b7</size>
         <input_file_ref idref="fl-1b"/>
      </object_component>
      <object_component id="oc-e2">
         <name>.debug_info</name>
         <load_address>0x4368e</load_address>
         <run_address>0x4368e</run_address>
         <size>0xc8e</size>
         <input_file_ref idref="fl-1c"/>
      </object_component>
      <object_component id="oc-e7">
         <name>.debug_info</name>
         <load_address>0x4431c</load_address>
         <run_address>0x4431c</run_address>
         <size>0x2388</size>
         <input_file_ref idref="fl-1d"/>
      </object_component>
      <object_component id="oc-ec">
         <name>.debug_info</name>
         <load_address>0x466a4</load_address>
         <run_address>0x466a4</run_address>
         <size>0x1be1</size>
         <input_file_ref idref="fl-1e"/>
      </object_component>
      <object_component id="oc-f1">
         <name>.debug_info</name>
         <load_address>0x48285</load_address>
         <run_address>0x48285</run_address>
         <size>0x1be1</size>
         <input_file_ref idref="fl-1f"/>
      </object_component>
      <object_component id="oc-f6">
         <name>.debug_info</name>
         <load_address>0x49e66</load_address>
         <run_address>0x49e66</run_address>
         <size>0x1345a</size>
         <input_file_ref idref="fl-20"/>
      </object_component>
      <object_component id="oc-12a">
         <name>.debug_info</name>
         <load_address>0x5d2c0</load_address>
         <run_address>0x5d2c0</run_address>
         <size>0x436</size>
         <input_file_ref idref="fl-31"/>
      </object_component>
      <object_component id="oc-12f">
         <name>.debug_info</name>
         <load_address>0x5d6f6</load_address>
         <run_address>0x5d6f6</run_address>
         <size>0x447</size>
         <input_file_ref idref="fl-32"/>
      </object_component>
      <object_component id="oc-134">
         <name>.debug_info</name>
         <load_address>0x5db3d</load_address>
         <run_address>0x5db3d</run_address>
         <size>0x425</size>
         <input_file_ref idref="fl-33"/>
      </object_component>
      <object_component id="oc-139">
         <name>.debug_info</name>
         <load_address>0x5df62</load_address>
         <run_address>0x5df62</run_address>
         <size>0xfaf</size>
         <input_file_ref idref="fl-34"/>
      </object_component>
      <object_component id="oc-140">
         <name>.debug_info</name>
         <load_address>0x5ef11</load_address>
         <run_address>0x5ef11</run_address>
         <size>0x5c0</size>
         <input_file_ref idref="fl-35"/>
      </object_component>
      <object_component id="oc-145">
         <name>.debug_info</name>
         <load_address>0x5f4d1</load_address>
         <run_address>0x5f4d1</run_address>
         <size>0x4df</size>
         <input_file_ref idref="fl-36"/>
      </object_component>
      <object_component id="oc-14a">
         <name>.debug_info</name>
         <load_address>0x5f9b0</load_address>
         <run_address>0x5f9b0</run_address>
         <size>0x3fd</size>
         <input_file_ref idref="fl-37"/>
      </object_component>
      <object_component id="oc-14f">
         <name>.debug_info</name>
         <load_address>0x5fdad</load_address>
         <run_address>0x5fdad</run_address>
         <size>0x1e3</size>
         <input_file_ref idref="fl-38"/>
      </object_component>
      <object_component id="oc-153">
         <name>.debug_info</name>
         <load_address>0x5ff90</load_address>
         <run_address>0x5ff90</run_address>
         <size>0x2407</size>
         <input_file_ref idref="fl-39"/>
      </object_component>
      <object_component id="oc-15c">
         <name>.debug_info</name>
         <load_address>0x62397</load_address>
         <run_address>0x62397</run_address>
         <size>0x16b</size>
         <input_file_ref idref="fl-3a"/>
      </object_component>
      <object_component id="oc-161">
         <name>.debug_info</name>
         <load_address>0x62502</load_address>
         <run_address>0x62502</run_address>
         <size>0x10c</size>
         <input_file_ref idref="fl-3b"/>
      </object_component>
      <object_component id="oc-165">
         <name>.debug_info</name>
         <load_address>0x6260e</load_address>
         <run_address>0x6260e</run_address>
         <size>0x57f</size>
         <input_file_ref idref="fl-3c"/>
      </object_component>
      <object_component id="oc-16a">
         <name>.debug_info</name>
         <load_address>0x62b8d</load_address>
         <run_address>0x62b8d</run_address>
         <size>0x47a</size>
         <input_file_ref idref="fl-3d"/>
      </object_component>
      <object_component id="oc-16f">
         <name>.debug_info</name>
         <load_address>0x63007</load_address>
         <run_address>0x63007</run_address>
         <size>0x3ed</size>
         <input_file_ref idref="fl-3e"/>
      </object_component>
      <object_component id="oc-174">
         <name>.debug_info</name>
         <load_address>0x633f4</load_address>
         <run_address>0x633f4</run_address>
         <size>0x3ea</size>
         <input_file_ref idref="fl-3f"/>
      </object_component>
      <object_component id="oc-179">
         <name>.debug_info</name>
         <load_address>0x637de</load_address>
         <run_address>0x637de</run_address>
         <size>0x584</size>
         <input_file_ref idref="fl-40"/>
      </object_component>
      <object_component id="oc-180">
         <name>.debug_info</name>
         <load_address>0x63d62</load_address>
         <run_address>0x63d62</run_address>
         <size>0xb24</size>
         <input_file_ref idref="fl-41"/>
      </object_component>
      <object_component id="oc-188">
         <name>.debug_info</name>
         <load_address>0x64886</load_address>
         <run_address>0x64886</run_address>
         <size>0x50c</size>
         <input_file_ref idref="fl-42"/>
      </object_component>
      <object_component id="oc-18d">
         <name>.debug_info</name>
         <load_address>0x64d92</load_address>
         <run_address>0x64d92</run_address>
         <size>0x4a7</size>
         <input_file_ref idref="fl-43"/>
      </object_component>
      <object_component id="oc-192">
         <name>.debug_info</name>
         <load_address>0x65239</load_address>
         <run_address>0x65239</run_address>
         <size>0x558</size>
         <input_file_ref idref="fl-44"/>
      </object_component>
      <object_component id="oc-197">
         <name>.debug_info</name>
         <load_address>0x65791</load_address>
         <run_address>0x65791</run_address>
         <size>0x2d7</size>
         <input_file_ref idref="fl-45"/>
      </object_component>
      <object_component id="oc-19b">
         <name>.debug_info</name>
         <load_address>0x65a68</load_address>
         <run_address>0x65a68</run_address>
         <size>0x66b</size>
         <input_file_ref idref="fl-46"/>
      </object_component>
      <object_component id="oc-1a0">
         <name>.debug_info</name>
         <load_address>0x660d3</load_address>
         <run_address>0x660d3</run_address>
         <size>0x815</size>
         <input_file_ref idref="fl-47"/>
      </object_component>
      <object_component id="oc-1a6">
         <name>.debug_info</name>
         <load_address>0x668e8</load_address>
         <run_address>0x668e8</run_address>
         <size>0x506</size>
         <input_file_ref idref="fl-48"/>
      </object_component>
      <object_component id="oc-1ab">
         <name>.debug_info</name>
         <load_address>0x66dee</load_address>
         <run_address>0x66dee</run_address>
         <size>0x4da</size>
         <input_file_ref idref="fl-49"/>
      </object_component>
      <object_component id="oc-1b0">
         <name>.debug_info</name>
         <load_address>0x672c8</load_address>
         <run_address>0x672c8</run_address>
         <size>0x7eb</size>
         <input_file_ref idref="fl-4a"/>
      </object_component>
      <object_component id="oc-1b7">
         <name>.debug_info</name>
         <load_address>0x67ab3</load_address>
         <run_address>0x67ab3</run_address>
         <size>0x44b</size>
         <input_file_ref idref="fl-4b"/>
      </object_component>
      <object_component id="oc-1bc">
         <name>.debug_info</name>
         <load_address>0x67efe</load_address>
         <run_address>0x67efe</run_address>
         <size>0x600</size>
         <input_file_ref idref="fl-4c"/>
      </object_component>
      <object_component id="oc-1c1">
[...]
         <value>0x6280</value>
         <object_component_ref idref="oc-11d"/>
      </symbol>
      <symbol id="sm-683">
         <name>_ECanaRegs</name>
         <value>0x6000</value>
         <object_component_ref idref="oc-11a"/>
      </symbol>
      <symbol id="sm-684">
         <name>_AdcMirror</name>
         <value>0xb00</value>
         <object_component_ref idref="oc-103"/>
      </symbol>
      <symbol id="sm-685">
         <name>_ECanbMboxes</name>
         <value>0x6300</value>
         <object_component_ref idref="oc-126"/>
      </symbol>
      <symbol id="sm-686">
         <name>_XintfRegs</name>
         <value>0xb20</value>
         <object_component_ref idref="oc-107"/>
      </symbol>
      <symbol id="sm-687">
         <name>_ScicRegs</name>
         <value>0x7770</value>
         <object_component_ref idref="oc-100"/>
      </symbol>
      <symbol id="sm-688">
         <name>_ECap1Regs</name>
         <value>0x6a00</value>
         <object_component_ref idref="oc-10a"/>
      </symbol>
      <symbol id="sm-689">
         <name>_EQep1Regs</name>
         <value>0x6b00</value>
         <object_component_ref idref="oc-121"/>
      </symbol>
      <symbol id="sm-68a">
         <name>_McbspaRegs</name>
         <value>0x5000</value>
         <object_component_ref idref="oc-118"/>
      </symbol>
      <symbol id="sm-68b">
         <name>_EPwm1Regs</name>
         <value>0x6800</value>
         <object_component_ref idref="oc-115"/>
      </symbol>
      <symbol id="sm-68c">
         <name>_ECanbRegs</name>
         <value>0x6200</value>
         <object_component_ref idref="oc-11b"/>
      </symbol>
      <symbol id="sm-68d">
         <name>_ScibRegs</name>
         <value>0x7750</value>
         <object_component_ref idref="oc-ff"/>
      </symbol>
      <symbol id="sm-68e">
         <name>_ECap2Regs</name>
         <value>0x6a20</value>
         <object_component_ref idref="oc-10b"/>
      </symbol>
      <symbol id="sm-68f">
         <name>_GpioIntRegs</name>
         <value>0x6fe0</value>
         <object_component_ref idref="oc-fd"/>
      </symbol>
      <symbol id="sm-690">
         <name>_EQep2Regs</name>
         <value>0x6b40</value>
         <object_component_ref idref="oc-122"/>
      </symbol>
      <symbol id="sm-691">
         <name>_PartIdRegs</name>
         <value>0x380090</value>
         <object_component_ref idref="oc-f7"/>
      </symbol>
      <symbol id="sm-692">
         <name>_EPwm2Regs</name>
         <value>0x6840</value>
         <object_component_ref idref="oc-110"/>
      </symbol>
      <symbol id="sm-693">
         <name>_ECanaMboxes</name>
         <value>0x6100</value>
         <object_component_ref idref="oc-127"/>
      </symbol>
      <symbol id="sm-694">
         <name>_ECap3Regs</name>
         <value>0x6a40</value>
         <object_component_ref idref="oc-108"/>
      </symbol>
      <symbol id="sm-695">
         <name>_ECanaMOTORegs</name>
         <value>0x60c0</value>
         <object_component_ref idref="oc-11c"/>
      </symbol>
      <symbol id="sm-696">
         <name>_EPwm3Regs</name>
         <value>0x6880</value>
         <object_component_ref idref="oc-111"/>
      </symbol>
      <symbol id="sm-697">
         <name>_ECanbLAMRegs</name>
         <value>0x6240</value>
         <object_component_ref idref="oc-123"/>
      </symbol>
      <symbol id="sm-698">
         <name>_I2caRegs</name>
         <value>0x7900</value>
         <object_component_ref idref="oc-112"/>
      </symbol>
      <symbol id="sm-6a4">
         <name>___dla__FPv</name>
         <value>0xba38</value>
         <object_component_ref idref="oc-255"/>
      </symbol>
      <symbol id="sm-6b0">
         <name>___nwa__FUl</name>
         <value>0xba3b</value>
         <object_component_ref idref="oc-256"/>
      </symbol>
      <symbol id="sm-6bd">
         <name>___dl__FPv</name>
         <value>0xba2a</value>
         <object_component_ref idref="oc-254"/>
      </symbol>
      <symbol id="sm-6d9">
         <name>___process_needed_destructions__Fv</name>
         <value>0xb459</value>
         <object_component_ref idref="oc-246"/>
      </symbol>
      <symbol id="sm-6da">
         <name>___already_marked_for_destruction</name>
         <value>0xb436</value>
         <object_component_ref idref="oc-246"/>
      </symbol>
      <symbol id="sm-6db">
         <name>___dummy_variable_used_to_force_definition_of__link</name>
         <value>0xc2c2</value>
         <object_component_ref idref="oc-13b"/>
      </symbol>
      <symbol id="sm-6dc">
         <name>___record_needed_destruction</name>
         <value>0xb461</value>
         <object_component_ref idref="oc-246"/>
      </symbol>
      <symbol id="sm-6dd">
         <name>___CPR78____record_destruction_on_list__FPP20a_needed_destructionPJ33J</name>
         <value>0xb43a</value>
         <object_component_ref idref="oc-246"/>
      </symbol>
      <symbol id="sm-6de">
         <name>___std__needed_destruction_list</name>
         <value>0xb459</value>
         <object_component_ref idref="oc-246"/>
      </symbol>
      <symbol id="sm-6df">
         <name>_atexit</name>
         <value>0xb477</value>
         <object_component_ref idref="oc-246"/>
      </symbol>
      <symbol id="sm-6e0">
         <name>___process_destruction_list__FPP20a_needed_destruction</name>
         <value>0xb445</value>
         <object_component_ref idref="oc-246"/>
      </symbol>
      <symbol id="sm-6e1">
         <name>___add_dtor</name>
         <value>0xb461</value>
         <object_component_ref idref="oc-246"/>
      </symbol>
      <symbol id="sm-6e2">
         <name>___atexit_func_id__</name>
         <value>0xc2c0</value>
         <object_component_ref idref="oc-13b"/>
      </symbol>
      <symbol id="sm-6ee">
         <name>___abort_execution</name>
         <value>0xba3e</value>
         <object_component_ref idref="oc-264"/>
      </symbol>
      <symbol id="sm-6fe">
         <name>___nw__FUl</name>
         <value>0xb8e4</value>
         <object_component_ref idref="oc-251"/>
      </symbol>
      <symbol id="sm-70a">
         <name>___default_new_handler__Fv</name>
         <value>0xb0bd</value>
         <object_component_ref idref="oc-26b"/>
      </symbol>
      <symbol id="sm-714">
         <name>__new_handler</name>
         <value>0xc4a4</value>
         <object_component_ref idref="oc-151"/>
      </symbol>
      <symbol id="sm-747">
         <name>___pcanew</name>
         <value>0xa454</value>
         <object_component_ref idref="oc-25a"/>
      </symbol>
      <symbol id="sm-748">
         <name>___array_new_zero</name>
         <value>0xa515</value>
         <object_component_ref idref="oc-25a"/>
      </symbol>
      <symbol id="sm-749">
         <name>___acctor_eh</name>
         <value>0xa582</value>
         <object_component_ref idref="oc-25a"/>
      </symbol>
      <symbol id="sm-74a">
         <name>___anew</name>
         <value>0xa54c</value>
         <object_component_ref idref="oc-25a"/>
      </symbol>
      <symbol id="sm-74b">
         <name>___anew_eh</name>
         <value>0xa52e</value>
         <object_component_ref idref="oc-25a"/>
      </symbol>
      <symbol id="sm-74c">
         <name>___vec_new_eh_zero</name>
         <value>0xa41d</value>
         <object_component_ref idref="oc-25a"/>
      </symbol>
      <symbol id="sm-74d">
         <name>___adelete</name>
         <value>0xa568</value>
         <object_component_ref idref="oc-25a"/>
      </symbol>
      <symbol id="sm-74e">
         <name>___array_new_prefix_size</name>
         <value>0xc4a6</value>
         <object_component_ref idref="oc-155"/>
      </symbol>
      <symbol id="sm-74f">
         <name>__array_pointer_not_from_vec_new</name>
         <value>0xa3a1</value>
         <object_component_ref idref="oc-25a"/>
      </symbol>
      <symbol id="sm-750">
         <name>___canew</name>
         <value>0xa46b</value>
         <object_component_ref idref="oc-25a"/>
      </symbol>
      <symbol id="sm-751">
         <name>___cadelete</name>
         <value>0xa4fa</value>
         <object_component_ref idref="oc-25a"/>
      </symbol>
      <symbol id="sm-752">
         <name>___placement_array_new_zero</name>
         <value>0xa43c</value>
         <object_component_ref idref="oc-25a"/>
      </symbol>
      <symbol id="sm-76d">
         <name>_c_int00</name>
         <value>0xb5c2</value>
         <object_component_ref idref="oc-4d"/>
      </symbol>
      <symbol id="sm-76e">
         <name>__stack</name>
         <value>0x400</value>
         <object_component_ref idref="oc-15a"/>
      </symbol>
      <symbol id="sm-77f">
         <name>FS$$DIV</name>
         <value>0xb263</value>
         <object_component_ref idref="oc-160"/>
      </symbol>
      <symbol id="sm-78e">
         <name>_copy_in</name>
         <value>0xb89c</value>
         <object_component_ref idref="oc-23b"/>
      </symbol>
      <symbol id="sm-79f">
         <name>_memcpy</name>
         <value>0xb922</value>
         <object_component_ref idref="oc-24e"/>
      </symbol>
      <symbol id="sm-7ab">
         <name>__system_pre_init</name>
         <value>0xba44</value>
         <object_component_ref idref="oc-23a"/>
      </symbol>
      <symbol id="sm-7b8">
         <name>__system_post_cinit</name>
         <value>0xba46</value>
         <object_component_ref idref="oc-23c"/>
      </symbol>
      <symbol id="sm-7cc">
         <name>C$$EXIT</name>
         <value>0xb822</value>
         <object_component_ref idref="oc-23e"/>
      </symbol>
      <symbol id="sm-7cd">
         <name>_exit</name>
         <value>0xb824</value>
         <object_component_ref idref="oc-23e"/>
      </symbol>
      <symbol id="sm-7ce">
         <name>___TI_cleanup_ptr</name>
         <value>0xc49c</value>
         <object_component_ref idref="oc-17b"/>
      </symbol>
      <symbol id="sm-7cf">
         <name>___TI_enable_exit_profile_output</name>
         <value>0xc49a</value>
         <object_component_ref idref="oc-17b"/>
      </symbol>
      <symbol id="sm-7d0">
         <name>_abort</name>
         <value>0xb822</value>
         <object_component_ref idref="oc-23e"/>
      </symbol>
      <symbol id="sm-7d1">
         <name>___TI_dtors_ptr</name>
         <value>0xc49e</value>
         <object_component_ref idref="oc-17b"/>
      </symbol>
      <symbol id="sm-818">
         <name>__sys_memory</name>
         <value>0xe000</value>
         <object_component_ref idref="oc-183"/>
      </symbol>
      <symbol id="sm-819">
         <name>_chkheap</name>
         <value>0xa75a</value>
         <object_component_ref idref="oc-26c"/>
      </symbol>
      <symbol id="sm-81a">
         <name>_realloc</name>
         <value>0xa668</value>
         <object_component_ref idref="oc-26c"/>
      </symbol>
      <symbol id="sm-81b">
         <name>_free_memory</name>
         <value>0xa73c</value>
         <object_component_ref idref="oc-26c"/>
      </symbol>
      <symbol id="sm-81c">
         <name>_max_free</name>
         <value>0xa71a</value>
         <object_component_ref idref="oc-26c"/>
      </symbol>
      <symbol id="sm-81d">
         <name>_free</name>
         <value>0xa5a1</value>
         <object_component_ref idref="oc-26c"/>
      </symbol>
      <symbol id="sm-81e">
         <name>_calloc</name>
         <value>0xa75c</value>
         <object_component_ref idref="oc-26c"/>
      </symbol>
      <symbol id="sm-81f">
         <name>_malloc</name>
         <value>0xa60a</value>
         <object_component_ref idref="oc-26c"/>
      </symbol>
      <symbol id="sm-820">
         <name>_minit</name>
         <value>0xa5e5</value>
         <object_component_ref idref="oc-26c"/>
      </symbol>
      <symbol id="sm-834">
         <name>__unlock</name>
         <value>0xc4a2</value>
         <object_component_ref idref="oc-265"/>
      </symbol>
      <symbol id="sm-835">
         <name>__lock</name>
         <value>0xc4a0</value>
         <object_component_ref idref="oc-24f"/>
      </symbol>
      <symbol id="sm-836">
         <name>__register_lock</name>
         <value>0xba15</value>
         <object_component_ref idref="oc-26a"/>
      </symbol>
      <symbol id="sm-837">
         <name>__nop</name>
         <value>0xba19</value>
         <object_component_ref idref="oc-26a"/>
      </symbol>
      <symbol id="sm-838">
         <name>__register_unlock</name>
         <value>0xba11</value>
         <object_component_ref idref="oc-26a"/>
      </symbol>
      <symbol id="sm-847">
         <name>__args_main</name>
         <value>0xb95e</value>
         <object_component_ref idref="oc-23d"/>
      </symbol>
      <symbol id="sm-853">
         <name>__abort_msg</name>
         <value>0xb9e2</value>
         <object_component_ref idref="oc-26f"/>
      </symbol>
      <symbol id="sm-85e">
         <name>___TI_ft_end</name>
         <value>0xc000</value>
         <object_component_ref idref="oc-199"/>
      </symbol>
      <symbol id="sm-85f">
         <name>___TI_tmpnams</name>
         <value>0xc0c0</value>
         <object_component_ref idref="oc-199"/>
      </symbol>
      <symbol id="sm-860">
         <name>__ftable</name>
         <value>0xc040</value>
         <object_component_ref idref="oc-199"/>
      </symbol>
      <symbol id="sm-876">
         <name>___TI_doflush</name>
         <value>0xb2eb</value>
         <object_component_ref idref="oc-277"/>
      </symbol>
      <symbol id="sm-877">
         <name>_fflush</name>
         <value>0xb31a</value>
         <object_component_ref idref="oc-277"/>
      </symbol>
      <symbol id="sm-894">
         <name>_puts</name>
         <value>0xb0aa</value>
         <object_component_ref idref="oc-276"/>
      </symbol>
      <symbol id="sm-895">
         <name>_fputs</name>
         <value>0xb00d</value>
         <object_component_ref idref="oc-276"/>
      </symbol>
      <symbol id="sm-8a4">
         <name>_memchr</name>
         <value>0xb9d2</value>
         <object_component_ref idref="oc-27b"/>
      </symbol>
      <symbol id="sm-8b1">
         <name>_strlen</name>
         <value>0xba22</value>
         <object_component_ref idref="oc-267"/>
      </symbol>
      <symbol id="sm-8c4">
         <name>__device</name>
         <value>0xc5c0</value>
         <object_component_ref idref="oc-1b2"/>
      </symbol>
      <symbol id="sm-8c5">
         <name>__stream</name>
         <value>0xc580</value>
         <object_component_ref idref="oc-1b2"/>
      </symbol>
      <symbol id="sm-8c6">
         <name>_write</name>
         <value>0xb990</value>
         <object_component_ref idref="oc-27c"/>
      </symbol>
      <symbol id="sm-8d2">
         <name>___memzero</name>
         <value>0xba34</value>
         <object_component_ref idref="oc-26e"/>
      </symbol>
      <symbol id="sm-8e9">
         <name>___TI_rd_ok</name>
         <value>0xb40a</value>
         <object_component_ref idref="oc-27a"/>
      </symbol>
      <symbol id="sm-8ea">
         <name>___TI_wrt_ok</name>
         <value>0xb3cf</value>
         <object_component_ref idref="oc-27a"/>
      </symbol>
      <symbol id="sm-8fa">
         <name>_fseek</name>
         <value>0xb77a</value>
         <object_component_ref idref="oc-27d"/>
      </symbol>
      <symbol id="sm-907">
         <name>_lseek</name>
         <value>0xb9a9</value>
         <object_component_ref idref="oc-27f"/>
      </symbol>
      <symbol id="sm-915">
         <name>_memset</name>
         <value>0xb9ef</value>
         <object_component_ref idref="oc-275"/>
      </symbol>
      <symbol id="sm-92b">
         <name>_setvbuf</name>
         <value>0xb152</value>
         <object_component_ref idref="oc-27e"/>
      </symbol>
      <symbol id="sm-937">
         <name>_HOSTclose</name>
         <value>0xb84b</value>
         <object_component_ref idref="oc-248"/>
      </symbol>
      <symbol id="sm-943">
         <name>_HOSTlseek</name>
         <value>0xb502</value>
         <object_component_ref idref="oc-24b"/>
      </symbol>
      <symbol id="sm-952">
         <name>_parmbuf</name>
         <value>0xc178</value>
         <object_component_ref idref="oc-1e0"/>
      </symbol>
      <symbol id="sm-953">
         <name>_HOSTopen</name>
         <value>0xb6bd</value>
         <object_component_ref idref="oc-247"/>
      </symbol>
      <symbol id="sm-960">
         <name>_HOSTread</name>
         <value>0xb6fd</value>
         <object_component_ref idref="oc-249"/>
      </symbol>
      <symbol id="sm-96c">
         <name>_HOSTrename</name>
         <value>0xb73c</value>
         <object_component_ref idref="oc-24d"/>
      </symbol>
      <symbol id="sm-978">
         <name>_HOSTunlink</name>
         <value>0xb8c0</value>
         <object_component_ref idref="oc-24c"/>
      </symbol>
      <symbol id="sm-985">
         <name>_HOSTwrite</name>
         <value>0xb7b7</value>
         <object_component_ref idref="oc-24a"/>
      </symbol>
      <symbol id="sm-99e">
         <name>___TI_readmsg</name>
         <value>0xb116</value>
         <object_component_ref idref="oc-268"/>
      </symbol>
      <symbol id="sm-99f">
         <name>C$$IO$$</name>
         <value>0xb111</value>
         <object_component_ref idref="oc-268"/>
      </symbol>
      <symbol id="sm-9a0">
         <name>__CIOBUF_</name>
         <value>0xf000</value>
         <object_component_ref idref="oc-1fa"/>
      </symbol>
      <symbol id="sm-9a1">
         <name>___TI_writemsg</name>
         <value>0xb0be</value>
         <object_component_ref idref="oc-268"/>
      </symbol>
      <symbol id="sm-9d8">
         <name>_fopen</name>
         <value>0xaecf</value>
         <object_component_ref idref="oc-280"/>
      </symbol>
      <symbol id="sm-9d9">
         <name>___TI_cleanup</name>
         <value>0xae94</value>
         <object_component_ref idref="oc-280"/>
      </symbol>
      <symbol id="sm-9da">
         <name>_freopen</name>
         <value>0xaeb1</value>
         <object_component_ref idref="oc-280"/>
      </symbol>
      <symbol id="sm-9f5">
         <name>_open</name>
         <value>0xb35e</value>
         <object_component_ref idref="oc-281"/>
      </symbol>
      <symbol id="sm-a02">
         <name>_strcpy</name>
         <value>0xba2f</value>
         <object_component_ref idref="oc-269"/>
      </symbol>
      <symbol id="sm-a13">
         <name>___TI_closefile</name>
         <value>0xb563</value>
         <object_component_ref idref="oc-282"/>
      </symbol>
      <symbol id="sm-a14">
         <name>_fclose</name>
         <value>0xb5a7</value>
         <object_component_ref idref="oc-282"/>
      </symbol>
      <symbol id="sm-a26">
         <name>_finddevice</name>
         <value>0xb66c</value>
         <object_component_ref idref="oc-283"/>
      </symbol>
      <symbol id="sm-a27">
         <name>_getdevice</name>
         <value>0xb688</value>
         <object_component_ref idref="oc-283"/>
      </symbol>
      <symbol id="sm-a33">
         <name>_remove</name>
         <value>0xba41</value>
         <object_component_ref idref="oc-285"/>
      </symbol>
      <symbol id="sm-a42">
         <name>_strchr</name>
         <value>0xb9fb</value>
         <object_component_ref idref="oc-287"/>
      </symbol>
      <symbol id="sm-a50">
         <name>_strcmp</name>
         <value>0xba07</value>
         <object_component_ref idref="oc-286"/>
      </symbol>
      <symbol id="sm-a60">
         <name>_strncpy</name>
         <value>0xb940</value>
         <object_component_ref idref="oc-288"/>
      </symbol>
      <symbol id="sm-a6c">
         <name>_unlink</name>
         <value>0xb977</value>
         <object_component_ref idref="oc-289"/>
      </symbol>
      <symbol id="sm-a7c">
         <name>_close</name>
         <value>0xb7ef</value>
         <object_component_ref idref="oc-284"/>
      </symbol>
   </symbol_table>
   <title>Link successful</title>
</link_info>
