<?xml version="1.0" encoding="ISO-8859-1" ?>
<link_info>
   <banner>TMS320C2000 Linker PC v18.1.3.LTS</banner>
   <copyright>Copyright (c) 1996-2017 Texas Instruments Incorporated</copyright>
   <link_time>0x5bf50cfd</link_time>
   <link_errors>0x0</link_errors>
   <output_file>AccGyroPro_YW_28335.out</output_file>
   <entry_point>
      <name>_c_int00</name>
      <address>0x8eb0</address>
   </entry_point>
   <input_file_list>
      <input_file id="fl-2">
         <path>.\</path>
         <kind>object</kind>
         <file>main_AccGyro.obj</file>
         <name>main_AccGyro.obj</name>
      </input_file>
      <input_file id="fl-3">
         <path>.\Driver&amp;HAL\28335\</path>
         <kind>object</kind>
         <file>AT93C56.obj</file>
         <name>AT93C56.obj</name>
      </input_file>
      <input_file id="fl-4">
         <path>.\Driver&amp;HAL\28335\</path>
         <kind>object</kind>
         <file>CanPortConfig.obj</file>
         <name>CanPortConfig.obj</name>
      </input_file>
      <input_file id="fl-5">
         <path>.\Driver&amp;HAL\28335\</path>
         <kind>object</kind>
         <file>GpioConfig.obj</file>
         <name>GpioConfig.obj</name>
      </input_file>
      <input_file id="fl-6">
         <path>.\Driver&amp;HAL\28335\</path>
         <kind>object</kind>
         <file>SCC1300-D02_SPI.obj</file>
         <name>SCC1300-D02_SPI.obj</name>
      </input_file>
      <input_file id="fl-7">
         <path>.\TS\</path>
         <kind>object</kind>
         <file>DSP2833x_CodeStartBranch.obj</file>
         <name>DSP2833x_CodeStartBranch.obj</name>
      </input_file>
      <input_file id="fl-8">
         <path>.\TS\</path>
         <kind>object</kind>
         <file>DSP2833x_SysCtrl.obj</file>
         <name>DSP2833x_SysCtrl.obj</name>
      </input_file>
      <input_file id="fl-9">
         <path>.\TS\</path>
         <kind>object</kind>
         <file>DSP2833x_usDelay.obj</file>
         <name>DSP2833x_usDelay.obj</name>
      </input_file>
      <input_file id="fl-a">
         <path>.\ti\c2000\C2000Ware_1_00_03_00\device_support\f2833x\common\source\</path>
         <kind>object</kind>
         <file>DSP2833x_ADC_cal.obj</file>
         <name>DSP2833x_ADC_cal.obj</name>
      </input_file>
      <input_file id="fl-b">
         <path>.\ti\c2000\C2000Ware_1_00_03_00\device_support\f2833x\common\source\</path>
         <kind>object</kind>
         <file>DSP2833x_CpuTimers.obj</file>
         <name>DSP2833x_CpuTimers.obj</name>
      </input_file>
      <input_file id="fl-c">
         <path>.\ti\c2000\C2000Ware_1_00_03_00\device_support\f2833x\common\source\</path>
         <kind>object</kind>
         <file>DSP2833x_DMA.obj</file>
         <name>DSP2833x_DMA.obj</name>
      </input_file>
      <input_file id="fl-d">
         <path>.\ti\c2000\C2000Ware_1_00_03_00\device_support\f2833x\common\source\</path>
         <kind>object</kind>
         <file>DSP2833x_DefaultIsr.obj</file>
         <name>DSP2833x_DefaultIsr.obj</name>
      </input_file>
      <input_file id="fl-e">
         <path>.\ti\c2000\C2000Ware_1_00_03_00\device_support\f2833x\common\source\</path>
         <kind>object</kind>
         <file>DSP2833x_ECan.obj</file>
         <name>DSP2833x_ECan.obj</name>
      </input_file>
      <input_file id="fl-f">
         <path>.\ti\c2000\C2000Ware_1_00_03_00\device_support\f2833x\common\source\</path>
         <kind>object</kind>
         <file>DSP2833x_Gpio.obj</file>
         <name>DSP2833x_Gpio.obj</name>
      </input_file>
      <input_file id="fl-10">
         <path>.\ti\c2000\C2000Ware_1_00_03_00\device_support\f2833x\common\source\</path>
         <kind>object</kind>
         <file>DSP2833x_Mcbsp.obj</file>
         <name>DSP2833x_Mcbsp.obj</name>
      </input_file>
      <input_file id="fl-11">
         <path>.\ti\c2000\C2000Ware_1_00_03_00\device_support\f2833x\common\source\</path>
         <kind>object</kind>
         <file>DSP2833x_MemCopy.obj</file>
         <name>DSP2833x_MemCopy.obj</name>
      </input_file>
      <input_file id="fl-12">
         <path>.\ti\c2000\C2000Ware_1_00_03_00\device_support\f2833x\common\source\</path>
         <kind>object</kind>
         <file>DSP2833x_PieCtrl.obj</file>
         <name>DSP2833x_PieCtrl.obj</name>
      </input_file>
      <input_file id="fl-13">
         <path>.\ti\c2000\C2000Ware_1_00_03_00\device_support\f2833x\common\source\</path>
         <kind>object</kind>
         <file>DSP2833x_PieVect.obj</file>
         <name>DSP2833x_PieVect.obj</name>
      </input_file>
      <input_file id="fl-14">
         <path>.\ti\c2000\C2000Ware_1_00_03_00\device_support\f2833x\common\source\</path>
         <kind>object</kind>
         <file>DSP2833x_Sci.obj</file>
         <name>DSP2833x_Sci.obj</name>
      </input_file>
      <input_file id="fl-15">
         <path>.\ti\c2000\C2000Ware_1_00_03_00\device_support\f2833x\common\source\</path>
         <kind>object</kind>
         <file>DSP2833x_Spi.obj</file>
         <name>DSP2833x_Spi.obj</name>
      </input_file>
      <input_file id="fl-16">
         <path>.\ti\c2000\C2000Ware_1_00_03_00\device_support\f2833x\headers\source\</path>
         <kind>object</kind>
         <file>DSP2833x_GlobalVariableDefs.obj</file>
         <name>DSP2833x_GlobalVariableDefs.obj</name>
      </input_file>
      <input_file id="fl-1b">
         <kind>object</kind>
         <file>&lt;internal&gt;</file>
         <name>&lt;internal&gt;</name>
      </input_file>
      <input_file id="fl-27">
         <path>C:\ti\ccsv8\tools\compiler\ti-cgt-c2000_18.1.3.LTS\lib\</path>
         <kind>archive</kind>
         <file>rts2800_fpu32.lib</file>
         <name>delete.c.obj</name>
      </input_file>
      <input_file id="fl-28">
         <path>C:\ti\ccsv8\tools\compiler\ti-cgt-c2000_18.1.3.LTS\lib\</path>
         <kind>archive</kind>
         <file>rts2800_fpu32.lib</file>
         <name>new.c.obj</name>
      </input_file>
      <input_file id="fl-29">
         <path>C:\ti\ccsv8\tools\compiler\ti-cgt-c2000_18.1.3.LTS\lib\</path>
         <kind>archive</kind>
         <file>rts2800_fpu32.lib</file>
         <name>newhandler.c.obj</name>
      </input_file>
      <input_file id="fl-2a">
         <path>C:\ti\ccsv8\tools\compiler\ti-cgt-c2000_18.1.3.LTS\lib\</path>
         <kind>archive</kind>
         <file>rts2800_fpu32.lib</file>
         <name>vars.c.obj</name>
      </input_file>
      <input_file id="fl-2b">
         <path>C:\ti\ccsv8\tools\compiler\ti-cgt-c2000_18.1.3.LTS\lib\</path>
         <kind>archive</kind>
         <file>rts2800_fpu32.lib</file>
         <name>boot28.asm.obj</name>
      </input_file>
      <input_file id="fl-2c">
         <path>C:\ti\ccsv8\tools\compiler\ti-cgt-c2000_18.1.3.LTS\lib\</path>
         <kind>archive</kind>
         <file>rts2800_fpu32.lib</file>
         <name>cpy_tbl.c.obj</name>
      </input_file>
      <input_file id="fl-2d">
         <path>C:\ti\ccsv8\tools\compiler\ti-cgt-c2000_18.1.3.LTS\lib\</path>
         <kind>archive</kind>
         <file>rts2800_fpu32.lib</file>
         <name>memcpy.c.obj</name>
      </input_file>
      <input_file id="fl-2e">
         <path>C:\ti\ccsv8\tools\compiler\ti-cgt-c2000_18.1.3.LTS\lib\</path>
         <kind>archive</kind>
         <file>rts2800_fpu32.lib</file>
         <name>pre_init.c.obj</name>
      </input_file>
      <input_file id="fl-2f">
         <path>C:\ti\ccsv8\tools\compiler\ti-cgt-c2000_18.1.3.LTS\lib\</path>
         <kind>archive</kind>
         <file>rts2800_fpu32.lib</file>
         <name>startup.c.obj</name>
      </input_file>
      <input_file id="fl-30">
         <path>C:\ti\ccsv8\tools\compiler\ti-cgt-c2000_18.1.3.LTS\lib\</path>
         <kind>archive</kind>
         <file>rts2800_fpu32.lib</file>
         <name>exit.c.obj</name>
      </input_file>
      <input_file id="fl-31">
         <path>C:\ti\ccsv8\tools\compiler\ti-cgt-c2000_18.1.3.LTS\lib\</path>
         <kind>archive</kind>
         <file>rts2800_fpu32.lib</file>
         <name>memory.c.obj</name>
      </input_file>
      <input_file id="fl-32">
         <path>C:\ti\ccsv8\tools\compiler\ti-cgt-c2000_18.1.3.LTS\lib\</path>
         <kind>archive</kind>
         <file>rts2800_fpu32.lib</file>
         <name>_lock.c.obj</name>
      </input_file>
      <input_file id="fl-33">
         <path>C:\ti\ccsv8\tools\compiler\ti-cgt-c2000_18.1.3.LTS\lib\</path>
         <kind>archive</kind>
         <file>rts2800_fpu32.lib</file>
         <name>args_main.c.obj</name>
      </input_file>
      <input_file id="fl-34">
         <path>C:\ti\ccsv8\tools\compiler\ti-cgt-c2000_18.1.3.LTS\lib\</path>
         <kind>archive</kind>
         <file>rts2800_fpu32.lib</file>
         <name>assert.c.obj</name>
      </input_file>
      <input_file id="fl-35">
         <path>C:\ti\ccsv8\tools\compiler\ti-cgt-c2000_18.1.3.LTS\lib\</path>
         <kind>archive</kind>
         <file>rts2800_fpu32.lib</file>
         <name>defs.c.obj</name>
      </input_file>
      <input_file id="fl-36">
         <path>C:\ti\ccsv8\tools\compiler\ti-cgt-c2000_18.1.3.LTS\lib\</path>
         <kind>archive</kind>
         <file>rts2800_fpu32.lib</file>
         <name>fflush.c.obj</name>
      </input_file>
      <input_file id="fl-37">
         <path>C:\ti\ccsv8\tools\compiler\ti-cgt-c2000_18.1.3.LTS\lib\</path>
         <kind>archive</kind>
         <file>rts2800_fpu32.lib</file>
         <name>fputs.c.obj</name>
      </input_file>
      <input_file id="fl-38">
         <path>C:\ti\ccsv8\tools\compiler\ti-cgt-c2000_18.1.3.LTS\lib\</path>
         <kind>archive</kind>
         <file>rts2800_fpu32.lib</file>
         <name>memchr.c.obj</name>
      </input_file>
      <input_file id="fl-39">
         <path>C:\ti\ccsv8\tools\compiler\ti-cgt-c2000_18.1.3.LTS\lib\</path>
         <kind>archive</kind>
         <file>rts2800_fpu32.lib</file>
         <name>strlen.c.obj</name>
      </input_file>
      <input_file id="fl-3a">
         <path>C:\ti\ccsv8\tools\compiler\ti-cgt-c2000_18.1.3.LTS\lib\</path>
         <kind>archive</kind>
         <file>rts2800_fpu32.lib</file>
         <name>write.c.obj</name>
      </input_file>
      <input_file id="fl-3b">
         <path>C:\ti\ccsv8\tools\compiler\ti-cgt-c2000_18.1.3.LTS\lib\</path>
         <kind>archive</kind>
         <file>rts2800_fpu32.lib</file>
         <name>_io_perm.c.obj</name>
      </input_file>
      <input_file id="fl-3c">
         <path>C:\ti\ccsv8\tools\compiler\ti-cgt-c2000_18.1.3.LTS\lib\</path>
         <kind>archive</kind>
         <file>rts2800_fpu32.lib</file>
         <name>fseek.c.obj</name>
      </input_file>
      <input_file id="fl-3d">
         <path>C:\ti\ccsv8\tools\compiler\ti-cgt-c2000_18.1.3.LTS\lib\</path>
         <kind>archive</kind>
         <file>rts2800_fpu32.lib</file>
         <name>lseek.c.obj</name>
      </input_file>
      <input_file id="fl-3e">
         <path>C:\ti\ccsv8\tools\compiler\ti-cgt-c2000_18.1.3.LTS\lib\</path>
         <kind>archive</kind>
         <file>rts2800_fpu32.lib</file>
         <name>setvbuf.c.obj</name>
      </input_file>
      <input_file id="fl-3f">
         <path>C:\ti\ccsv8\tools\compiler\ti-cgt-c2000_18.1.3.LTS\lib\</path>
         <kind>archive</kind>
         <file>rts2800_fpu32.lib</file>
         <name>hostclose.c.obj</name>
      </input_file>
      <input_file id="fl-40">
         <path>C:\ti\ccsv8\tools\compiler\ti-cgt-c2000_18.1.3.LTS\lib\</path>
         <kind>archive</kind>
         <file>rts2800_fpu32.lib</file>
         <name>hostlseek.c.obj</name>
      </input_file>
      <input_file id="fl-41">
         <path>C:\ti\ccsv8\tools\compiler\ti-cgt-c2000_18.1.3.LTS\lib\</path>
         <kind>archive</kind>
         <file>rts2800_fpu32.lib</file>
         <name>hostopen.c.obj</name>
      </input_file>
      <input_file id="fl-42">
         <path>C:\ti\ccsv8\tools\compiler\ti-cgt-c2000_18.1.3.LTS\lib\</path>
         <kind>archive</kind>
         <file>rts2800_fpu32.lib</file>
         <name>hostread.c.obj</name>
      </input_file>
      <input_file id="fl-43">
         <path>C:\ti\ccsv8\tools\compiler\ti-cgt-c2000_18.1.3.LTS\lib\</path>
         <kind>archive</kind>
         <file>rts2800_fpu32.lib</file>
         <name>hostrename.c.obj</name>
      </input_file>
      <input_file id="fl-44">
         <path>C:\ti\ccsv8\tools\compiler\ti-cgt-c2000_18.1.3.LTS\lib\</path>
         <kind>archive</kind>
         <file>rts2800_fpu32.lib</file>
         <name>hostunlink.c.obj</name>
      </input_file>
      <input_file id="fl-45">
         <path>C:\ti\ccsv8\tools\compiler\ti-cgt-c2000_18.1.3.LTS\lib\</path>
         <kind>archive</kind>
         <file>rts2800_fpu32.lib</file>
         <name>hostwrite.c.obj</name>
      </input_file>
      <input_file id="fl-46">
         <path>C:\ti\ccsv8\tools\compiler\ti-cgt-c2000_18.1.3.LTS\lib\</path>
         <kind>archive</kind>
         <file>rts2800_fpu32.lib</file>
         <name>trgmsg.c.obj</name>
      </input_file>
      <input_file id="fl-47">
         <path>C:\ti\ccsv8\tools\compiler\ti-cgt-c2000_18.1.3.LTS\lib\</path>
         <kind>archive</kind>
         <file>rts2800_fpu32.lib</file>
         <name>fopen.c.obj</name>
      </input_file>
      <input_file id="fl-48">
         <path>C:\ti\ccsv8\tools\compiler\ti-cgt-c2000_18.1.3.LTS\lib\</path>
         <kind>archive</kind>
         <file>rts2800_fpu32.lib</file>
         <name>open.c.obj</name>
      </input_file>
      <input_file id="fl-49">
         <path>C:\ti\ccsv8\tools\compiler\ti-cgt-c2000_18.1.3.LTS\lib\</path>
         <kind>archive</kind>
         <file>rts2800_fpu32.lib</file>
         <name>strcpy.c.obj</name>
      </input_file>
      <input_file id="fl-4a">
         <path>C:\ti\ccsv8\tools\compiler\ti-cgt-c2000_18.1.3.LTS\lib\</path>
         <kind>archive</kind>
         <file>rts2800_fpu32.lib</file>
         <name>fclose.c.obj</name>
      </input_file>
      <input_file id="fl-4b">
         <path>C:\ti\ccsv8\tools\compiler\ti-cgt-c2000_18.1.3.LTS\lib\</path>
         <kind>archive</kind>
         <file>rts2800_fpu32.lib</file>
         <name>getdevice.c.obj</name>
      </input_file>
      <input_file id="fl-4c">
         <path>C:\ti\ccsv8\tools\compiler\ti-cgt-c2000_18.1.3.LTS\lib\</path>
         <kind>archive</kind>
         <file>rts2800_fpu32.lib</file>
         <name>remove.c.obj</name>
      </input_file>
      <input_file id="fl-4d">
         <path>C:\ti\ccsv8\tools\compiler\ti-cgt-c2000_18.1.3.LTS\lib\</path>
         <kind>archive</kind>
         <file>rts2800_fpu32.lib</file>
         <name>strchr.c.obj</name>
      </input_file>
      <input_file id="fl-4e">
         <path>C:\ti\ccsv8\tools\compiler\ti-cgt-c2000_18.1.3.LTS\lib\</path>
         <kind>archive</kind>
         <file>rts2800_fpu32.lib</file>
         <name>strcmp.c.obj</name>
      </input_file>
      <input_file id="fl-4f">
         <path>C:\ti\ccsv8\tools\compiler\ti-cgt-c2000_18.1.3.LTS\lib\</path>
         <kind>archive</kind>
         <file>rts2800_fpu32.lib</file>
         <name>strncpy.c.obj</name>
      </input_file>
      <input_file id="fl-50">
         <path>C:\ti\ccsv8\tools\compiler\ti-cgt-c2000_18.1.3.LTS\lib\</path>
         <kind>archive</kind>
         <file>rts2800_fpu32.lib</file>
         <name>unlink.c.obj</name>
      </input_file>
      <input_file id="fl-51">
         <path>C:\ti\ccsv8\tools\compiler\ti-cgt-c2000_18.1.3.LTS\lib\</path>
         <kind>archive</kind>
         <file>rts2800_fpu32.lib</file>
         <name>close.c.obj</name>
      </input_file>
   </input_file_list>
   <object_component_list>
      <object_component id="oc-6c">
         <name>codestart</name>
         <load_address>0x0</load_address>
         <run_address>0x0</run_address>
         <size>0x2</size>
         <input_file_ref idref="fl-7"/>
      </object_component>
      <object_component id="oc-76">
         <name>ramfuncs</name>
         <load_address>0x807e</load_address>
         <run_address>0x807e</run_address>
         <size>0x4</size>
         <input_file_ref idref="fl-9"/>
      </object_component>
      <object_component id="oc-8c">
         <name>.text:retain</name>
         <load_address>0x8160</load_address>
         <run_address>0x8160</run_address>
         <size>0x316</size>
         <input_file_ref idref="fl-d"/>
      </object_component>
      <object_component id="oc-1f7">
         <name>.text</name>
         <load_address>0x8476</load_address>
         <run_address>0x8476</run_address>
         <size>0x1d2</size>
         <input_file_ref idref="fl-31"/>
      </object_component>
      <object_component id="oc-1e7">
         <name>.text</name>
         <load_address>0x8648</load_address>
         <run_address>0x8648</run_address>
         <size>0x1b8</size>
         <input_file_ref idref="fl-6"/>
      </object_component>
      <object_component id="oc-1f8">
         <name>.text</name>
         <load_address>0x8800</load_address>
         <run_address>0x8800</run_address>
         <size>0xf9</size>
         <input_file_ref idref="fl-47"/>
      </object_component>
      <object_component id="oc-1e6">
         <name>.text</name>
         <load_address>0x88f9</load_address>
         <run_address>0x88f9</run_address>
         <size>0xf8</size>
         <input_file_ref idref="fl-8"/>
      </object_component>
      <object_component id="oc-1ea">
         <name>.text</name>
         <load_address>0x89f1</load_address>
         <run_address>0x89f1</run_address>
         <size>0xe7</size>
         <input_file_ref idref="fl-5"/>
      </object_component>
      <object_component id="oc-1ef">
         <name>.text</name>
         <load_address>0x8ad8</load_address>
         <run_address>0x8ad8</run_address>
         <size>0xb0</size>
         <input_file_ref idref="fl-37"/>
      </object_component>
      <object_component id="oc-1e2">
         <name>.text</name>
         <load_address>0x8b88</load_address>
         <run_address>0x8b88</run_address>
         <size>0x94</size>
         <input_file_ref idref="fl-46"/>
      </object_component>
      <object_component id="oc-1f5">
         <name>.text</name>
         <load_address>0x8c1c</load_address>
         <run_address>0x8c1c</run_address>
         <size>0x89</size>
         <input_file_ref idref="fl-3e"/>
      </object_component>
      <object_component id="oc-1f0">
         <name>.text</name>
         <load_address>0x8ca5</load_address>
         <run_address>0x8ca5</run_address>
         <size>0x73</size>
         <input_file_ref idref="fl-36"/>
      </object_component>
      <object_component id="oc-1f9">
         <name>.text</name>
         <load_address>0x8d18</load_address>
         <run_address>0x8d18</run_address>
         <size>0x71</size>
         <input_file_ref idref="fl-48"/>
      </object_component>
      <object_component id="oc-1f1">
         <name>.text</name>
         <load_address>0x8d89</load_address>
         <run_address>0x8d89</run_address>
         <size>0x67</size>
         <input_file_ref idref="fl-3b"/>
      </object_component>
      <object_component id="oc-1da">
         <name>.text</name>
         <load_address>0x8df0</load_address>
         <run_address>0x8df0</run_address>
         <size>0x61</size>
         <input_file_ref idref="fl-40"/>
      </object_component>
      <object_component id="oc-1fa">
         <name>.text</name>
         <load_address>0x8e51</load_address>
         <run_address>0x8e51</run_address>
         <size>0x5f</size>
         <input_file_ref idref="fl-4a"/>
      </object_component>
      <object_component id="oc-4d">
         <name>.text</name>
         <load_address>0x8eb0</load_address>
         <run_address>0x8eb0</run_address>
         <size>0x56</size>
         <input_file_ref idref="fl-2b"/>
      </object_component>
      <object_component id="oc-1de">
         <name>.text</name>
         <load_address>0x8f06</load_address>
         <run_address>0x8f06</run_address>
         <size>0x53</size>
         <input_file_ref idref="fl-2"/>
      </object_component>
      <object_component id="oc-1fb">
         <name>.text</name>
         <load_address>0x8f59</load_address>
         <run_address>0x8f59</run_address>
         <size>0x51</size>
         <input_file_ref idref="fl-4b"/>
      </object_component>
      <object_component id="oc-66">
         <name>.text:retain</name>
         <load_address>0x8faa</load_address>
         <run_address>0x8faa</run_address>
         <size>0x4d</size>
         <input_file_ref idref="fl-6"/>
      </object_component>
      <object_component id="oc-1d6">
         <name>.text</name>
         <load_address>0x8ff7</load_address>
         <run_address>0x8ff7</run_address>
         <size>0x40</size>
         <input_file_ref idref="fl-41"/>
      </object_component>
      <object_component id="oc-1d8">
         <name>.text</name>
         <load_address>0x9037</load_address>
         <run_address>0x9037</run_address>
         <size>0x3f</size>
         <input_file_ref idref="fl-42"/>
      </object_component>
      <object_component id="oc-1dc">
         <name>.text</name>
         <load_address>0x9076</load_address>
         <run_address>0x9076</run_address>
         <size>0x3e</size>
         <input_file_ref idref="fl-43"/>
      </object_component>
      <object_component id="oc-1f4">
         <name>.text</name>
         <load_address>0x90b4</load_address>
         <run_address>0x90b4</run_address>
         <size>0x3d</size>
         <input_file_ref idref="fl-3c"/>
      </object_component>
      <object_component id="oc-1d9">
         <name>.text</name>
         <load_address>0x90f1</load_address>
         <run_address>0x90f1</run_address>
         <size>0x38</size>
         <input_file_ref idref="fl-45"/>
      </object_component>
      <object_component id="oc-1fc">
         <name>.text</name>
         <load_address>0x9129</load_address>
         <run_address>0x9129</run_address>
         <size>0x33</size>
         <input_file_ref idref="fl-51"/>
      </object_component>
      <object_component id="oc-1d5">
         <name>.text</name>
         <load_address>0x915c</load_address>
         <run_address>0x915c</run_address>
         <size>0x29</size>
         <input_file_ref idref="fl-30"/>
      </object_component>
      <object_component id="oc-1d7">
         <name>.text</name>
         <load_address>0x9185</load_address>
         <run_address>0x9185</run_address>
         <size>0x29</size>
         <input_file_ref idref="fl-3f"/>
      </object_component>
      <object_component id="oc-1e8">
         <name>.text</name>
         <load_address>0x91ae</load_address>
         <run_address>0x91ae</run_address>
         <size>0x28</size>
         <input_file_ref idref="fl-12"/>
      </object_component>
      <object_component id="oc-1d2">
         <name>.text</name>
         <load_address>0x91d6</load_address>
         <run_address>0x91d6</run_address>
         <size>0x24</size>
         <input_file_ref idref="fl-2c"/>
      </object_component>
      <object_component id="oc-1db">
         <name>.text</name>
         <load_address>0x91fa</load_address>
         <run_address>0x91fa</run_address>
         <size>0x24</size>
         <input_file_ref idref="fl-44"/>
      </object_component>
      <object_component id="oc-1e9">
         <name>.text</name>
         <load_address>0x921e</load_address>
         <run_address>0x921e</run_address>
         <size>0x20</size>
         <input_file_ref idref="fl-13"/>
      </object_component>
      <object_component id="oc-200">
         <name>.text</name>
         <load_address>0x923e</load_address>
         <run_address>0x923e</run_address>
         <size>0x1e</size>
         <input_file_ref idref="fl-4f"/>
      </object_component>
      <object_component id="oc-1dd">
         <name>.text</name>
         <load_address>0x925c</load_address>
         <run_address>0x925c</run_address>
         <size>0x1d</size>
         <input_file_ref idref="fl-2d"/>
      </object_component>
      <object_component id="oc-1d4">
         <name>.text</name>
         <load_address>0x9279</load_address>
         <run_address>0x9279</run_address>
         <size>0x19</size>
         <input_file_ref idref="fl-33"/>
      </object_component>
      <object_component id="oc-201">
         <name>.text</name>
         <load_address>0x9292</load_address>
         <run_address>0x9292</run_address>
         <size>0x19</size>
         <input_file_ref idref="fl-50"/>
      </object_component>
      <object_component id="oc-1f3">
         <name>.text</name>
         <load_address>0x92ab</load_address>
         <run_address>0x92ab</run_address>
         <size>0x19</size>
         <input_file_ref idref="fl-3a"/>
      </object_component>
      <object_component id="oc-1f6">
         <name>.text</name>
         <load_address>0x92c4</load_address>
         <run_address>0x92c4</run_address>
         <size>0x18</size>
         <input_file_ref idref="fl-3d"/>
      </object_component>
      <object_component id="oc-1f2">
         <name>.text</name>
         <load_address>0x92dc</load_address>
         <run_address>0x92dc</run_address>
         <size>0x10</size>
         <input_file_ref idref="fl-38"/>
      </object_component>
      <object_component id="oc-1ee">
         <name>.text</name>
         <load_address>0x92ec</load_address>
         <run_address>0x92ec</run_address>
         <size>0xd</size>
         <input_file_ref idref="fl-34"/>
      </object_component>
      <object_component id="oc-1ff">
         <name>.text</name>
         <load_address>0x92f9</load_address>
         <run_address>0x92f9</run_address>
         <size>0xc</size>
         <input_file_ref idref="fl-4d"/>
      </object_component>
      <object_component id="oc-1fe">
         <name>.text</name>
         <load_address>0x9305</load_address>
         <run_address>0x9305</run_address>
         <size>0xa</size>
         <input_file_ref idref="fl-4e"/>
      </object_component>
      <object_component id="oc-1eb">
         <name>.text</name>
         <load_address>0x930f</load_address>
         <run_address>0x930f</run_address>
         <size>0x9</size>
         <input_file_ref idref="fl-32"/>
      </object_component>
      <object_component id="oc-6b">
         <name>.text</name>
         <load_address>0x9318</load_address>
         <run_address>0x9318</run_address>
         <size>0x8</size>
         <input_file_ref idref="fl-7"/>
      </object_component>
      <object_component id="oc-1e1">
         <name>.text</name>
         <load_address>0x9320</load_address>
         <run_address>0x9320</run_address>
         <size>0x8</size>
         <input_file_ref idref="fl-39"/>
      </object_component>
      <object_component id="oc-1e5">
         <name>.text</name>
         <load_address>0x9328</load_address>
         <run_address>0x9328</run_address>
         <size>0x5</size>
         <input_file_ref idref="fl-49"/>
      </object_component>
      <object_component id="oc-1fd">
         <name>.text</name>
         <load_address>0x932d</load_address>
         <run_address>0x932d</run_address>
         <size>0x3</size>
         <input_file_ref idref="fl-4c"/>
      </object_component>
      <object_component id="oc-1d1">
         <name>.text</name>
         <load_address>0x9330</load_address>
         <run_address>0x9330</run_address>
         <size>0x2</size>
         <input_file_ref idref="fl-2e"/>
      </object_component>
      <object_component id="oc-1d3">
         <name>.text</name>
         <load_address>0x9332</load_address>
         <run_address>0x9332</run_address>
         <size>0x1</size>
         <input_file_ref idref="fl-2f"/>
      </object_component>
      <object_component id="oc-139">
         <name>.cinit</name>
         <load_address>0x8000</load_address>
         <run_address>0x8000</run_address>
         <size>0x2a</size>
         <input_file_ref idref="fl-35"/>
      </object_component>
      <object_component id="oc-152">
         <name>.cinit</name>
         <load_address>0x802a</load_address>
         <run_address>0x802a</run_address>
         <size>0x29</size>
         <input_file_ref idref="fl-3a"/>
      </object_component>
      <object_component id="oc-11b">
         <name>.cinit</name>
         <load_address>0x8053</load_address>
         <run_address>0x8053</run_address>
         <size>0xe</size>
         <input_file_ref idref="fl-30"/>
      </object_component>
      <object_component id="oc-1e0">
         <name>.cinit:__lock</name>
         <load_address>0x8061</load_address>
         <run_address>0x8061</run_address>
         <size>0x5</size>
         <input_file_ref idref="fl-32"/>
      </object_component>
      <object_component id="oc-1e4">
         <name>.cinit:__unlock</name>
         <load_address>0x8066</load_address>
         <run_address>0x8066</run_address>
         <size>0x5</size>
         <input_file_ref idref="fl-32"/>
      </object_component>
      <object_component id="oc-fd">
         <name>.cinit</name>
         <load_address>0x806b</load_address>
         <run_address>0x806b</run_address>
         <size>0x5</size>
         <input_file_ref idref="fl-2a"/>
      </object_component>
      <object_component id="oc-197">
         <name>.cinit</name>
         <load_address>0x8070</load_address>
         <run_address>0x8070</run_address>
         <size>0x4</size>
         <input_file_ref idref="fl-47"/>
      </object_component>
      <object_component id="oc-122">
         <name>.cinit</name>
         <load_address>0x8074</load_address>
         <run_address>0x8074</run_address>
         <size>0x4</size>
         <input_file_ref idref="fl-31"/>
      </object_component>
      <object_component id="oc-19e">
         <name>.cinit</name>
         <load_address>0x8078</load_address>
         <run_address>0x8078</run_address>
         <size>0x4</size>
         <input_file_ref idref="fl-48"/>
      </object_component>
      <object_component id="oc-100">
         <name>.stack</name>
         <uninitialized>true</uninitialized>
         <run_address>0x400</run_address>
         <size>0x0</size>
         <input_file_ref idref="fl-2b"/>
      </object_component>
      <object_component id="oc-258">
         <name>.stack</name>
         <uninitialized>true</uninitialized>
         <run_address>0x400</run_address>
         <size>0x0</size>
      </object_component>
      <object_component id="oc-4f">
         <name>.ebss</name>
         <uninitialized>true</uninitialized>
         <run_address>0xc230</run_address>
         <size>0x2</size>
         <input_file_ref idref="fl-2"/>
      </object_component>
      <object_component id="oc-65">
         <name>.ebss</name>
         <uninitialized>true</uninitialized>
         <run_address>0xc208</run_address>
         <size>0x16</size>
         <input_file_ref idref="fl-6"/>
      </object_component>
      <object_component id="oc-81">
         <name>.ebss</name>
         <uninitialized>true</uninitialized>
         <run_address>0xc160</run_address>
         <size>0x18</size>
         <input_file_ref idref="fl-b"/>
      </object_component>
      <object_component id="oc-fe">
         <name>.ebss</name>
         <uninitialized>true</uninitialized>
         <run_address>0xc232</run_address>
         <size>0x2</size>
         <input_file_ref idref="fl-2a"/>
      </object_component>
      <object_component id="oc-11c">
         <name>.ebss</name>
         <uninitialized>true</uninitialized>
         <run_address>0xc226</run_address>
         <size>0x6</size>
         <input_file_ref idref="fl-30"/>
      </object_component>
      <object_component id="oc-123">
         <name>.ebss</name>
         <uninitialized>true</uninitialized>
         <run_address>0xc21e</run_address>
         <size>0x8</size>
         <input_file_ref idref="fl-31"/>
      </object_component>
      <object_component id="oc-1e3">
         <name>.ebss:__unlock</name>
         <uninitialized>true</uninitialized>
         <run_address>0xc22e</run_address>
         <size>0x2</size>
         <input_file_ref idref="fl-32"/>
      </object_component>
      <object_component id="oc-1df">
         <name>.ebss:__lock</name>
         <uninitialized>true</uninitialized>
         <run_address>0xc22c</run_address>
         <size>0x2</size>
         <input_file_ref idref="fl-32"/>
      </object_component>
      <object_component id="oc-13a">
         <name>.ebss</name>
         <uninitialized>true</uninitialized>
         <run_address>0xc000</run_address>
         <size>0x160</size>
         <input_file_ref idref="fl-35"/>
      </object_component>
      <object_component id="oc-153">
         <name>.ebss</name>
         <uninitialized>true</uninitialized>
         <run_address>0xc180</run_address>
         <size>0x88</size>
         <input_file_ref idref="fl-3a"/>
      </object_component>
      <object_component id="oc-177">
         <name>.ebss</name>
         <uninitialized>true</uninitialized>
         <run_address>0xc178</run_address>
         <size>0x8</size>
         <input_file_ref idref="fl-41"/>
      </object_component>
      <object_component id="oc-198">
         <name>.ebss</name>
         <uninitialized>true</uninitialized>
         <run_address>0xc234</run_address>
         <size>0x1</size>
         <input_file_ref idref="fl-47"/>
      </object_component>
      <object_component id="oc-19f">
         <name>.ebss</name>
         <uninitialized>true</uninitialized>
         <run_address>0xc235</run_address>
         <size>0x1</size>
         <input_file_ref idref="fl-48"/>
      </object_component>
      <object_component id="oc-5f">
         <name>.econst:.string</name>
         <load_address>0xd000</load_address>
         <run_address>0xd000</run_address>
         <size>0x15b</size>
         <input_file_ref idref="fl-5"/>
      </object_component>
      <object_component id="oc-1ec">
         <name>.econst:_ParityTableEven_8b$1</name>
         <load_address>0xd15b</load_address>
         <run_address>0xd15b</run_address>
         <size>0x100</size>
         <input_file_ref idref="fl-6"/>
      </object_component>
      <object_component id="oc-1ed">
         <name>.econst:_PieVectTableInit</name>
         <load_address>0xd25c</load_address>
         <run_address>0xd25c</run_address>
         <size>0x100</size>
         <input_file_ref idref="fl-13"/>
      </object_component>
      <object_component id="oc-142">
         <name>.econst:.string</name>
         <load_address>0xd35c</load_address>
         <run_address>0xd35c</run_address>
         <size>0x2</size>
         <input_file_ref idref="fl-37"/>
      </object_component>
      <object_component id="oc-124">
         <name>.esysmem</name>
         <uninitialized>true</uninitialized>
         <run_address>0xe000</run_address>
         <size>0x1</size>
         <input_file_ref idref="fl-31"/>
      </object_component>
      <object_component id="oc-259">
         <name>.esysmem</name>
         <uninitialized>true</uninitialized>
         <run_address>0xe000</run_address>
         <size>0x0</size>
      </object_component>
      <object_component id="oc-191">
         <name>.cio</name>
         <uninitialized>true</uninitialized>
         <run_address>0xf000</run_address>
         <size>0x120</size>
         <input_file_ref idref="fl-46"/>
      </object_component>
      <object_component id="oc-101">
         <name>.reset</name>
         <load_address>0x3fffc0</load_address>
         <run_address>0x3fffc0</run_address>
         <size>0x2</size>
         <input_file_ref idref="fl-2b"/>
      </object_component>
      <object_component id="oc-7b">
         <name>.adc_cal</name>
         <load_address>0x380080</load_address>
         <run_address>0x380080</run_address>
         <size>0x7</size>
         <input_file_ref idref="fl-a"/>
      </object_component>
      <object_component id="oc-eb">
         <name>PieVectTableFile</name>
         <uninitialized>true</uninitialized>
         <run_address>0xd00</run_address>
         <size>0x100</size>
         <input_file_ref idref="fl-16"/>
      </object_component>
      <object_component id="oc-e7">
         <name>DevEmuRegsFile</name>
         <uninitialized>true</uninitialized>
         <run_address>0x880</run_address>
         <size>0xd0</size>
         <input_file_ref idref="fl-16"/>
      </object_component>
      <object_component id="oc-bd">
         <name>FlashRegsFile</name>
         <uninitialized>true</uninitialized>
         <run_address>0xa80</run_address>
         <size>0x8</size>
         <input_file_ref idref="fl-16"/>
      </object_component>
      <object_component id="oc-c5">
         <name>CsmRegsFile</name>
         <uninitialized>true</uninitialized>
         <run_address>0xae0</run_address>
         <size>0x10</size>
         <input_file_ref idref="fl-16"/>
      </object_component>
      <object_component id="oc-c6">
         <name>AdcMirrorFile</name>
         <uninitialized>true</uninitialized>
         <run_address>0xb00</run_address>
         <size>0x10</size>
         <input_file_ref idref="fl-16"/>
      </object_component>
      <object_component id="oc-ca">
         <name>XintfRegsFile</name>
         <uninitialized>true</uninitialized>
         <run_address>0xb20</run_address>
         <size>0x1e</size>
         <input_file_ref idref="fl-16"/>
      </object_component>
      <object_component id="oc-be">
         <name>CpuTimer0RegsFile</name>
         <uninitialized>true</uninitialized>
         <run_address>0xc00</run_address>
         <size>0x8</size>
         <input_file_ref idref="fl-16"/>
      </object_component>
      <object_component id="oc-bf">
         <name>CpuTimer1RegsFile</name>
         <uninitialized>true</uninitialized>
         <run_address>0xc08</run_address>
         <size>0x8</size>
         <input_file_ref idref="fl-16"/>
      </object_component>
      <object_component id="oc-bb">
         <name>CpuTimer2RegsFile</name>
         <uninitialized>true</uninitialized>
         <run_address>0xc10</run_address>
         <size>0x8</size>
         <input_file_ref idref="fl-16"/>
      </object_component>
      <object_component id="oc-c8">
         <name>PieCtrlRegsFile</name>
         <uninitialized>true</uninitialized>
         <run_address>0xce0</run_address>
         <size>0x1a</size>
         <input_file_ref idref="fl-16"/>
      </object_component>
      <object_component id="oc-e8">
         <name>DmaRegsFile</name>
         <uninitialized>true</uninitialized>
         <run_address>0x1000</run_address>
         <size>0xe0</size>
         <input_file_ref idref="fl-16"/>
      </object_component>
      <object_component id="oc-db">
         <name>McbspaRegsFile</name>
         <uninitialized>true</uninitialized>
         <run_address>0x5000</run_address>
         <size>0x25</size>
         <input_file_ref idref="fl-16"/>
      </object_component>
      <object_component id="oc-da">
         <name>McbspbRegsFile</name>
         <uninitialized>true</uninitialized>
         <run_address>0x5040</run_address>
         <size>0x25</size>
         <input_file_ref idref="fl-16"/>
      </object_component>
      <object_component id="oc-dd">
         <name>ECanaRegsFile</name>
         <uninitialized>true</uninitialized>
         <run_address>0x6000</run_address>
         <size>0x34</size>
         <input_file_ref idref="fl-16"/>
      </object_component>
      <object_component id="oc-e1">
         <name>ECanaLAMRegsFile</name>
         <uninitialized>true</uninitialized>
         <run_address>0x6040</run_address>
         <size>0x40</size>
         <input_file_ref idref="fl-16"/>
      </object_component>
      <object_component id="oc-ea">
         <name>ECanaMboxesFile</name>
         <uninitialized>true</uninitialized>
         <run_address>0x6100</run_address>
         <size>0x100</size>
         <input_file_ref idref="fl-16"/>
      </object_component>
      <object_component id="oc-e2">
         <name>ECanaMOTSRegsFile</name>
         <uninitialized>true</uninitialized>
         <run_address>0x6080</run_address>
         <size>0x40</size>
         <input_file_ref idref="fl-16"/>
      </object_component>
      <object_component id="oc-df">
         <name>ECanaMOTORegsFile</name>
         <uninitialized>true</uninitialized>
         <run_address>0x60c0</run_address>
         <size>0x40</size>
         <input_file_ref idref="fl-16"/>
      </object_component>
      <object_component id="oc-de">
         <name>ECanbRegsFile</name>
         <uninitialized>true</uninitialized>
         <run_address>0x6200</run_address>
         <size>0x34</size>
         <input_file_ref idref="fl-16"/>
      </object_component>
      <object_component id="oc-e6">
         <name>ECanbLAMRegsFile</name>
         <uninitialized>true</uninitialized>
         <run_address>0x6240</run_address>
         <size>0x40</size>
         <input_file_ref idref="fl-16"/>
      </object_component>
      <object_component id="oc-e9">
         <name>ECanbMboxesFile</name>
         <uninitialized>true</uninitialized>
         <run_address>0x6300</run_address>
         <size>0x100</size>
         <input_file_ref idref="fl-16"/>
      </object_component>
      <object_component id="oc-e0">
         <name>ECanbMOTSRegsFile</name>
         <uninitialized>true</uninitialized>
         <run_address>0x6280</run_address>
         <size>0x40</size>
         <input_file_ref idref="fl-16"/>
      </object_component>
      <object_component id="oc-e3">
         <name>ECanbMOTORegsFile</name>
         <uninitialized>true</uninitialized>
         <run_address>0x62c0</run_address>
         <size>0x40</size>
         <input_file_ref idref="fl-16"/>
      </object_component>
      <object_component id="oc-d8">
         <name>EPwm1RegsFile</name>
         <uninitialized>true</uninitialized>
         <run_address>0x6800</run_address>
         <size>0x22</size>
         <input_file_ref idref="fl-16"/>
      </object_component>
      <object_component id="oc-d3">
         <name>EPwm2RegsFile</name>
         <uninitialized>true</uninitialized>
         <run_address>0x6840</run_address>
         <size>0x22</size>
         <input_file_ref idref="fl-16"/>
      </object_component>
      <object_component id="oc-d4">
         <name>EPwm3RegsFile</name>
         <uninitialized>true</uninitialized>
         <run_address>0x6880</run_address>
         <size>0x22</size>
         <input_file_ref idref="fl-16"/>
      </object_component>
      <object_component id="oc-d9">
         <name>EPwm4RegsFile</name>
         <uninitialized>true</uninitialized>
         <run_address>0x68c0</run_address>
         <size>0x22</size>
         <input_file_ref idref="fl-16"/>
      </object_component>
      <object_component id="oc-d6">
         <name>EPwm5RegsFile</name>
         <uninitialized>true</uninitialized>
         <run_address>0x6900</run_address>
         <size>0x22</size>
         <input_file_ref idref="fl-16"/>
      </object_component>
      <object_component id="oc-d7">
         <name>EPwm6RegsFile</name>
         <uninitialized>true</uninitialized>
         <run_address>0x6940</run_address>
         <size>0x22</size>
         <input_file_ref idref="fl-16"/>
      </object_component>
      <object_component id="oc-cd">
         <name>ECap1RegsFile</name>
         <uninitialized>true</uninitialized>
         <run_address>0x6a00</run_address>
         <size>0x20</size>
         <input_file_ref idref="fl-16"/>
      </object_component>
      <object_component id="oc-ce">
         <name>ECap2RegsFile</name>
         <uninitialized>true</uninitialized>
         <run_address>0x6a20</run_address>
         <size>0x20</size>
         <input_file_ref idref="fl-16"/>
      </object_component>
      <object_component id="oc-cb">
         <name>ECap3RegsFile</name>
         <uninitialized>true</uninitialized>
         <run_address>0x6a40</run_address>
         <size>0x20</size>
         <input_file_ref idref="fl-16"/>
      </object_component>
      <object_component id="oc-cc">
         <name>ECap4RegsFile</name>
         <uninitialized>true</uninitialized>
         <run_address>0x6a60</run_address>
         <size>0x20</size>
         <input_file_ref idref="fl-16"/>
      </object_component>
      <object_component id="oc-d1">
         <name>ECap5RegsFile</name>
         <uninitialized>true</uninitialized>
         <run_address>0x6a80</run_address>
         <size>0x20</size>
         <input_file_ref idref="fl-16"/>
      </object_component>
      <object_component id="oc-d2">
         <name>ECap6RegsFile</name>
         <uninitialized>true</uninitialized>
         <run_address>0x6aa0</run_address>
         <size>0x20</size>
         <input_file_ref idref="fl-16"/>
      </object_component>
      <object_component id="oc-e4">
         <name>EQep1RegsFile</name>
         <uninitialized>true</uninitialized>
         <run_address>0x6b00</run_address>
         <size>0x40</size>
         <input_file_ref idref="fl-16"/>
      </object_component>
      <object_component id="oc-e5">
         <name>EQep2RegsFile</name>
         <uninitialized>true</uninitialized>
         <run_address>0x6b40</run_address>
         <size>0x40</size>
         <input_file_ref idref="fl-16"/>
      </object_component>
      <object_component id="oc-dc">
         <name>GpioCtrlRegsFile</name>
         <uninitialized>true</uninitialized>
         <run_address>0x6f80</run_address>
         <size>0x2e</size>
         <input_file_ref idref="fl-16"/>
      </object_component>
      <object_component id="oc-cf">
         <name>GpioDataRegsFile</name>
         <uninitialized>true</uninitialized>
         <run_address>0x6fc0</run_address>
         <size>0x20</size>
         <input_file_ref idref="fl-16"/>
      </object_component>
      <object_component id="oc-c0">
         <name>GpioIntRegsFile</name>
         <uninitialized>true</uninitialized>
         <run_address>0x6fe0</run_address>
         <size>0xa</size>
         <input_file_ref idref="fl-16"/>
      </object_component>
      <object_component id="oc-d0">
         <name>SysCtrlRegsFile</name>
         <uninitialized>true</uninitialized>
         <run_address>0x7010</run_address>
         <size>0x20</size>
         <input_file_ref idref="fl-16"/>
      </object_component>
      <object_component id="oc-c1">
         <name>SpiaRegsFile</name>
         <uninitialized>true</uninitialized>
         <run_address>0x7040</run_address>
         <size>0x10</size>
         <input_file_ref idref="fl-16"/>
      </object_component>
      <object_component id="oc-c4">
         <name>SciaRegsFile</name>
         <uninitialized>true</uninitialized>
         <run_address>0x7050</run_address>
         <size>0x10</size>
         <input_file_ref idref="fl-16"/>
      </object_component>
      <object_component id="oc-c7">
         <name>XIntruptRegsFile</name>
         <uninitialized>true</uninitialized>
         <run_address>0x7070</run_address>
         <size>0x10</size>
         <input_file_ref idref="fl-16"/>
      </object_component>
      <object_component id="oc-c9">
         <name>AdcRegsFile</name>
         <uninitialized>true</uninitialized>
         <run_address>0x7100</run_address>
         <size>0x1e</size>
         <input_file_ref idref="fl-16"/>
      </object_component>
      <object_component id="oc-c2">
         <name>ScibRegsFile</name>
         <uninitialized>true</uninitialized>
         <run_address>0x7750</run_address>
         <size>0x10</size>
         <input_file_ref idref="fl-16"/>
      </object_component>
      <object_component id="oc-c3">
         <name>ScicRegsFile</name>
         <uninitialized>true</uninitialized>
         <run_address>0x7770</run_address>
         <size>0x10</size>
         <input_file_ref idref="fl-16"/>
      </object_component>
      <object_component id="oc-d5">
         <name>I2caRegsFile</name>
         <uninitialized>true</uninitialized>
         <run_address>0x7900</run_address>
         <size>0x22</size>
         <input_file_ref idref="fl-16"/>
      </object_component>
      <object_component id="oc-bc">
         <name>CsmPwlFile</name>
         <uninitialized>true</uninitialized>
         <run_address>0x33fff8</run_address>
         <size>0x8</size>
         <input_file_ref idref="fl-16"/>
      </object_component>
      <object_component id="oc-ba">
         <name>PartIdRegsFile</name>
         <uninitialized>true</uninitialized>
         <run_address>0x380090</run_address>
         <size>0x1</size>
         <input_file_ref idref="fl-16"/>
      </object_component>
      <object_component id="oc-4e">
         <name>.debug_info</name>
         <load_address>0x0</load_address>
         <run_address>0x0</run_address>
         <size>0x84b</size>
         <input_file_ref idref="fl-2"/>
      </object_component>
      <object_component id="oc-54">
         <name>.debug_info</name>
         <load_address>0x84b</load_address>
         <run_address>0x84b</run_address>
         <size>0x3a1f</size>
         <input_file_ref idref="fl-3"/>
      </object_component>
      <object_component id="oc-59">
         <name>.debug_info</name>
         <load_address>0x426a</load_address>
         <run_address>0x426a</run_address>
         <size>0x5de4</size>
         <input_file_ref idref="fl-4"/>
      </object_component>
      <object_component id="oc-5e">
         <name>.debug_info</name>
         <load_address>0xa04e</load_address>
         <run_address>0xa04e</run_address>
         <size>0x2116</size>
         <input_file_ref idref="fl-5"/>
      </object_component>
      <object_component id="oc-64">
         <name>.debug_info</name>
         <load_address>0xc164</load_address>
         <run_address>0xc164</run_address>
         <size>0x3af1</size>
         <input_file_ref idref="fl-6"/>
      </object_component>
      <object_component id="oc-6d">
         <name>.debug_info</name>
         <load_address>0xfc55</load_address>
         <run_address>0xfc55</run_address>
         <size>0x12e</size>
         <input_file_ref idref="fl-7"/>
      </object_component>
      <object_component id="oc-71">
         <name>.debug_info</name>
         <load_address>0xfd83</load_address>
         <run_address>0xfd83</run_address>
         <size>0x2095</size>
         <input_file_ref idref="fl-8"/>
      </object_component>
      <object_component id="oc-77">
         <name>.debug_info</name>
         <load_address>0x11e18</load_address>
         <run_address>0x11e18</run_address>
         <size>0xf2</size>
         <input_file_ref idref="fl-9"/>
      </object_component>
      <object_component id="oc-7c">
         <name>.debug_info</name>
         <load_address>0x11f0a</load_address>
         <run_address>0x11f0a</run_address>
         <size>0x16f</size>
         <input_file_ref idref="fl-a"/>
      </object_component>
      <object_component id="oc-80">
         <name>.debug_info</name>
         <load_address>0x12079</load_address>
         <run_address>0x12079</run_address>
         <size>0x88d</size>
         <input_file_ref idref="fl-b"/>
      </object_component>
      <object_component id="oc-86">
         <name>.debug_info</name>
         <load_address>0x12906</load_address>
         <run_address>0x12906</run_address>
         <size>0x177c</size>
         <input_file_ref idref="fl-c"/>
      </object_component>
      <object_component id="oc-8b">
         <name>.debug_info</name>
         <load_address>0x14082</load_address>
         <run_address>0x14082</run_address>
         <size>0x4928</size>
         <input_file_ref idref="fl-d"/>
      </object_component>
      <object_component id="oc-91">
         <name>.debug_info</name>
         <load_address>0x189aa</load_address>
         <run_address>0x189aa</run_address>
         <size>0x5de3</size>
         <input_file_ref idref="fl-e"/>
      </object_component>
      <object_component id="oc-96">
         <name>.debug_info</name>
         <load_address>0x1e78d</load_address>
         <run_address>0x1e78d</run_address>
         <size>0x1bf1</size>
         <input_file_ref idref="fl-f"/>
      </object_component>
      <object_component id="oc-9b">
         <name>.debug_info</name>
         <load_address>0x2037e</load_address>
         <run_address>0x2037e</run_address>
         <size>0x4a10</size>
         <input_file_ref idref="fl-10"/>
      </object_component>
      <object_component id="oc-a0">
         <name>.debug_info</name>
         <load_address>0x24d8e</load_address>
         <run_address>0x24d8e</run_address>
         <size>0x3bc</size>
         <input_file_ref idref="fl-11"/>
      </object_component>
      <object_component id="oc-a5">
         <name>.debug_info</name>
         <load_address>0x2514a</load_address>
         <run_address>0x2514a</run_address>
         <size>0xc9d</size>
         <input_file_ref idref="fl-12"/>
      </object_component>
      <object_component id="oc-aa">
         <name>.debug_info</name>
         <load_address>0x25de7</load_address>
         <run_address>0x25de7</run_address>
         <size>0x23a6</size>
         <input_file_ref idref="fl-13"/>
      </object_component>
      <object_component id="oc-af">
         <name>.debug_info</name>
         <load_address>0x2818d</load_address>
         <run_address>0x2818d</run_address>
         <size>0x1bf0</size>
         <input_file_ref idref="fl-14"/>
      </object_component>
      <object_component id="oc-b4">
         <name>.debug_info</name>
         <load_address>0x29d7d</load_address>
         <run_address>0x29d7d</run_address>
         <size>0x1bf0</size>
         <input_file_ref idref="fl-15"/>
      </object_component>
      <object_component id="oc-b9">
         <name>.debug_info</name>
         <load_address>0x2b96d</load_address>
         <run_address>0x2b96d</run_address>
         <size>0x1345e</size>
         <input_file_ref idref="fl-16"/>
      </object_component>
      <object_component id="oc-ed">
         <name>.debug_info</name>
         <load_address>0x3edcb</load_address>
         <run_address>0x3edcb</run_address>
         <size>0x3a7</size>
         <input_file_ref idref="fl-27"/>
      </object_component>
      <object_component id="oc-f2">
         <name>.debug_info</name>
         <load_address>0x3f172</load_address>
         <run_address>0x3f172</run_address>
         <size>0x429</size>
         <input_file_ref idref="fl-28"/>
      </object_component>
      <object_component id="oc-f7">
         <name>.debug_info</name>
         <load_address>0x3f59b</load_address>
         <run_address>0x3f59b</run_address>
         <size>0x38d</size>
         <input_file_ref idref="fl-29"/>
      </object_component>
      <object_component id="oc-fc">
         <name>.debug_info</name>
         <load_address>0x3f928</load_address>
         <run_address>0x3f928</run_address>
         <size>0x1e3</size>
         <input_file_ref idref="fl-2a"/>
      </object_component>
      <object_component id="oc-102">
         <name>.debug_info</name>
         <load_address>0x3fb0b</load_address>
         <run_address>0x3fb0b</run_address>
         <size>0x16b</size>
         <input_file_ref idref="fl-2b"/>
      </object_component>
      <object_component id="oc-106">
         <name>.debug_info</name>
         <load_address>0x3fc76</load_address>
         <run_address>0x3fc76</run_address>
         <size>0x57f</size>
         <input_file_ref idref="fl-2c"/>
      </object_component>
      <object_component id="oc-10b">
         <name>.debug_info</name>
         <load_address>0x401f5</load_address>
         <run_address>0x401f5</run_address>
         <size>0x47a</size>
         <input_file_ref idref="fl-2d"/>
      </object_component>
      <object_component id="oc-110">
         <name>.debug_info</name>
         <load_address>0x4066f</load_address>
         <run_address>0x4066f</run_address>
         <size>0x3ed</size>
         <input_file_ref idref="fl-2e"/>
      </object_component>
      <object_component id="oc-115">
         <name>.debug_info</name>
         <load_address>0x40a5c</load_address>
         <run_address>0x40a5c</run_address>
         <size>0x3ea</size>
         <input_file_ref idref="fl-2f"/>
      </object_component>
      <object_component id="oc-11a">
         <name>.debug_info</name>
         <load_address>0x40e46</load_address>
         <run_address>0x40e46</run_address>
         <size>0x584</size>
         <input_file_ref idref="fl-30"/>
      </object_component>
      <object_component id="oc-121">
         <name>.debug_info</name>
         <load_address>0x413ca</load_address>
         <run_address>0x413ca</run_address>
         <size>0xb24</size>
         <input_file_ref idref="fl-31"/>
      </object_component>
      <object_component id="oc-129">
         <name>.debug_info</name>
         <load_address>0x41eee</load_address>
         <run_address>0x41eee</run_address>
         <size>0x50c</size>
         <input_file_ref idref="fl-32"/>
      </object_component>
      <object_component id="oc-12e">
         <name>.debug_info</name>
         <load_address>0x423fa</load_address>
         <run_address>0x423fa</run_address>
         <size>0x4a7</size>
         <input_file_ref idref="fl-33"/>
      </object_component>
      <object_component id="oc-133">
         <name>.debug_info</name>
         <load_address>0x428a1</load_address>
         <run_address>0x428a1</run_address>
         <size>0x558</size>
         <input_file_ref idref="fl-34"/>
      </object_component>
      <object_component id="oc-138">
         <name>.debug_info</name>
         <load_address>0x42df9</load_address>
         <run_address>0x42df9</run_address>
         <size>0x2d7</size>
         <input_file_ref idref="fl-35"/>
      </object_component>
      <object_component id="oc-13c">
         <name>.debug_info</name>
         <load_address>0x430d0</load_address>
         <run_address>0x430d0</run_address>
         <size>0x66b</size>
         <input_file_ref idref="fl-36"/>
      </object_component>
      <object_component id="oc-141">
         <name>.debug_info</name>
         <load_address>0x4373b</load_address>
         <run_address>0x4373b</run_address>
         <size>0x815</size>
         <input_file_ref idref="fl-37"/>
      </object_component>
      <object_component id="oc-147">
         <name>.debug_info</name>
         <load_address>0x43f50</load_address>
         <run_address>0x43f50</run_address>
         <size>0x506</size>
         <input_file_ref idref="fl-38"/>
      </object_component>
      <object_component id="oc-14c">
         <name>.debug_info</name>
         <load_address>0x44456</load_address>
         <run_address>0x44456</run_address>
         <size>0x4da</size>
         <input_file_ref idref="fl-39"/>
      </object_component>
      <object_component id="oc-151">
         <name>.debug_info</name>
         <load_address>0x44930</load_address>
         <run_address>0x44930</run_address>
         <size>0x7eb</size>
         <input_file_ref idref="fl-3a"/>
      </object_component>
      <object_component id="oc-158">
         <name>.debug_info</name>
         <load_address>0x4511b</load_address>
         <run_address>0x4511b</run_address>
         <size>0x600</size>
         <input_file_ref idref="fl-3b"/>
      </object_component>
      <object_component id="oc-15d">
         <name>.debug_info</name>
         <load_address>0x4571b</load_address>
         <run_address>0x4571b</run_address>
         <size>0x5d6</size>
         <input_file_ref idref="fl-3c"/>
      </object_component>
      <object_component id="oc-162">
         <name>.debug_info</name>
         <load_address>0x45cf1</load_address>
         <run_address>0x45cf1</run_address>
         <size>0x690</size>
         <input_file_ref idref="fl-3d"/>
      </object_component>
      <object_component id="oc-167">
         <name>.debug_info</name>
         <load_address>0x46381</load_address>
         <run_address>0x46381</run_address>
         <size>0x649</size>
         <input_file_ref idref="fl-3e"/>
      </object_component>
      <object_component id="oc-16c">
         <name>.debug_info</name>
         <load_address>0x469ca</load_address>
         <run_address>0x469ca</run_address>
         <size>0x56e</size>
         <input_file_ref idref="fl-3f"/>
      </object_component>
      <object_component id="oc-171">
         <name>.debug_info</name>
         <load_address>0x46f38</load_address>
         <run_address>0x46f38</run_address>
         <size>0x5c6</size>
         <input_file_ref idref="fl-40"/>
      </object_component>
      <object_component id="oc-176">
         <name>.debug_info</name>
         <load_address>0x474fe</load_address>
         <run_address>0x474fe</run_address>
         <size>0x5d7</size>
         <input_file_ref idref="fl-41"/>
      </object_component>
      <object_component id="oc-17c">
         <name>.debug_info</name>
         <load_address>0x47ad5</load_address>
         <run_address>0x47ad5</run_address>
         <size>0x5a1</size>
         <input_file_ref idref="fl-42"/>
      </object_component>
      <object_component id="oc-181">
         <name>.debug_info</name>
         <load_address>0x48076</load_address>
         <run_address>0x48076</run_address>
         <size>0x650</size>
         <input_file_ref idref="fl-43"/>
      </object_component>
      <object_component id="oc-186">
         <name>.debug_info</name>
         <load_address>0x486c6</load_address>
         <run_address>0x486c6</run_address>
         <size>0x590</size>
         <input_file_ref idref="fl-44"/>
      </object_component>
      <object_component id="oc-18b">
         <name>.debug_info</name>
         <load_address>0x48c56</load_address>
         <run_address>0x48c56</run_address>
         <size>0x5c0</size>
         <input_file_ref idref="fl-45"/>
      </object_component>
      <object_component id="oc-190">
         <name>.debug_info</name>
         <load_address>0x49216</load_address>
         <run_address>0x49216</run_address>
         <size>0x5d0</size>
         <input_file_ref idref="fl-46"/>
      </object_component>
      <object_component id="oc-196">
         <name>.debug_info</name>
         <load_address>0x497e6</load_address>
         <run_address>0x497e6</run_address>
         <size>0x92f</size>
         <input_file_ref idref="fl-47"/>
      </object_component>
      <object_component id="oc-19d">
         <name>.debug_info</name>
         <load_address>0x4a115</load_address>
         <run_address>0x4a115</run_address>
         <size>0x791</size>
         <input_file_ref idref="fl-48"/>
      </object_component>
      <object_component id="oc-1a4">
         <name>.debug_info</name>
         <load_address>0x4a8a6</load_address>
         <run_address>0x4a8a6</run_address>
         <size>0x514</size>
         <input_file_ref idref="fl-49"/>
      </object_component>
      <object_component id="oc-1a9">
         <name>.debug_info</name>
         <load_address>0x4adba</load_address>
         <run_address>0x4adba</run_address>
         <size>0x6ff</size>
         <input_file_ref idref="fl-4a"/>
      </object_component>
      <object_component id="oc-1ae">
         <name>.debug_info</name>
         <load_address>0x4b4b9</load_address>
         <run_address>0x4b4b9</run_address>
         <size>0x7df</size>
         <input_file_ref idref="fl-4b"/>
      </object_component>
      <object_component id="oc-1b3">
         <name>.debug_info</name>
         <load_address>0x4bc98</load_address>
         <run_address>0x4bc98</run_address>
         <size>0x425</size>
         <input_file_ref idref="fl-4c"/>
      </object_component>
      <object_component id="oc-1b8">
         <name>.debug_info</name>
         <load_address>0x4c0bd</load_address>
         <run_address>0x4c0bd</run_address>
         <size>0x521</size>
         <input_file_ref idref="fl-4d"/>
      </object_component>
      <object_component id="oc-1bd">
         <name>.debug_info</name>
         <load_address>0x4c5de</load_address>
         <run_address>0x4c5de</run_address>
         <size>0x511</size>
         <input_file_ref idref="fl-4e"/>
      </object_component>
      <object_component id="oc-1c2">
         <name>.debug_info</name>
         <load_address>0x4caef</load_address>
         <run_address>0x4caef</run_address>
         <size>0x53d</size>
         <input_file_ref idref="fl-4f"/>
      </object_component>
      <object_component id="oc-1c7">
         <name>.debug_info</name>
         <load_address>0x4d02c</load_address>
         <run_address>0x4d02c</run_address>
         <size>0x67a</size>
         <input_file_ref idref="fl-50"/>
      </object_component>
      <object_component id="oc-1cc">
         <name>.debug_info</name>
         <load_address>0x4d6a6</load_address>
         <run_address>0x4d6a6</run_address>
         <size>0x69d</size>
         <input_file_ref idref="fl-51"/>
      </object_component>
      <object_component id="oc-25a">
         <name>.debug_info</name>
         <load_address>0x4dd43</load_address>
         <run_address>0x4dd43</run_address>
         <size>0xa4</size>
      </object_component>
      <object_component id="oc-50">
         <name>.debug_frame</name>
         <load_address>0x0</load_address>
         <run_address>0x0</run_address>
         <size>0xc0</size>
         <input_file_ref idref="fl-2"/>
      </object_component>
      <object_component id="oc-55">
         <name>.debug_frame</name>
         <load_address>0xc0</load_address>
         <run_address>0xc0</run_address>
         <size>0x30</size>
         <input_file_ref idref="fl-3"/>
      </object_component>
      <object_component id="oc-5a">
         <name>.debug_frame</name>
         <load_address>0xf0</load_address>
         <run_address>0xf0</run_address>
         <size>0x30</size>
         <input_file_ref idref="fl-4"/>
      </object_component>
      <object_component id="oc-60">
         <name>.debug_frame</name>
         <load_address>0x120</load_address>
         <run_address>0x120</run_address>
         <size>0x9c</size>
         <input_file_ref idref="fl-5"/>
      </object_component>
      <object_component id="oc-67">
         <name>.debug_frame</name>
         <load_address>0x1bc</load_address>
         <run_address>0x1bc</run_address>
         <size>0x1cc</size>
         <input_file_ref idref="fl-6"/>
      </object_component>
      <object_component id="oc-72">
         <name>.debug_frame</name>
         <load_address>0x388</load_address>
         <run_address>0x388</run_address>
         <size>0xc8</size>
         <input_file_ref idref="fl-8"/>
      </object_component>
      <object_component id="oc-82">
         <name>.debug_frame</name>
         <load_address>0x450</load_address>
         <run_address>0x450</run_address>
         <size>0x30</size>
         <input_file_ref idref="fl-b"/>
      </object_component>
      <object_component id="oc-87">
         <name>.debug_frame</name>
         <load_address>0x480</load_address>
         <run_address>0x480</run_address>
         <size>0x30</size>
         <input_file_ref idref="fl-c"/>
      </object_component>
      <object_component id="oc-8d">
         <name>.debug_frame</name>
         <load_address>0x4b0</load_address>
         <run_address>0x4b0</run_address>
         <size>0xc88</size>
         <input_file_ref idref="fl-d"/>
      </object_component>
      <object_component id="oc-92">
         <name>.debug_frame</name>
         <load_address>0x1138</load_address>
         <run_address>0x1138</run_address>
         <size>0x30</size>
         <input_file_ref idref="fl-e"/>
      </object_component>
      <object_component id="oc-97">
         <name>.debug_frame</name>
         <load_address>0x1168</load_address>
         <run_address>0x1168</run_address>
         <size>0x30</size>
         <input_file_ref idref="fl-f"/>
      </object_component>
      <object_component id="oc-9c">
         <name>.debug_frame</name>
         <load_address>0x1198</load_address>
         <run_address>0x1198</run_address>
         <size>0x30</size>
         <input_file_ref idref="fl-10"/>
      </object_component>
      <object_component id="oc-a1">
         <name>.debug_frame</name>
         <load_address>0x11c8</load_address>
         <run_address>0x11c8</run_address>
         <size>0x30</size>
         <input_file_ref idref="fl-11"/>
      </object_component>
      <object_component id="oc-a6">
         <name>.debug_frame</name>
         <load_address>0x11f8</load_address>
         <run_address>0x11f8</run_address>
         <size>0x60</size>
         <input_file_ref idref="fl-12"/>
      </object_component>
      <object_component id="oc-ab">
         <name>.debug_frame</name>
         <load_address>0x1258</load_address>
         <run_address>0x1258</run_address>
         <size>0x4c</size>
         <input_file_ref idref="fl-13"/>
      </object_component>
      <object_component id="oc-b0">
         <name>.debug_frame</name>
         <load_address>0x12a4</load_address>
         <run_address>0x12a4</run_address>
         <size>0x30</size>
         <input_file_ref idref="fl-14"/>
      </object_component>
      <object_component id="oc-b5">
         <name>.debug_frame</name>
         <load_address>0x12d4</load_address>
         <run_address>0x12d4</run_address>
         <size>0x30</size>
         <input_file_ref idref="fl-15"/>
      </object_component>
      <object_component id="oc-ee">
         <name>.debug_frame</name>
         <load_address>0x1304</load_address>
         <run_address>0x1304</run_address>
         <size>0x30</size>
         <input_file_ref idref="fl-27"/>
      </object_component>
      <object_component id="oc-f3">
         <name>.debug_frame</name>
         <load_address>0x1334</load_address>
         <run_address>0x1334</run_address>
         <size>0x30</size>
         <input_file_ref idref="fl-28"/>
      </object_component>
      <object_component id="oc-f8">
         <name>.debug_frame</name>
         <load_address>0x1364</load_address>
         <run_address>0x1364</run_address>
         <size>0x30</size>
         <input_file_ref idref="fl-29"/>
      </object_component>
      <object_component id="oc-107">
         <name>.debug_frame</name>
         <load_address>0x1394</load_address>
         <run_address>0x1394</run_address>
         <size>0x68</size>
         <input_file_ref idref="fl-2c"/>
      </object_component>
      <object_component id="oc-10c">
         <name>.debug_frame</name>
         <load_address>0x13fc</load_address>
         <run_address>0x13fc</run_address>
         <size>0x48</size>
         <input_file_ref idref="fl-2d"/>
      </object_component>
      <object_component id="oc-111">
         <name>.debug_frame</name>
         <load_address>0x1444</load_address>
         <run_address>0x1444</run_address>
         <size>0x48</size>
         <input_file_ref idref="fl-2e"/>
      </object_component>
      <object_component id="oc-116">
         <name>.debug_frame</name>
         <load_address>0x148c</load_address>
         <run_address>0x148c</run_address>
         <size>0x48</size>
         <input_file_ref idref="fl-2f"/>
      </object_component>
      <object_component id="oc-11d">
         <name>.debug_frame</name>
         <load_address>0x14d4</load_address>
         <run_address>0x14d4</run_address>
         <size>0x68</size>
         <input_file_ref idref="fl-30"/>
      </object_component>
      <object_component id="oc-125">
         <name>.debug_frame</name>
         <load_address>0x153c</load_address>
         <run_address>0x153c</run_address>
         <size>0x140</size>
         <input_file_ref idref="fl-31"/>
      </object_component>
      <object_component id="oc-12a">
         <name>.debug_frame</name>
         <load_address>0x167c</load_address>
         <run_address>0x167c</run_address>
         <size>0x78</size>
         <input_file_ref idref="fl-32"/>
      </object_component>
      <object_component id="oc-12f">
         <name>.debug_frame</name>
         <load_address>0x16f4</load_address>
         <run_address>0x16f4</run_address>
         <size>0x48</size>
         <input_file_ref idref="fl-33"/>
      </object_component>
      <object_component id="oc-134">
         <name>.debug_frame</name>
         <load_address>0x173c</load_address>
         <run_address>0x173c</run_address>
         <size>0x50</size>
         <input_file_ref idref="fl-34"/>
      </object_component>
      <object_component id="oc-13d">
         <name>.debug_frame</name>
         <load_address>0x178c</load_address>
         <run_address>0x178c</run_address>
         <size>0x88</size>
         <input_file_ref idref="fl-36"/>
      </object_component>
      <object_component id="oc-143">
         <name>.debug_frame</name>
         <load_address>0x1814</load_address>
         <run_address>0x1814</run_address>
         <size>0x98</size>
         <input_file_ref idref="fl-37"/>
      </object_component>
      <object_component id="oc-148">
         <name>.debug_frame</name>
         <load_address>0x18ac</load_address>
         <run_address>0x18ac</run_address>
         <size>0x48</size>
         <input_file_ref idref="fl-38"/>
      </object_component>
      <object_component id="oc-14d">
         <name>.debug_frame</name>
         <load_address>0x18f4</load_address>
         <run_address>0x18f4</run_address>
         <size>0x48</size>
         <input_file_ref idref="fl-39"/>
      </object_component>
      <object_component id="oc-154">
         <name>.debug_frame</name>
         <load_address>0x193c</load_address>
         <run_address>0x193c</run_address>
         <size>0x4c</size>
         <input_file_ref idref="fl-3a"/>
      </object_component>
      <object_component id="oc-159">
         <name>.debug_frame</name>
         <load_address>0x1988</load_address>
         <run_address>0x1988</run_address>
         <size>0x70</size>
         <input_file_ref idref="fl-3b"/>
      </object_component>
      <object_component id="oc-15e">
         <name>.debug_frame</name>
         <load_address>0x19f8</load_address>
         <run_address>0x19f8</run_address>
         <size>0x60</size>
         <input_file_ref idref="fl-3c"/>
      </object_component>
      <object_component id="oc-163">
         <name>.debug_frame</name>
         <load_address>0x1a58</load_address>
         <run_address>0x1a58</run_address>
         <size>0x4c</size>
         <input_file_ref idref="fl-3d"/>
      </object_component>
      <object_component id="oc-168">
         <name>.debug_frame</name>
         <load_address>0x1aa4</load_address>
         <run_address>0x1aa4</run_address>
         <size>0x7c</size>
         <input_file_ref idref="fl-3e"/>
      </object_component>
      <object_component id="oc-16d">
         <name>.debug_frame</name>
         <load_address>0x1b20</load_address>
         <run_address>0x1b20</run_address>
         <size>0x58</size>
         <input_file_ref idref="fl-3f"/>
      </object_component>
      <object_component id="oc-172">
         <name>.debug_frame</name>
         <load_address>0x1b78</load_address>
         <run_address>0x1b78</run_address>
         <size>0x6c</size>
         <input_file_ref idref="fl-40"/>
      </object_component>
      <object_component id="oc-178">
         <name>.debug_frame</name>
         <load_address>0x1be4</load_address>
         <run_address>0x1be4</run_address>
         <size>0x6c</size>
         <input_file_ref idref="fl-41"/>
      </object_component>
      <object_component id="oc-17d">
         <name>.debug_frame</name>
         <load_address>0x1c50</load_address>
         <run_address>0x1c50</run_address>
         <size>0x6c</size>
         <input_file_ref idref="fl-42"/>
      </object_component>
      <object_component id="oc-182">
         <name>.debug_frame</name>
         <load_address>0x1cbc</load_address>
         <run_address>0x1cbc</run_address>
         <size>0x60</size>
         <input_file_ref idref="fl-43"/>
      </object_component>
      <object_component id="oc-187">
         <name>.debug_frame</name>
         <load_address>0x1d1c</load_address>
         <run_address>0x1d1c</run_address>
         <size>0x58</size>
         <input_file_ref idref="fl-44"/>
      </object_component>
      <object_component id="oc-18c">
         <name>.debug_frame</name>
         <load_address>0x1d74</load_address>
         <run_address>0x1d74</run_address>
         <size>0x60</size>
         <input_file_ref idref="fl-45"/>
      </object_component>
      <object_component id="oc-192">
         <name>.debug_frame</name>
         <load_address>0x1dd4</load_address>
         <run_address>0x1dd4</run_address>
         <size>0x80</size>
         <input_file_ref idref="fl-46"/>
      </object_component>
      <object_component id="oc-199">
         <name>.debug_frame</name>
         <load_address>0x1e54</load_address>
         <run_address>0x1e54</run_address>
         <size>0xe0</size>
         <input_file_ref idref="fl-47"/>
      </object_component>
      <object_component id="oc-1a0">
         <name>.debug_frame</name>
         <load_address>0x1f34</load_address>
         <run_address>0x1f34</run_address>
         <size>0x68</size>
         <input_file_ref idref="fl-48"/>
      </object_component>
      <object_component id="oc-1a5">
         <name>.debug_frame</name>
         <load_address>0x1f9c</load_address>
         <run_address>0x1f9c</run_address>
         <size>0x48</size>
         <input_file_ref idref="fl-49"/>
      </object_component>
      <object_component id="oc-1aa">
         <name>.debug_frame</name>
         <load_address>0x1fe4</load_address>
         <run_address>0x1fe4</run_address>
         <size>0x90</size>
         <input_file_ref idref="fl-4a"/>
      </object_component>
      <object_component id="oc-1af">
         <name>.debug_frame</name>
         <load_address>0x2074</load_address>
         <run_address>0x2074</run_address>
         <size>0x98</size>
         <input_file_ref idref="fl-4b"/>
      </object_component>
      <object_component id="oc-1b4">
         <name>.debug_frame</name>
         <load_address>0x210c</load_address>
         <run_address>0x210c</run_address>
         <size>0x48</size>
         <input_file_ref idref="fl-4c"/>
      </object_component>
      <object_component id="oc-1b9">
         <name>.debug_frame</name>
         <load_address>0x2154</load_address>
         <run_address>0x2154</run_address>
         <size>0x4c</size>
         <input_file_ref idref="fl-4d"/>
      </object_component>
      <object_component id="oc-1be">
         <name>.debug_frame</name>
         <load_address>0x21a0</load_address>
         <run_address>0x21a0</run_address>
         <size>0x48</size>
         <input_file_ref idref="fl-4e"/>
      </object_component>
      <object_component id="oc-1c3">
         <name>.debug_frame</name>
         <load_address>0x21e8</load_address>
         <run_address>0x21e8</run_address>
         <size>0x48</size>
         <input_file_ref idref="fl-4f"/>
      </object_component>
      <object_component id="oc-1c8">
         <name>.debug_frame</name>
         <load_address>0x2230</load_address>
         <run_address>0x2230</run_address>
         <size>0x54</size>
         <input_file_ref idref="fl-50"/>
      </object_component>
      <object_component id="oc-1cd">
         <name>.debug_frame</name>
         <load_address>0x2284</load_address>
         <run_address>0x2284</run_address>
         <size>0x58</size>
         <input_file_ref idref="fl-51"/>
      </object_component>
      <object_component id="oc-51">
         <name>.debug_line</name>
         <load_address>0x0</load_address>
         <run_address>0x0</run_address>
         <size>0xde</size>
         <input_file_ref idref="fl-2"/>
      </object_component>
      <object_component id="oc-56">
         <name>.debug_line</name>
         <load_address>0xde</load_address>
         <run_address>0xde</run_address>
         <size>0x89</size>
[...]
         <value>0x8372</value>
         <object_component_ref idref="oc-8c"/>
      </symbol>
      <symbol id="sm-241">
         <name>_XINT5_ISR</name>
         <value>0x8430</value>
         <object_component_ref idref="oc-8c"/>
      </symbol>
      <symbol id="sm-271">
         <name>_InitPieCtrl</name>
         <value>0x91ae</value>
         <object_component_ref idref="oc-1e8"/>
      </symbol>
      <symbol id="sm-272">
         <name>_EnableInterrupts</name>
         <value>0x91cd</value>
         <object_component_ref idref="oc-1e8"/>
      </symbol>
      <symbol id="sm-282">
         <name>_PieVectTableInit</name>
         <value>0xd25c</value>
         <object_component_ref idref="oc-1ed"/>
      </symbol>
      <symbol id="sm-283">
         <name>_InitPieVectTable</name>
         <value>0x921e</value>
         <object_component_ref idref="oc-1e9"/>
      </symbol>
      <symbol id="sm-2ff">
         <name>_GpioCtrlRegs</name>
         <value>0x6f80</value>
         <object_component_ref idref="oc-dc"/>
      </symbol>
      <symbol id="sm-300">
         <name>_PieVectTable</name>
         <value>0xd00</value>
         <object_component_ref idref="oc-eb"/>
      </symbol>
      <symbol id="sm-301">
         <name>_ECap4Regs</name>
         <value>0x6a60</value>
         <object_component_ref idref="oc-cc"/>
      </symbol>
      <symbol id="sm-302">
         <name>_CsmRegs</name>
         <value>0xae0</value>
         <object_component_ref idref="oc-c5"/>
      </symbol>
      <symbol id="sm-303">
         <name>_ECanaLAMRegs</name>
         <value>0x6040</value>
         <object_component_ref idref="oc-e1"/>
      </symbol>
      <symbol id="sm-304">
         <name>_ECanbMOTORegs</name>
         <value>0x62c0</value>
         <object_component_ref idref="oc-e3"/>
      </symbol>
      <symbol id="sm-305">
         <name>_EPwm4Regs</name>
         <value>0x68c0</value>
         <object_component_ref idref="oc-d9"/>
      </symbol>
      <symbol id="sm-306">
         <name>_ECap5Regs</name>
         <value>0x6a80</value>
         <object_component_ref idref="oc-d1"/>
      </symbol>
      <symbol id="sm-307">
         <name>_CpuTimer1Regs</name>
         <value>0xc08</value>
         <object_component_ref idref="oc-bf"/>
      </symbol>
      <symbol id="sm-308">
         <name>_SysCtrlRegs</name>
         <value>0x7010</value>
         <object_component_ref idref="oc-d0"/>
      </symbol>
      <symbol id="sm-309">
         <name>_EPwm5Regs</name>
         <value>0x6900</value>
         <object_component_ref idref="oc-d6"/>
      </symbol>
      <symbol id="sm-30a">
         <name>_SpiaRegs</name>
         <value>0x7040</value>
         <object_component_ref idref="oc-c1"/>
      </symbol>
      <symbol id="sm-30b">
         <name>_ECanaMOTSRegs</name>
         <value>0x6080</value>
         <object_component_ref idref="oc-e2"/>
      </symbol>
      <symbol id="sm-30c">
         <name>_ECap6Regs</name>
         <value>0x6aa0</value>
         <object_component_ref idref="oc-d2"/>
      </symbol>
      <symbol id="sm-30d">
         <name>_DmaRegs</name>
         <value>0x1000</value>
         <object_component_ref idref="oc-e8"/>
      </symbol>
      <symbol id="sm-30e">
         <name>_FlashRegs</name>
         <value>0xa80</value>
         <object_component_ref idref="oc-bd"/>
      </symbol>
      <symbol id="sm-30f">
         <name>_CpuTimer0Regs</name>
         <value>0xc00</value>
         <object_component_ref idref="oc-be"/>
      </symbol>
      <symbol id="sm-310">
         <name>_DevEmuRegs</name>
         <value>0x880</value>
         <object_component_ref idref="oc-e7"/>
      </symbol>
      <symbol id="sm-311">
         <name>_McbspbRegs</name>
         <value>0x5040</value>
         <object_component_ref idref="oc-da"/>
      </symbol>
      <symbol id="sm-312">
         <name>_EPwm6Regs</name>
         <value>0x6940</value>
         <object_component_ref idref="oc-d7"/>
      </symbol>
      <symbol id="sm-313">
         <name>_SciaRegs</name>
         <value>0x7050</value>
         <object_component_ref idref="oc-c4"/>
      </symbol>
      <symbol id="sm-314">
         <name>_GpioDataRegs</name>
         <value>0x6fc0</value>
         <object_component_ref idref="oc-cf"/>
      </symbol>
      <symbol id="sm-315">
         <name>_CsmPwl</name>
         <value>0x33fff8</value>
         <object_component_ref idref="oc-bc"/>
      </symbol>
      <symbol id="sm-316">
         <name>_AdcRegs</name>
         <value>0x7100</value>
         <object_component_ref idref="oc-c9"/>
      </symbol>
      <symbol id="sm-317">
         <name>_XIntruptRegs</name>
         <value>0x7070</value>
         <object_component_ref idref="oc-c7"/>
      </symbol>
      <symbol id="sm-318">
         <name>_CpuTimer2Regs</name>
         <value>0xc10</value>
         <object_component_ref idref="oc-bb"/>
      </symbol>
      <symbol id="sm-319">
         <name>_PieCtrlRegs</name>
         <value>0xce0</value>
         <object_component_ref idref="oc-c8"/>
      </symbol>
      <symbol id="sm-31a">
         <name>_ECanbMOTSRegs</name>
         <value>0x6280</value>
         <object_component_ref idref="oc-e0"/>
      </symbol>
      <symbol id="sm-31b">
         <name>_ECanaRegs</name>
         <value>0x6000</value>
         <object_component_ref idref="oc-dd"/>
      </symbol>
      <symbol id="sm-31c">
         <name>_AdcMirror</name>
         <value>0xb00</value>
         <object_component_ref idref="oc-c6"/>
      </symbol>
      <symbol id="sm-31d">
         <name>_ECanbMboxes</name>
         <value>0x6300</value>
         <object_component_ref idref="oc-e9"/>
      </symbol>
      <symbol id="sm-31e">
         <name>_XintfRegs</name>
         <value>0xb20</value>
         <object_component_ref idref="oc-ca"/>
      </symbol>
      <symbol id="sm-31f">
         <name>_ScicRegs</name>
         <value>0x7770</value>
         <object_component_ref idref="oc-c3"/>
      </symbol>
      <symbol id="sm-320">
         <name>_ECap1Regs</name>
         <value>0x6a00</value>
         <object_component_ref idref="oc-cd"/>
      </symbol>
      <symbol id="sm-321">
         <name>_EQep1Regs</name>
         <value>0x6b00</value>
         <object_component_ref idref="oc-e4"/>
      </symbol>
      <symbol id="sm-322">
         <name>_McbspaRegs</name>
         <value>0x5000</value>
         <object_component_ref idref="oc-db"/>
      </symbol>
      <symbol id="sm-323">
         <name>_EPwm1Regs</name>
         <value>0x6800</value>
         <object_component_ref idref="oc-d8"/>
      </symbol>
      <symbol id="sm-324">
         <name>_ECanbRegs</name>
         <value>0x6200</value>
         <object_component_ref idref="oc-de"/>
      </symbol>
      <symbol id="sm-325">
         <name>_ScibRegs</name>
         <value>0x7750</value>
         <object_component_ref idref="oc-c2"/>
      </symbol>
      <symbol id="sm-326">
         <name>_ECap2Regs</name>
         <value>0x6a20</value>
         <object_component_ref idref="oc-ce"/>
      </symbol>
      <symbol id="sm-327">
         <name>_GpioIntRegs</name>
         <value>0x6fe0</value>
         <object_component_ref idref="oc-c0"/>
      </symbol>
      <symbol id="sm-328">
         <name>_EQep2Regs</name>
         <value>0x6b40</value>
         <object_component_ref idref="oc-e5"/>
      </symbol>
      <symbol id="sm-329">
         <name>_PartIdRegs</name>
         <value>0x380090</value>
         <object_component_ref idref="oc-ba"/>
      </symbol>
      <symbol id="sm-32a">
         <name>_EPwm2Regs</name>
         <value>0x6840</value>
         <object_component_ref idref="oc-d3"/>
      </symbol>
      <symbol id="sm-32b">
         <name>_ECanaMboxes</name>
         <value>0x6100</value>
         <object_component_ref idref="oc-ea"/>
      </symbol>
      <symbol id="sm-32c">
         <name>_ECap3Regs</name>
         <value>0x6a40</value>
         <object_component_ref idref="oc-cb"/>
      </symbol>
      <symbol id="sm-32d">
         <name>_ECanaMOTORegs</name>
         <value>0x60c0</value>
         <object_component_ref idref="oc-df"/>
      </symbol>
      <symbol id="sm-32e">
         <name>_EPwm3Regs</name>
         <value>0x6880</value>
         <object_component_ref idref="oc-d4"/>
      </symbol>
      <symbol id="sm-32f">
         <name>_ECanbLAMRegs</name>
         <value>0x6240</value>
         <object_component_ref idref="oc-e6"/>
      </symbol>
      <symbol id="sm-330">
         <name>_I2caRegs</name>
         <value>0x7900</value>
         <object_component_ref idref="oc-d5"/>
      </symbol>
      <symbol id="sm-355">
         <name>__new_handler</name>
         <value>0xc232</value>
         <object_component_ref idref="oc-fe"/>
      </symbol>
      <symbol id="sm-370">
         <name>_c_int00</name>
         <value>0x8eb0</value>
         <object_component_ref idref="oc-4d"/>
      </symbol>
      <symbol id="sm-371">
         <name>__stack</name>
         <value>0x400</value>
         <object_component_ref idref="oc-100"/>
      </symbol>
      <symbol id="sm-380">
         <name>_copy_in</name>
         <value>0x91d6</value>
         <object_component_ref idref="oc-1d2"/>
      </symbol>
      <symbol id="sm-391">
         <name>_memcpy</name>
         <value>0x925c</value>
         <object_component_ref idref="oc-1dd"/>
      </symbol>
      <symbol id="sm-39d">
         <name>__system_pre_init</name>
         <value>0x9330</value>
         <object_component_ref idref="oc-1d1"/>
      </symbol>
      <symbol id="sm-3aa">
         <name>__system_post_cinit</name>
         <value>0x9332</value>
         <object_component_ref idref="oc-1d3"/>
      </symbol>
      <symbol id="sm-3be">
         <name>C$$EXIT</name>
         <value>0x915c</value>
         <object_component_ref idref="oc-1d5"/>
      </symbol>
      <symbol id="sm-3bf">
         <name>_exit</name>
         <value>0x915e</value>
         <object_component_ref idref="oc-1d5"/>
      </symbol>
      <symbol id="sm-3c0">
         <name>___TI_cleanup_ptr</name>
         <value>0xc228</value>
         <object_component_ref idref="oc-11c"/>
      </symbol>
      <symbol id="sm-3c1">
         <name>___TI_enable_exit_profile_output</name>
         <value>0xc226</value>
         <object_component_ref idref="oc-11c"/>
      </symbol>
      <symbol id="sm-3c2">
         <name>_abort</name>
         <value>0x915c</value>
         <object_component_ref idref="oc-1d5"/>
      </symbol>
      <symbol id="sm-3c3">
         <name>___TI_dtors_ptr</name>
         <value>0xc22a</value>
         <object_component_ref idref="oc-11c"/>
      </symbol>
      <symbol id="sm-40a">
         <name>__sys_memory</name>
         <value>0xe000</value>
         <object_component_ref idref="oc-124"/>
      </symbol>
      <symbol id="sm-40b">
         <name>_chkheap</name>
         <value>0x862f</value>
         <object_component_ref idref="oc-1f7"/>
      </symbol>
      <symbol id="sm-40c">
         <name>_realloc</name>
         <value>0x853d</value>
         <object_component_ref idref="oc-1f7"/>
      </symbol>
      <symbol id="sm-40d">
         <name>_free_memory</name>
         <value>0x8611</value>
         <object_component_ref idref="oc-1f7"/>
      </symbol>
      <symbol id="sm-40e">
         <name>_max_free</name>
         <value>0x85ef</value>
         <object_component_ref idref="oc-1f7"/>
      </symbol>
      <symbol id="sm-40f">
         <name>_free</name>
         <value>0x8476</value>
         <object_component_ref idref="oc-1f7"/>
      </symbol>
      <symbol id="sm-410">
         <name>_calloc</name>
         <value>0x8631</value>
         <object_component_ref idref="oc-1f7"/>
      </symbol>
      <symbol id="sm-411">
         <name>_malloc</name>
         <value>0x84df</value>
         <object_component_ref idref="oc-1f7"/>
      </symbol>
      <symbol id="sm-412">
         <name>_minit</name>
         <value>0x84ba</value>
         <object_component_ref idref="oc-1f7"/>
      </symbol>
      <symbol id="sm-426">
         <name>__unlock</name>
         <value>0xc22e</value>
         <object_component_ref idref="oc-1e3"/>
      </symbol>
      <symbol id="sm-427">
         <name>__lock</name>
         <value>0xc22c</value>
         <object_component_ref idref="oc-1df"/>
      </symbol>
      <symbol id="sm-428">
         <name>__register_lock</name>
         <value>0x9313</value>
         <object_component_ref idref="oc-1eb"/>
      </symbol>
      <symbol id="sm-429">
         <name>__nop</name>
         <value>0x9317</value>
         <object_component_ref idref="oc-1eb"/>
      </symbol>
      <symbol id="sm-42a">
         <name>__register_unlock</name>
         <value>0x930f</value>
         <object_component_ref idref="oc-1eb"/>
      </symbol>
      <symbol id="sm-439">
         <name>__args_main</name>
         <value>0x9279</value>
         <object_component_ref idref="oc-1d4"/>
      </symbol>
      <symbol id="sm-445">
         <name>__abort_msg</name>
         <value>0x92ec</value>
         <object_component_ref idref="oc-1ee"/>
      </symbol>
      <symbol id="sm-450">
         <name>___TI_ft_end</name>
         <value>0xc000</value>
         <object_component_ref idref="oc-13a"/>
      </symbol>
      <symbol id="sm-451">
         <name>___TI_tmpnams</name>
         <value>0xc0c0</value>
         <object_component_ref idref="oc-13a"/>
      </symbol>
      <symbol id="sm-452">
         <name>__ftable</name>
         <value>0xc040</value>
         <object_component_ref idref="oc-13a"/>
      </symbol>
      <symbol id="sm-468">
         <name>___TI_doflush</name>
         <value>0x8ca5</value>
         <object_component_ref idref="oc-1f0"/>
      </symbol>
      <symbol id="sm-469">
         <name>_fflush</name>
         <value>0x8cd4</value>
         <object_component_ref idref="oc-1f0"/>
      </symbol>
      <symbol id="sm-486">
         <name>_puts</name>
         <value>0x8b75</value>
         <object_component_ref idref="oc-1ef"/>
      </symbol>
      <symbol id="sm-487">
         <name>_fputs</name>
         <value>0x8ad8</value>
         <object_component_ref idref="oc-1ef"/>
      </symbol>
      <symbol id="sm-496">
         <name>_memchr</name>
         <value>0x92dc</value>
         <object_component_ref idref="oc-1f2"/>
      </symbol>
      <symbol id="sm-4a3">
         <name>_strlen</name>
         <value>0x9320</value>
         <object_component_ref idref="oc-1e1"/>
      </symbol>
      <symbol id="sm-4b6">
         <name>__device</name>
         <value>0xc1c0</value>
         <object_component_ref idref="oc-153"/>
      </symbol>
      <symbol id="sm-4b7">
         <name>__stream</name>
         <value>0xc180</value>
         <object_component_ref idref="oc-153"/>
      </symbol>
      <symbol id="sm-4b8">
         <name>_write</name>
         <value>0x92ab</value>
         <object_component_ref idref="oc-1f3"/>
      </symbol>
      <symbol id="sm-4cf">
         <name>___TI_rd_ok</name>
         <value>0x8dc4</value>
         <object_component_ref idref="oc-1f1"/>
      </symbol>
      <symbol id="sm-4d0">
         <name>___TI_wrt_ok</name>
         <value>0x8d89</value>
         <object_component_ref idref="oc-1f1"/>
      </symbol>
      <symbol id="sm-4e0">
         <name>_fseek</name>
         <value>0x90b4</value>
         <object_component_ref idref="oc-1f4"/>
      </symbol>
      <symbol id="sm-4ed">
         <name>_lseek</name>
         <value>0x92c4</value>
         <object_component_ref idref="oc-1f6"/>
      </symbol>
      <symbol id="sm-503">
         <name>_setvbuf</name>
         <value>0x8c1c</value>
         <object_component_ref idref="oc-1f5"/>
      </symbol>
      <symbol id="sm-50f">
         <name>_HOSTclose</name>
         <value>0x9185</value>
         <object_component_ref idref="oc-1d7"/>
      </symbol>
      <symbol id="sm-51b">
         <name>_HOSTlseek</name>
         <value>0x8df0</value>
         <object_component_ref idref="oc-1da"/>
      </symbol>
      <symbol id="sm-52a">
         <name>_parmbuf</name>
         <value>0xc178</value>
         <object_component_ref idref="oc-177"/>
      </symbol>
      <symbol id="sm-52b">
         <name>_HOSTopen</name>
         <value>0x8ff7</value>
         <object_component_ref idref="oc-1d6"/>
      </symbol>
      <symbol id="sm-538">
         <name>_HOSTread</name>
         <value>0x9037</value>
         <object_component_ref idref="oc-1d8"/>
      </symbol>
      <symbol id="sm-544">
         <name>_HOSTrename</name>
         <value>0x9076</value>
         <object_component_ref idref="oc-1dc"/>
      </symbol>
      <symbol id="sm-550">
         <name>_HOSTunlink</name>
         <value>0x91fa</value>
         <object_component_ref idref="oc-1db"/>
      </symbol>
      <symbol id="sm-55d">
         <name>_HOSTwrite</name>
         <value>0x90f1</value>
         <object_component_ref idref="oc-1d9"/>
      </symbol>
      <symbol id="sm-576">
         <name>___TI_readmsg</name>
         <value>0x8be0</value>
         <object_component_ref idref="oc-1e2"/>
      </symbol>
      <symbol id="sm-577">
         <name>C$$IO$$</name>
         <value>0x8bdb</value>
         <object_component_ref idref="oc-1e2"/>
      </symbol>
      <symbol id="sm-578">
         <name>__CIOBUF_</name>
         <value>0xf000</value>
         <object_component_ref idref="oc-191"/>
      </symbol>
      <symbol id="sm-579">
         <name>___TI_writemsg</name>
         <value>0x8b88</value>
         <object_component_ref idref="oc-1e2"/>
      </symbol>
      <symbol id="sm-5b0">
         <name>_fopen</name>
         <value>0x88b3</value>
         <object_component_ref idref="oc-1f8"/>
      </symbol>
      <symbol id="sm-5b1">
         <name>___TI_cleanup</name>
         <value>0x8878</value>
         <object_component_ref idref="oc-1f8"/>
      </symbol>
      <symbol id="sm-5b2">
         <name>_freopen</name>
         <value>0x8895</value>
         <object_component_ref idref="oc-1f8"/>
      </symbol>
      <symbol id="sm-5cd">
         <name>_open</name>
         <value>0x8d18</value>
         <object_component_ref idref="oc-1f9"/>
      </symbol>
      <symbol id="sm-5da">
         <name>_strcpy</name>
         <value>0x9328</value>
         <object_component_ref idref="oc-1e5"/>
      </symbol>
      <symbol id="sm-5eb">
         <name>___TI_closefile</name>
         <value>0x8e51</value>
         <object_component_ref idref="oc-1fa"/>
      </symbol>
      <symbol id="sm-5ec">
         <name>_fclose</name>
         <value>0x8e95</value>
         <object_component_ref idref="oc-1fa"/>
      </symbol>
      <symbol id="sm-5fe">
         <name>_finddevice</name>
         <value>0x8f59</value>
         <object_component_ref idref="oc-1fb"/>
      </symbol>
      <symbol id="sm-5ff">
         <name>_getdevice</name>
         <value>0x8f75</value>
         <object_component_ref idref="oc-1fb"/>
      </symbol>
      <symbol id="sm-60b">
         <name>_remove</name>
         <value>0x932d</value>
         <object_component_ref idref="oc-1fd"/>
      </symbol>
      <symbol id="sm-61a">
         <name>_strchr</name>
         <value>0x92f9</value>
         <object_component_ref idref="oc-1ff"/>
      </symbol>
      <symbol id="sm-628">
         <name>_strcmp</name>
         <value>0x9305</value>
         <object_component_ref idref="oc-1fe"/>
      </symbol>
      <symbol id="sm-638">
         <name>_strncpy</name>
         <value>0x923e</value>
         <object_component_ref idref="oc-200"/>
      </symbol>
      <symbol id="sm-644">
         <name>_unlink</name>
         <value>0x9292</value>
         <object_component_ref idref="oc-201"/>
      </symbol>
      <symbol id="sm-654">
         <name>_close</name>
         <value>0x9129</value>
         <object_component_ref idref="oc-1fc"/>
      </symbol>
   </symbol_table>
   <title>Link successful</title>
</link_info>
