******************************************************************************
             TMS320C2000 Linker PC v18.1.3                     
******************************************************************************
>> Linked Wed Nov 21 15:45:01 2018

OUTPUT FILE NAME:   <AccGyroPro_YW_28335.out>
ENTRY POINT SYMBOL: "_c_int00"  address: 00008eb0


MEMORY CONFIGURATION

         name            origin    length      used     unused   attr    fill
----------------------  --------  ---------  --------  --------  ----  --------
PAGE 0:
  BEGIN                 00000000   00000002  00000002  00000000  RWIX
  RAMM0                 00000050   000003b0  00000000  000003b0  RWIX
  RAML0                 00008000   00000160  00000082  000000de  RWIX
  RAML1                 00008160   00003ea0  000011d3  00002ccd  RWIX
  ZONE7A                00200000   0000fc00  00000000  0000fc00  RWIX
  CSM_RSVD              0033ff80   00000076  00000000  00000076  RWIX
  CSM_PWL               0033fff8   00000008  00000000  00000008  RWIX
  ADC_CAL               00380080   00000009  00000007  00000002  RWIX
  IQTABLES              003fe000   00000b50  00000000  00000b50  RWIX
  IQTABLES2             003feb50   0000008c  00000000  0000008c  RWIX
  FPUTABLES             003febdc   000006a0  00000000  000006a0  RWIX
  BOOTROM               003ff27c   00000d44  00000000  00000d44  RWIX
  RESET                 003fffc0   00000002  00000000  00000002  RWIX

PAGE 1:
  BOOT_RSVD             00000002   0000004e  00000000  0000004e  RWIX
  RAMM1                 00000400   00000400  00000400  00000000  RWIX
  DEV_EMU               00000880   00000180  000000d0  000000b0  RWIX
  FLASH_REGS            00000a80   00000060  00000008  00000058  RWIX
  CSM                   00000ae0   00000010  00000010  00000000  RWIX
  ADC_MIRROR            00000b00   00000010  00000010  00000000  RWIX
  XINTF                 00000b20   00000020  0000001e  00000002  RWIX
  CPU_TIMER0            00000c00   00000008  00000008  00000000  RWIX
  CPU_TIMER1            00000c08   00000008  00000008  00000000  RWIX
  CPU_TIMER2            00000c10   00000008  00000008  00000000  RWIX
  PIE_CTRL              00000ce0   00000020  0000001a  00000006  RWIX
  PIE_VECT              00000d00   00000100  00000100  00000000  RWIX
  DMA                   00001000   00000200  000000e0  00000120  RWIX
  MCBSPA                00005000   00000040  00000025  0000001b  RWIX
  MCBSPB                00005040   00000040  00000025  0000001b  RWIX
  ECANA                 00006000   00000040  00000034  0000000c  RWIX
  ECANA_LAM             00006040   00000040  00000040  00000000  RWIX
  ECANA_MOTS            00006080   00000040  00000040  00000000  RWIX
  ECANA_MOTO            000060c0   00000040  00000040  00000000  RWIX
  ECANA_MBOX            00006100   00000100  00000100  00000000  RWIX
  ECANB                 00006200   00000040  00000034  0000000c  RWIX
  ECANB_LAM             00006240   00000040  00000040  00000000  RWIX
  ECANB_MOTS            00006280   00000040  00000040  00000000  RWIX
  ECANB_MOTO            000062c0   00000040  00000040  00000000  RWIX
  ECANB_MBOX            00006300   00000100  00000100  00000000  RWIX
  EPWM1                 00006800   00000022  00000022  00000000  RWIX
  EPWM2                 00006840   00000022  00000022  00000000  RWIX
  EPWM3                 00006880   00000022  00000022  00000000  RWIX
  EPWM4                 000068c0   00000022  00000022  00000000  RWIX
  EPWM5                 00006900   00000022  00000022  00000000  RWIX
  EPWM6                 00006940   00000022  00000022  00000000  RWIX
  ECAP1                 00006a00   00000020  00000020  00000000  RWIX
  ECAP2                 00006a20   00000020  00000020  00000000  RWIX
  ECAP3                 00006a40   00000020  00000020  00000000  RWIX
  ECAP4                 00006a60   00000020  00000020  00000000  RWIX
  ECAP5                 00006a80   00000020  00000020  00000000  RWIX
  ECAP6                 00006aa0   00000020  00000020  00000000  RWIX
  EQEP1                 00006b00   00000040  00000040  00000000  RWIX
  EQEP2                 00006b40   00000040  00000040  00000000  RWIX
  GPIOCTRL              00006f80   00000040  0000002e  00000012  RWIX
  GPIODAT               00006fc0   00000020  00000020  00000000  RWIX
  GPIOINT               00006fe0   00000020  0000000a  00000016  RWIX
  SYSTEM                00007010   00000020  00000020  00000000  RWIX
  SPIA                  00007040   00000010  00000010  00000000  RWIX
  SCIA                  00007050   00000010  00000010  00000000  RWIX
  XINTRUPT              00007070   00000010  00000010  00000000  RWIX
  ADC                   00007100   00000020  0000001e  00000002  RWIX
  SCIB                  00007750   00000010  00000010  00000000  RWIX
  SCIC                  00007770   00000010  00000010  00000000  RWIX
  I2CA                  00007900   00000040  00000022  0000001e  RWIX
  RAML4                 0000c000   00001000  00000236  00000dca  RWIX
  RAML5                 0000d000   00001000  0000035e  00000ca2  RWIX
  RAML6                 0000e000   00001000  00000400  00000c00  RWIX
  RAML7                 0000f000   00001000  00000120  00000ee0  RWIX
  ZONE7B                0020fc00   00000400  00000000  00000400  RWIX
  CSM_PWL               0033fff8   00000008  00000008  00000000  RWIX
  PARTID                00380090   00000001  00000001  00000000  RWIX


SECTION ALLOCATION MAP

 output                                  attributes/
section   page    origin      length       input sections
--------  ----  ----------  ----------   ----------------
codestart 
*          0    00000000    00000002     
                  00000000    00000002     DSP2833x_CodeStartBranch.obj (codestart)

ramfuncs   0    0000807e    00000004     
                  0000807e    00000004     DSP2833x_usDelay.obj (ramfuncs)

.text      0    00008160    000011d3     
                  00008160    00000316     DSP2833x_DefaultIsr.obj (.text:retain)
                  00008476    000001d2     rts2800_fpu32.lib : memory.c.obj (.text)
                  00008648    000001b8     SCC1300-D02_SPI.obj (.text)
                  00008800    000000f9     rts2800_fpu32.lib : fopen.c.obj (.text)
                  000088f9    000000f8     DSP2833x_SysCtrl.obj (.text)
                  000089f1    000000e7     GpioConfig.obj (.text)
                  00008ad8    000000b0     rts2800_fpu32.lib : fputs.c.obj (.text)
                  00008b88    00000094                       : trgmsg.c.obj (.text)
                  00008c1c    00000089                       : setvbuf.c.obj (.text)
                  00008ca5    00000073                       : fflush.c.obj (.text)
                  00008d18    00000071                       : open.c.obj (.text)
                  00008d89    00000067                       : _io_perm.c.obj (.text)
                  00008df0    00000061                       : hostlseek.c.obj (.text)
                  00008e51    0000005f                       : fclose.c.obj (.text)
                  00008eb0    00000056                       : boot28.asm.obj (.text)
                  00008f06    00000053     main_AccGyro.obj (.text)
                  00008f59    00000051     rts2800_fpu32.lib : getdevice.c.obj (.text)
                  00008faa    0000004d     SCC1300-D02_SPI.obj (.text:retain)
                  00008ff7    00000040     rts2800_fpu32.lib : hostopen.c.obj (.text)
                  00009037    0000003f                       : hostread.c.obj (.text)
                  00009076    0000003e                       : hostrename.c.obj (.text)
                  000090b4    0000003d                       : fseek.c.obj (.text)
                  000090f1    00000038                       : hostwrite.c.obj (.text)
                  00009129    00000033                       : close.c.obj (.text)
                  0000915c    00000029                       : exit.c.obj (.text)
                  00009185    00000029                       : hostclose.c.obj (.text)
                  000091ae    00000028     DSP2833x_PieCtrl.obj (.text)
                  000091d6    00000024     rts2800_fpu32.lib : cpy_tbl.c.obj (.text)
                  000091fa    00000024                       : hostunlink.c.obj (.text)
                  0000921e    00000020     DSP2833x_PieVect.obj (.text)
                  0000923e    0000001e     rts2800_fpu32.lib : strncpy.c.obj (.text)
                  0000925c    0000001d                       : memcpy.c.obj (.text)
                  00009279    00000019                       : args_main.c.obj (.text)
                  00009292    00000019                       : unlink.c.obj (.text)
                  000092ab    00000019                       : write.c.obj (.text)
                  000092c4    00000018                       : lseek.c.obj (.text)
                  000092dc    00000010                       : memchr.c.obj (.text)
                  000092ec    0000000d                       : assert.c.obj (.text)
                  000092f9    0000000c                       : strchr.c.obj (.text)
                  00009305    0000000a                       : strcmp.c.obj (.text)
                  0000930f    00000009                       : _lock.c.obj (.text)
                  00009318    00000008     DSP2833x_CodeStartBranch.obj (.text)
                  00009320    00000008     rts2800_fpu32.lib : strlen.c.obj (.text)
                  00009328    00000005                       : strcpy.c.obj (.text)
                  0000932d    00000003                       : remove.c.obj (.text)
                  00009330    00000002                       : pre_init.c.obj (.text)
                  00009332    00000001                       : startup.c.obj (.text)

.cinit     0    00008000    0000007e     
                  00008000    0000002a     rts2800_fpu32.lib : defs.c.obj (.cinit)
                  0000802a    00000029                       : write.c.obj (.cinit)
                  00008053    0000000e                       : exit.c.obj (.cinit)
                  00008061    00000005                       : _lock.c.obj (.cinit:__lock)
                  00008066    00000005                       : _lock.c.obj (.cinit:__unlock)
                  0000806b    00000005                       : vars.c.obj (.cinit)
                  00008070    00000004                       : fopen.c.obj (.cinit)
                  00008074    00000004                       : memory.c.obj (.cinit)
                  00008078    00000004                       : open.c.obj (.cinit)
                  0000807c    00000002     --HOLE-- [fill = 0]

.pinit     0    00008000    00000000     UNINITIALIZED

.stack     1    00000400    00000400     UNINITIALIZED
                  00000400    00000400     --HOLE--

DevEmuRegsFile 
*          1    00000880    000000d0     UNINITIALIZED
                  00000880    000000d0     DSP2833x_GlobalVariableDefs.obj (DevEmuRegsFile)

FlashRegsFile 
*          1    00000a80    00000008     UNINITIALIZED
                  00000a80    00000008     DSP2833x_GlobalVariableDefs.obj (FlashRegsFile)

CsmRegsFile 
*          1    00000ae0    00000010     UNINITIALIZED
                  00000ae0    00000010     DSP2833x_GlobalVariableDefs.obj (CsmRegsFile)

AdcMirrorFile 
*          1    00000b00    00000010     UNINITIALIZED
                  00000b00    00000010     DSP2833x_GlobalVariableDefs.obj (AdcMirrorFile)

XintfRegsFile 
*          1    00000b20    0000001e     UNINITIALIZED
                  00000b20    0000001e     DSP2833x_GlobalVariableDefs.obj (XintfRegsFile)

CpuTimer0RegsFile 
*          1    00000c00    00000008     UNINITIALIZED
                  00000c00    00000008     DSP2833x_GlobalVariableDefs.obj (CpuTimer0RegsFile)

CpuTimer1RegsFile 
*          1    00000c08    00000008     UNINITIALIZED
                  00000c08    00000008     DSP2833x_GlobalVariableDefs.obj (CpuTimer1RegsFile)

CpuTimer2RegsFile 
*          1    00000c10    00000008     UNINITIALIZED
                  00000c10    00000008     DSP2833x_GlobalVariableDefs.obj (CpuTimer2RegsFile)

PieCtrlRegsFile 
*          1    00000ce0    0000001a     UNINITIALIZED
                  00000ce0    0000001a     DSP2833x_GlobalVariableDefs.obj (PieCtrlRegsFile)

ECanaMOTSRegsFile 
*          1    00006080    00000040     UNINITIALIZED
                  00006080    00000040     DSP2833x_GlobalVariableDefs.obj (ECanaMOTSRegsFile)

ECanaMOTORegsFile 
*          1    000060c0    00000040     UNINITIALIZED
                  000060c0    00000040     DSP2833x_GlobalVariableDefs.obj (ECanaMOTORegsFile)

ECanbMOTSRegsFile 
*          1    00006280    00000040     UNINITIALIZED
                  00006280    00000040     DSP2833x_GlobalVariableDefs.obj (ECanbMOTSRegsFile)

ECanbMOTORegsFile 
*          1    000062c0    00000040     UNINITIALIZED
                  000062c0    00000040     DSP2833x_GlobalVariableDefs.obj (ECanbMOTORegsFile)

.ebss      1    0000c000    00000236     UNINITIALIZED
                  0000c000    00000160     rts2800_fpu32.lib : defs.c.obj (.ebss)
                  0000c160    00000018     DSP2833x_CpuTimers.obj (.ebss)
                  0000c178    00000008     rts2800_fpu32.lib : hostopen.c.obj (.ebss)
                  0000c180    00000088                       : write.c.obj (.ebss)
                  0000c208    00000016     SCC1300-D02_SPI.obj (.ebss)
                  0000c21e    00000008     rts2800_fpu32.lib : memory.c.obj (.ebss)
                  0000c226    00000006                       : exit.c.obj (.ebss)
                  0000c22c    00000002                       : _lock.c.obj (.ebss:__lock)
                  0000c22e    00000002                       : _lock.c.obj (.ebss:__unlock)
                  0000c230    00000002     main_AccGyro.obj (.ebss)
                  0000c232    00000002     rts2800_fpu32.lib : vars.c.obj (.ebss)
                  0000c234    00000001                       : fopen.c.obj (.ebss)
                  0000c235    00000001                       : open.c.obj (.ebss)

.econst    1    0000d000    0000035e     
                  0000d000    0000015b     GpioConfig.obj (.econst:.string)
                  0000d15b    00000100     SCC1300-D02_SPI.obj (.econst:_ParityTableEven_8b$1)
                  0000d25b    00000001     --HOLE-- [fill = 0]
                  0000d25c    00000100     DSP2833x_PieVect.obj (.econst:_PieVectTableInit)
                  0000d35c    00000002     rts2800_fpu32.lib : fputs.c.obj (.econst:.string)

.esysmem   1    0000e000    00000400     UNINITIALIZED
                  0000e000    00000001     rts2800_fpu32.lib : memory.c.obj (.esysmem)
                  0000e001    000003ff     --HOLE--

.cio       1    0000f000    00000120     UNINITIALIZED
                  0000f000    00000120     rts2800_fpu32.lib : trgmsg.c.obj (.cio)

.reset     0    003fffc0    00000002     DSECT
                  003fffc0    00000002     rts2800_fpu32.lib : boot28.asm.obj (.reset)

csm_rsvd   0    0033ff80    00000000     DSECT

csmpasswds 
*          0    0033fff8    00000000     DSECT

.adc_cal   0    00380080    00000007     NOLOAD SECTION
                  00380080    00000007     DSP2833x_ADC_cal.obj (.adc_cal)

PieVectTableFile 
*          1    00000d00    00000100     UNINITIALIZED
                  00000d00    00000100     DSP2833x_GlobalVariableDefs.obj (PieVectTableFile)

DmaRegsFile 
*          1    00001000    000000e0     UNINITIALIZED
                  00001000    000000e0     DSP2833x_GlobalVariableDefs.obj (DmaRegsFile)

McbspaRegsFile 
*          1    00005000    00000025     UNINITIALIZED
                  00005000    00000025     DSP2833x_GlobalVariableDefs.obj (McbspaRegsFile)

McbspbRegsFile 
*          1    00005040    00000025     UNINITIALIZED
                  00005040    00000025     DSP2833x_GlobalVariableDefs.obj (McbspbRegsFile)

ECanaRegsFile 
*          1    00006000    00000034     UNINITIALIZED
                  00006000    00000034     DSP2833x_GlobalVariableDefs.obj (ECanaRegsFile)

ECanaLAMRegsFile 
*          1    00006040    00000040     UNINITIALIZED
                  00006040    00000040     DSP2833x_GlobalVariableDefs.obj (ECanaLAMRegsFile)

ECanaMboxesFile 
*          1    00006100    00000100     UNINITIALIZED
                  00006100    00000100     DSP2833x_GlobalVariableDefs.obj (ECanaMboxesFile)

ECanbRegsFile 
*          1    00006200    00000034     UNINITIALIZED
                  00006200    00000034     DSP2833x_GlobalVariableDefs.obj (ECanbRegsFile)

ECanbLAMRegsFile 
*          1    00006240    00000040     UNINITIALIZED
                  00006240    00000040     DSP2833x_GlobalVariableDefs.obj (ECanbLAMRegsFile)

ECanbMboxesFile 
*          1    00006300    00000100     UNINITIALIZED
                  00006300    00000100     DSP2833x_GlobalVariableDefs.obj (ECanbMboxesFile)

EPwm1RegsFile 
*          1    00006800    00000022     UNINITIALIZED
                  00006800    00000022     DSP2833x_GlobalVariableDefs.obj (EPwm1RegsFile)

EPwm2RegsFile 
*          1    00006840    00000022     UNINITIALIZED
                  00006840    00000022     DSP2833x_GlobalVariableDefs.obj (EPwm2RegsFile)

EPwm3RegsFile 
*          1    00006880    00000022     UNINITIALIZED
                  00006880    00000022     DSP2833x_GlobalVariableDefs.obj (EPwm3RegsFile)

EPwm4RegsFile 
*          1    000068c0    00000022     UNINITIALIZED
                  000068c0    00000022     DSP2833x_GlobalVariableDefs.obj (EPwm4RegsFile)

EPwm5RegsFile 
*          1    00006900    00000022     UNINITIALIZED
                  00006900    00000022     DSP2833x_GlobalVariableDefs.obj (EPwm5RegsFile)

EPwm6RegsFile 
*          1    00006940    00000022     UNINITIALIZED
                  00006940    00000022     DSP2833x_GlobalVariableDefs.obj (EPwm6RegsFile)

ECap1RegsFile 
*          1    00006a00    00000020     UNINITIALIZED
                  00006a00    00000020     DSP2833x_GlobalVariableDefs.obj (ECap1RegsFile)

ECap2RegsFile 
*          1    00006a20    00000020     UNINITIALIZED
                  00006a20    00000020     DSP2833x_GlobalVariableDefs.obj (ECap2RegsFile)

ECap3RegsFile 
*          1    00006a40    00000020     UNINITIALIZED
                  00006a40    00000020     DSP2833x_GlobalVariableDefs.obj (ECap3RegsFile)

ECap4RegsFile 
*          1    00006a60    00000020     UNINITIALIZED
                  00006a60    00000020     DSP2833x_GlobalVariableDefs.obj (ECap4RegsFile)

ECap5RegsFile 
*          1    00006a80    00000020     UNINITIALIZED
                  00006a80    00000020     DSP2833x_GlobalVariableDefs.obj (ECap5RegsFile)

ECap6RegsFile 
*          1    00006aa0    00000020     UNINITIALIZED
                  00006aa0    00000020     DSP2833x_GlobalVariableDefs.obj (ECap6RegsFile)

EQep1RegsFile 
*          1    00006b00    00000040     UNINITIALIZED
                  00006b00    00000040     DSP2833x_GlobalVariableDefs.obj (EQep1RegsFile)

EQep2RegsFile 
*          1    00006b40    00000040     UNINITIALIZED
                  00006b40    00000040     DSP2833x_GlobalVariableDefs.obj (EQep2RegsFile)

GpioCtrlRegsFile 
*          1    00006f80    0000002e     UNINITIALIZED
                  00006f80    0000002e     DSP2833x_GlobalVariableDefs.obj (GpioCtrlRegsFile)

GpioDataRegsFile 
*          1    00006fc0    00000020     UNINITIALIZED
                  00006fc0    00000020     DSP2833x_GlobalVariableDefs.obj (GpioDataRegsFile)

GpioIntRegsFile 
*          1    00006fe0    0000000a     UNINITIALIZED
                  00006fe0    0000000a     DSP2833x_GlobalVariableDefs.obj (GpioIntRegsFile)

SysCtrlRegsFile 
*          1    00007010    00000020     UNINITIALIZED
                  00007010    00000020     DSP2833x_GlobalVariableDefs.obj (SysCtrlRegsFile)

SpiaRegsFile 
*          1    00007040    00000010     UNINITIALIZED
                  00007040    00000010     DSP2833x_GlobalVariableDefs.obj (SpiaRegsFile)

SciaRegsFile 
*          1    00007050    00000010     UNINITIALIZED
                  00007050    00000010     DSP2833x_GlobalVariableDefs.obj (SciaRegsFile)

XIntruptRegsFile 
*          1    00007070    00000010     UNINITIALIZED
                  00007070    00000010     DSP2833x_GlobalVariableDefs.obj (XIntruptRegsFile)

AdcRegsFile 
*          1    00007100    0000001e     UNINITIALIZED
                  00007100    0000001e     DSP2833x_GlobalVariableDefs.obj (AdcRegsFile)

ScibRegsFile 
*          1    00007750    00000010     UNINITIALIZED
                  00007750    00000010     DSP2833x_GlobalVariableDefs.obj (ScibRegsFile)

ScicRegsFile 
*          1    00007770    00000010     UNINITIALIZED
                  00007770    00000010     DSP2833x_GlobalVariableDefs.obj (ScicRegsFile)

I2caRegsFile 
*          1    00007900    00000022     UNINITIALIZED
                  00007900    00000022     DSP2833x_GlobalVariableDefs.obj (I2caRegsFile)

CsmPwlFile 
*          1    0033fff8    00000008     UNINITIALIZED
                  0033fff8    00000008     DSP2833x_GlobalVariableDefs.obj (CsmPwlFile)

PartIdRegsFile 
*          1    00380090    00000001     UNINITIALIZED
                  00380090    00000001     DSP2833x_GlobalVariableDefs.obj (PartIdRegsFile)

MODULE SUMMARY

       Module                            code   initialized data   uninitialized data
       ------                            ----   ----------------   ------------------
    .\
       main_AccGyro.obj                  83     0                  2                 
    +--+---------------------------------+------+------------------+--------------------+
       Total:                            83     0                  2                 
                                                                                     
    .\Driver&HAL\28335\
       SCC1300-D02_SPI.obj               517    256                22                
       GpioConfig.obj                    231    347                0                 
    +--+---------------------------------+------+------------------+--------------------+
       Total:                            748    603                22                
                                                                                     
    .\TS\
       DSP2833x_SysCtrl.obj              248    0                  0                 
       DSP2833x_CodeStartBranch.obj      10     0                  0                 
       DSP2833x_usDelay.obj              4      0                  0                 
    +--+---------------------------------+------+------------------+--------------------+
       Total:                            262    0                  0                 
                                                                                     
    .\ti\c2000\C2000Ware_1_00_03_00\device_support\f2833x\common\source\
       DSP2833x_DefaultIsr.obj           790    0                  0                 
       DSP2833x_PieVect.obj              32     256                0                 
       DSP2833x_PieCtrl.obj              40     0                  0                 
       DSP2833x_CpuTimers.obj            0      0                  24                
       DSP2833x_ADC_cal.obj              7      0                  0                 
    +--+---------------------------------+------+------------------+--------------------+
       Total:                            869    256                24                
                                                                                     
    .\ti\c2000\C2000Ware_1_00_03_00\device_support\f2833x\headers\source\
       DSP2833x_GlobalVariableDefs.obj   0      0                  2679              
    +--+---------------------------------+------+------------------+--------------------+
       Total:                            0      0                  2679              
                                                                                     
    C:\ti\ccsv8\tools\compiler\ti-cgt-c2000_18.1.3.LTS\lib\rts2800_fpu32.lib
       memory.c.obj                      466    4                  8                 
       trgmsg.c.obj                      148    0                  288               
       defs.c.obj                        0      42                 352               
       fopen.c.obj                       249    4                  1                 
       write.c.obj                       25     41                 136               
       fputs.c.obj                       176    2                  0                 
       setvbuf.c.obj                     137    0                  0                 
       open.c.obj                        113    4                  1                 
       fflush.c.obj                      115    0                  0                 
       _io_perm.c.obj                    103    0                  0                 
       hostlseek.c.obj                   97     0                  0                 
       fclose.c.obj                      95     0                  0                 
       boot28.asm.obj                    86     0                  0                 
       getdevice.c.obj                   81     0                  0                 
       hostopen.c.obj                    64     0                  8                 
       hostread.c.obj                    63     0                  0                 
       hostrename.c.obj                  62     0                  0                 
       exit.c.obj                        41     14                 6                 
       fseek.c.obj                       61     0                  0                 
       hostwrite.c.obj                   56     0                  0                 
       close.c.obj                       51     0                  0                 
       hostclose.c.obj                   41     0                  0                 
       cpy_tbl.c.obj                     36     0                  0                 
       hostunlink.c.obj                  36     0                  0                 
       strncpy.c.obj                     30     0                  0                 
       memcpy.c.obj                      29     0                  0                 
       args_main.c.obj                   25     0                  0                 
       unlink.c.obj                      25     0                  0                 
       lseek.c.obj                       24     0                  0                 
       _lock.c.obj                       9      10                 4                 
       memchr.c.obj                      16     0                  0                 
       assert.c.obj                      13     0                  0                 
       strchr.c.obj                      12     0                  0                 
       strcmp.c.obj                      10     0                  0                 
       strlen.c.obj                      8      0                  0                 
       vars.c.obj                        0      5                  2                 
       strcpy.c.obj                      5      0                  0                 
       remove.c.obj                      3      0                  0                 
       pre_init.c.obj                    2      0                  0                 
       startup.c.obj                     1      0                  0                 
    +--+---------------------------------+------+------------------+--------------------+
       Total:                            2614   126                806               
                                                                                     
       Heap:                             0      0                  1024              
       Stack:                            0      0                  1024              
    +--+---------------------------------+------+------------------+--------------------+
       Grand Total:                      4576   985                5581              


GLOBAL DATA SYMBOLS: SORTED BY DATA PAGE

address     data page           name
--------    ----------------    ----
00000400      10 (00000400)     __stack

00000880      22 (00000880)     _DevEmuRegs

00000a80      2a (00000a80)     _FlashRegs

00000ae0      2b (00000ac0)     _CsmRegs

00000b00      2c (00000b00)     _AdcMirror
00000b20      2c (00000b00)     _XintfRegs

00000c00      30 (00000c00)     _CpuTimer0Regs
00000c08      30 (00000c00)     _CpuTimer1Regs
00000c10      30 (00000c00)     _CpuTimer2Regs

00000ce0      33 (00000cc0)     _PieCtrlRegs

00000d00      34 (00000d00)     _PieVectTable

00001000      40 (00001000)     _DmaRegs

00005000     140 (00005000)     _McbspaRegs

00005040     141 (00005040)     _McbspbRegs

00006000     180 (00006000)     _ECanaRegs

00006040     181 (00006040)     _ECanaLAMRegs

00006080     182 (00006080)     _ECanaMOTSRegs

000060c0     183 (000060c0)     _ECanaMOTORegs

00006100     184 (00006100)     _ECanaMboxes

00006200     188 (00006200)     _ECanbRegs

00006240     189 (00006240)     _ECanbLAMRegs

00006280     18a (00006280)     _ECanbMOTSRegs

000062c0     18b (000062c0)     _ECanbMOTORegs

00006300     18c (00006300)     _ECanbMboxes

00006800     1a0 (00006800)     _EPwm1Regs

00006840     1a1 (00006840)     _EPwm2Regs

00006880     1a2 (00006880)     _EPwm3Regs

000068c0     1a3 (000068c0)     _EPwm4Regs

00006900     1a4 (00006900)     _EPwm5Regs

00006940     1a5 (00006940)     _EPwm6Regs

00006a00     1a8 (00006a00)     _ECap1Regs
00006a20     1a8 (00006a00)     _ECap2Regs

00006a40     1a9 (00006a40)     _ECap3Regs
00006a60     1a9 (00006a40)     _ECap4Regs

00006a80     1aa (00006a80)     _ECap5Regs
00006aa0     1aa (00006a80)     _ECap6Regs

00006b00     1ac (00006b00)     _EQep1Regs

00006b40     1ad (00006b40)     _EQep2Regs

00006f80     1be (00006f80)     _GpioCtrlRegs

00006fc0     1bf (00006fc0)     _GpioDataRegs
00006fe0     1bf (00006fc0)     _GpioIntRegs

00007010     1c0 (00007000)     _SysCtrlRegs

00007040     1c1 (00007040)     _SpiaRegs
00007050     1c1 (00007040)     _SciaRegs
00007070     1c1 (00007040)     _XIntruptRegs

00007100     1c4 (00007100)     _AdcRegs

00007750     1dd (00007740)     _ScibRegs
00007770     1dd (00007740)     _ScicRegs

00007900     1e4 (00007900)     _I2caRegs

0000c000     300 (0000c000)     ___TI_ft_end

0000c040     301 (0000c040)     __ftable

0000c0c0     303 (0000c0c0)     ___TI_tmpnams

0000c160     305 (0000c140)     _CpuTimer1
0000c168     305 (0000c140)     _CpuTimer2
0000c170     305 (0000c140)     _CpuTimer0
0000c178     305 (0000c140)     _parmbuf

0000c180     306 (0000c180)     __stream

0000c1c0     307 (0000c1c0)     __device

0000c226     308 (0000c200)     ___TI_enable_exit_profile_output
0000c228     308 (0000c200)     ___TI_cleanup_ptr
0000c22a     308 (0000c200)     ___TI_dtors_ptr
0000c22c     308 (0000c200)     __lock
0000c22e     308 (0000c200)     __unlock
0000c230     308 (0000c200)     _rateX
0000c232     308 (0000c200)     __new_handler

0000d25c     349 (0000d240)     _PieVectTableInit

0000e000     380 (0000e000)     __sys_memory

0000f000     3c0 (0000f000)     __CIOBUF_

0033fff8    cfff (0033ffc0)     _CsmPwl

00380090    e002 (00380080)     _PartIdRegs


GLOBAL SYMBOLS: SORTED ALPHABETICALLY BY Name 

page  address   name                            
----  -------   ----                            
0     00008160  .text                           
0     0000915c  C$$EXIT                         
0     00008bdb  C$$IO$$                         
0     00008246  _ADCINT_ISR                     
0     00380080  _ADC_cal                        
1     00000b00  _AdcMirror                      
1     00007100  _AdcRegs                        
1     0000c170  _CpuTimer0                      
1     00000c00  _CpuTimer0Regs                  
1     0000c160  _CpuTimer1                      
1     00000c08  _CpuTimer1Regs                  
1     0000c168  _CpuTimer2                      
1     00000c10  _CpuTimer2Regs                  
1     0033fff8  _CsmPwl                         
1     00000ae0  _CsmRegs                        
0     000089c0  _CsmUnlock                      
0     00008174  _DATALOG_ISR                    
0     00008368  _DINTCH1_ISR                    
0     00008372  _DINTCH2_ISR                    
0     0000837c  _DINTCH3_ISR                    
0     00008386  _DINTCH4_ISR                    
0     00008390  _DINTCH5_ISR                    
0     0000839a  _DINTCH6_ISR                    
0     0000807e  _DSP28x_usDelay                 
1     00000880  _DevEmuRegs                     
0     0000890c  _DisableDog                     
1     00001000  _DmaRegs                        
0     000083f4  _ECAN0INTA_ISR                  
0     00008408  _ECAN0INTB_ISR                  
0     000083fe  _ECAN1INTA_ISR                  
0     00008412  _ECAN1INTB_ISR                  
0     000082dc  _ECAP1_INT_ISR                  
0     000082e6  _ECAP2_INT_ISR                  
0     000082f0  _ECAP3_INT_ISR                  
0     000082fa  _ECAP4_INT_ISR                  
0     00008304  _ECAP5_INT_ISR                  
0     0000830e  _ECAP6_INT_ISR                  
1     00006040  _ECanaLAMRegs                   
1     000060c0  _ECanaMOTORegs                  
1     00006080  _ECanaMOTSRegs                  
1     00006100  _ECanaMboxes                    
1     00006000  _ECanaRegs                      
1     00006240  _ECanbLAMRegs                   
1     000062c0  _ECanbMOTORegs                  
1     00006280  _ECanbMOTSRegs                  
1     00006300  _ECanbMboxes                    
1     00006200  _ECanbRegs                      
1     00006a00  _ECap1Regs                      
1     00006a20  _ECap2Regs                      
1     00006a40  _ECap3Regs                      
1     00006a60  _ECap4Regs                      
1     00006a80  _ECap5Regs                      
1     00006aa0  _ECap6Regs                      
0     00008188  _EMUINT_ISR                     
0     000082a0  _EPWM1_INT_ISR                  
0     00008264  _EPWM1_TZINT_ISR                
0     000082aa  _EPWM2_INT_ISR                  
0     0000826e  _EPWM2_TZINT_ISR                
0     000082b4  _EPWM3_INT_ISR                  
0     00008278  _EPWM3_TZINT_ISR                
0     000082be  _EPWM4_INT_ISR                  
0     00008282  _EPWM4_TZINT_ISR                
0     000082c8  _EPWM5_INT_ISR                  
0     0000828c  _EPWM5_TZINT_ISR                
0     000082d2  _EPWM6_INT_ISR                  
0     00008296  _EPWM6_TZINT_ISR                
1     00006800  _EPwm1Regs                      
1     00006840  _EPwm2Regs                      
1     00006880  _EPwm3Regs                      
1     000068c0  _EPwm4Regs                      
1     00006900  _EPwm5Regs                      
1     00006940  _EPwm6Regs                      
0     00008318  _EQEP1_INT_ISR                  
0     00008322  _EQEP2_INT_ISR                  
1     00006b00  _EQep1Regs                      
1     00006b40  _EQep2Regs                      
0     000091cd  _EnableInterrupts               
1     00000a80  _FlashRegs                      
0     00008735  _GYRO_SPI                       
0     000087c5  _GetGyroMixAccess               
0     000087ba  _GetGyroRateX                   
1     00006f80  _GpioCtrlRegs                   
1     00006fc0  _GpioDataRegs                   
1     00006fe0  _GpioIntRegs                    
0     0000875f  _GyroPowerup                    
0     000087a2  _GyroReset                      
0     00009185  _HOSTclose                      
0     00008df0  _HOSTlseek                      
0     00008ff7  _HOSTopen                       
0     00009037  _HOSTread                       
0     00009076  _HOSTrename                     
0     000091fa  _HOSTunlink                     
0     000090f1  _HOSTwrite                      
0     000083a4  _I2CINT1A_ISR                   
0     000083ae  _I2CINT2A_ISR                   
1     00007900  _I2caRegs                       
0     0000819c  _ILLEGAL_ISR                    
0     00008160  _INT13_ISR                      
0     0000816a  _INT14_ISR                      
0     000089f1  _InitGpio_Default               
0     00008f48  _InitGpio_Used__Fv              
0     00008965  _InitPeripheralClocks           
0     000091ae  _InitPieCtrl                    
0     0000921e  _InitPieVectTable               
0     00008914  _InitPll                        
0     000088f9  _InitSysCtrl                    
0     00008458  _LUF_ISR                        
0     0000844e  _LVF_ISR                        
0     00008354  _MRINTA_ISR                     
0     00008340  _MRINTB_ISR                     
0     0000835e  _MXINTA_ISR                     
0     0000834a  _MXINTB_ISR                     
1     00005000  _McbspaRegs                     
1     00005040  _McbspbRegs                     
0     00008192  _NMI_ISR                        
0     00008462  _PIE_RESERVED                   
1     00380090  _PartIdRegs                     
1     00000ce0  _PieCtrlRegs                    
1     00000d00  _PieVectTable                   
1     0000d25c  _PieVectTableInit               
0     0000817e  _RTOSINT_ISR                    
0     0000867c  _SCC1300_Init                   
0     000083cc  _SCIRXINTA_ISR                  
0     000083e0  _SCIRXINTB_ISR                  
0     000083b8  _SCIRXINTC_ISR                  
0     000083d6  _SCITXINTA_ISR                  
0     000083ea  _SCITXINTB_ISR                  
0     000083c2  _SCITXINTC_ISR                  
0     0000821e  _SEQ1INT_ISR                    
0     00008228  _SEQ2INT_ISR                    
0     0000832c  _SPIRXINTA_ISR                  
0     00008336  _SPITXINTA_ISR                  
1     00007050  _SciaRegs                       
1     00007750  _ScibRegs                       
1     00007770  _ScicRegs                       
0     00008902  _ServiceDog                     
1     00007040  _SpiaRegs                       
1     00007010  _SysCtrlRegs                    
0     00008250  _TINT0_ISR                      
0     00008200  _USER10_ISR                     
0     0000820a  _USER11_ISR                     
0     00008214  _USER12_ISR                     
0     000081a6  _USER1_ISR                      
0     000081b0  _USER2_ISR                      
0     000081ba  _USER3_ISR                      
0     000081c4  _USER4_ISR                      
0     000081ce  _USER5_ISR                      
0     000081d8  _USER6_ISR                      
0     000081e2  _USER7_ISR                      
0     000081ec  _USER8_ISR                      
0     000081f6  _USER9_ISR                      
0     0000825a  _WAKEINT_ISR                    
0     00008232  _XINT1_ISR                      
0     0000823c  _XINT2_ISR                      
0     0000841c  _XINT3_ISR                      
0     00008426  _XINT4_ISR                      
0     00008430  _XINT5_ISR                      
0     0000843a  _XINT6_ISR                      
0     00008444  _XINT7_ISR                      
1     00007070  _XIntruptRegs                   
1     00000b20  _XintfRegs                      
1     0000f000  __CIOBUF_                       
1     00000800  __STACK_END                     
abs   00000400  __STACK_SIZE                    
abs   00000400  __SYSMEM_SIZE                   
0     00008878  ___TI_cleanup                   
1     0000c228  ___TI_cleanup_ptr               
0     00008e51  ___TI_closefile                 
0     00008ca5  ___TI_doflush                   
1     0000c22a  ___TI_dtors_ptr                 
1     0000c226  ___TI_enable_exit_profile_output
1     0000c000  ___TI_ft_end                    
abs   ffffffff  ___TI_pprof_out_hndl            
abs   ffffffff  ___TI_prof_data_size            
abs   ffffffff  ___TI_prof_data_start           
0     00008dc4  ___TI_rd_ok                     
0     00008be0  ___TI_readmsg                   
1     0000c0c0  ___TI_tmpnams                   
0     00008b88  ___TI_writemsg                  
0     00008d89  ___TI_wrt_ok                    
abs   ffffffff  ___binit__                      
abs   ffffffff  ___c_args__                     
0     00008000  ___cinit__                      
0     00009333  ___etext__                      
abs   ffffffff  ___pinit__                      
0     00008160  ___text__                       
0     000092ec  __abort_msg                     
0     00009279  __args_main                     
1     0000c1c0  __device                        
1     0000c040  __ftable                        
1     0000c22c  __lock                          
1     0000c232  __new_handler                   
0     00009317  __nop                           
0     00009313  __register_lock                 
0     0000930f  __register_unlock               
1     00000400  __stack                         
1     0000c180  __stream                        
1     0000e000  __sys_memory                    
0     00009332  __system_post_cinit             
0     00009330  __system_pre_init               
1     0000c22e  __unlock                        
0     0000915c  _abort                          
0     00008f3e  _attachInterrupts__Fv           
0     00008eb0  _c_int00                        
0     00008631  _calloc                         
0     0000862f  _chkheap                        
0     00009129  _close                          
0     000091d6  _copy_in                        
0     00008a95  _digitalRead                    
0     00008a59  _digitalWrite                   
0     00008f3c  _error__Fv                      
0     0000915e  _exit                           
0     00008e95  _fclose                         
0     00008cd4  _fflush                         
0     00008f59  _finddevice                     
0     000088b3  _fopen                          
0     00008ad8  _fputs                          
0     00008476  _free                           
0     00008611  _free_memory                    
0     00008895  _freopen                        
0     000090b4  _fseek                          
0     00008f75  _getdevice                      
0     00008f42  _initData__Fv                   
0     00008f47  _initInterrupts__Fv             
0     000092c4  _lseek                          
0     00008f06  _main                           
0     000084df  _malloc                         
0     000085ef  _max_free                       
0     000092dc  _memchr                         
0     0000925c  _memcpy                         
0     000084ba  _minit                          
0     00008d18  _open                           
1     0000c178  _parmbuf                        
0     00008a08  _pinMode                        
0     00008b75  _puts                           
1     0000c230  _rateX                          
0     0000853d  _realloc                        
0     0000932d  _remove                         
0     0000846c  _rsvd_ISR                       
0     00008c1c  _setvbuf                        
0     00008fcc  _spiRxFifoIsr                   
0     00008faa  _spiTxFifoIsr                   
0     000092f9  _strchr                         
0     00009305  _strcmp                         
0     00009328  _strcpy                         
0     00009320  _strlen                         
0     0000923e  _strncpy                        
0     00009292  _unlink                         
0     000092ab  _write                          
abs   ffffffff  binit                           
0     00008000  cinit                           
0     00000000  code_start                      
0     00009333  etext                           
abs   ffffffff  pinit                           


GLOBAL SYMBOLS: SORTED BY Symbol Address 

page  address   name                            
----  -------   ----                            
0     00000000  code_start                      
0     00008000  ___cinit__                      
0     00008000  cinit                           
0     0000807e  _DSP28x_usDelay                 
0     00008160  .text                           
0     00008160  _INT13_ISR                      
0     00008160  ___text__                       
0     0000816a  _INT14_ISR                      
0     00008174  _DATALOG_ISR                    
0     0000817e  _RTOSINT_ISR                    
0     00008188  _EMUINT_ISR                     
0     00008192  _NMI_ISR                        
0     0000819c  _ILLEGAL_ISR                    
0     000081a6  _USER1_ISR                      
0     000081b0  _USER2_ISR                      
0     000081ba  _USER3_ISR                      
0     000081c4  _USER4_ISR                      
0     000081ce  _USER5_ISR                      
0     000081d8  _USER6_ISR                      
0     000081e2  _USER7_ISR                      
0     000081ec  _USER8_ISR                      
0     000081f6  _USER9_ISR                      
0     00008200  _USER10_ISR                     
0     0000820a  _USER11_ISR                     
0     00008214  _USER12_ISR                     
0     0000821e  _SEQ1INT_ISR                    
0     00008228  _SEQ2INT_ISR                    
0     00008232  _XINT1_ISR                      
0     0000823c  _XINT2_ISR                      
0     00008246  _ADCINT_ISR                     
0     00008250  _TINT0_ISR                      
0     0000825a  _WAKEINT_ISR                    
0     00008264  _EPWM1_TZINT_ISR                
0     0000826e  _EPWM2_TZINT_ISR                
0     00008278  _EPWM3_TZINT_ISR                
0     00008282  _EPWM4_TZINT_ISR                
0     0000828c  _EPWM5_TZINT_ISR                
0     00008296  _EPWM6_TZINT_ISR                
0     000082a0  _EPWM1_INT_ISR                  
0     000082aa  _EPWM2_INT_ISR                  
0     000082b4  _EPWM3_INT_ISR                  
0     000082be  _EPWM4_INT_ISR                  
0     000082c8  _EPWM5_INT_ISR                  
0     000082d2  _EPWM6_INT_ISR                  
0     000082dc  _ECAP1_INT_ISR                  
0     000082e6  _ECAP2_INT_ISR                  
0     000082f0  _ECAP3_INT_ISR                  
0     000082fa  _ECAP4_INT_ISR                  
0     00008304  _ECAP5_INT_ISR                  
0     0000830e  _ECAP6_INT_ISR                  
0     00008318  _EQEP1_INT_ISR                  
0     00008322  _EQEP2_INT_ISR                  
0     0000832c  _SPIRXINTA_ISR                  
0     00008336  _SPITXINTA_ISR                  
0     00008340  _MRINTB_ISR                     
0     0000834a  _MXINTB_ISR                     
0     00008354  _MRINTA_ISR                     
0     0000835e  _MXINTA_ISR                     
0     00008368  _DINTCH1_ISR                    
0     00008372  _DINTCH2_ISR                    
0     0000837c  _DINTCH3_ISR                    
0     00008386  _DINTCH4_ISR                    
0     00008390  _DINTCH5_ISR                    
0     0000839a  _DINTCH6_ISR                    
0     000083a4  _I2CINT1A_ISR                   
0     000083ae  _I2CINT2A_ISR                   
0     000083b8  _SCIRXINTC_ISR                  
0     000083c2  _SCITXINTC_ISR                  
0     000083cc  _SCIRXINTA_ISR                  
0     000083d6  _SCITXINTA_ISR                  
0     000083e0  _SCIRXINTB_ISR                  
0     000083ea  _SCITXINTB_ISR                  
0     000083f4  _ECAN0INTA_ISR                  
0     000083fe  _ECAN1INTA_ISR                  
0     00008408  _ECAN0INTB_ISR                  
0     00008412  _ECAN1INTB_ISR                  
0     0000841c  _XINT3_ISR                      
0     00008426  _XINT4_ISR                      
0     00008430  _XINT5_ISR                      
0     0000843a  _XINT6_ISR                      
0     00008444  _XINT7_ISR                      
0     0000844e  _LVF_ISR                        
0     00008458  _LUF_ISR                        
0     00008462  _PIE_RESERVED                   
0     0000846c  _rsvd_ISR                       
0     00008476  _free                           
0     000084ba  _minit                          
0     000084df  _malloc                         
0     0000853d  _realloc                        
0     000085ef  _max_free                       
0     00008611  _free_memory                    
0     0000862f  _chkheap                        
0     00008631  _calloc                         
0     0000867c  _SCC1300_Init                   
0     00008735  _GYRO_SPI                       
0     0000875f  _GyroPowerup                    
0     000087a2  _GyroReset                      
0     000087ba  _GetGyroRateX                   
0     000087c5  _GetGyroMixAccess               
0     00008878  ___TI_cleanup                   
0     00008895  _freopen                        
0     000088b3  _fopen                          
0     000088f9  _InitSysCtrl                    
0     00008902  _ServiceDog                     
0     0000890c  _DisableDog                     
0     00008914  _InitPll                        
0     00008965  _InitPeripheralClocks           
0     000089c0  _CsmUnlock                      
0     000089f1  _InitGpio_Default               
0     00008a08  _pinMode                        
0     00008a59  _digitalWrite                   
0     00008a95  _digitalRead                    
0     00008ad8  _fputs                          
0     00008b75  _puts                           
0     00008b88  ___TI_writemsg                  
0     00008bdb  C$$IO$$                         
0     00008be0  ___TI_readmsg                   
0     00008c1c  _setvbuf                        
0     00008ca5  ___TI_doflush                   
0     00008cd4  _fflush                         
0     00008d18  _open                           
0     00008d89  ___TI_wrt_ok                    
0     00008dc4  ___TI_rd_ok                     
0     00008df0  _HOSTlseek                      
0     00008e51  ___TI_closefile                 
0     00008e95  _fclose                         
0     00008eb0  _c_int00                        
0     00008f06  _main                           
0     00008f3c  _error__Fv                      
0     00008f3e  _attachInterrupts__Fv           
0     00008f42  _initData__Fv                   
0     00008f47  _initInterrupts__Fv             
0     00008f48  _InitGpio_Used__Fv              
0     00008f59  _finddevice                     
0     00008f75  _getdevice                      
0     00008faa  _spiTxFifoIsr                   
0     00008fcc  _spiRxFifoIsr                   
0     00008ff7  _HOSTopen                       
0     00009037  _HOSTread                       
0     00009076  _HOSTrename                     
0     000090b4  _fseek                          
0     000090f1  _HOSTwrite                      
0     00009129  _close                          
0     0000915c  C$$EXIT                         
0     0000915c  _abort                          
0     0000915e  _exit                           
0     00009185  _HOSTclose                      
0     000091ae  _InitPieCtrl                    
0     000091cd  _EnableInterrupts               
0     000091d6  _copy_in                        
0     000091fa  _HOSTunlink                     
0     0000921e  _InitPieVectTable               
0     0000923e  _strncpy                        
0     0000925c  _memcpy                         
0     00009279  __args_main                     
0     00009292  _unlink                         
0     000092ab  _write                          
0     000092c4  _lseek                          
0     000092dc  _memchr                         
0     000092ec  __abort_msg                     
0     000092f9  _strchr                         
0     00009305  _strcmp                         
0     0000930f  __register_unlock               
0     00009313  __register_lock                 
0     00009317  __nop                           
0     00009320  _strlen                         
0     00009328  _strcpy                         
0     0000932d  _remove                         
0     00009330  __system_pre_init               
0     00009332  __system_post_cinit             
0     00009333  ___etext__                      
0     00009333  etext                           
0     00380080  _ADC_cal                        
1     00000400  __stack                         
1     00000800  __STACK_END                     
1     00000880  _DevEmuRegs                     
1     00000a80  _FlashRegs                      
1     00000ae0  _CsmRegs                        
1     00000b00  _AdcMirror                      
1     00000b20  _XintfRegs                      
1     00000c00  _CpuTimer0Regs                  
1     00000c08  _CpuTimer1Regs                  
1     00000c10  _CpuTimer2Regs                  
1     00000ce0  _PieCtrlRegs                    
1     00000d00  _PieVectTable                   
1     00001000  _DmaRegs                        
1     00005000  _McbspaRegs                     
1     00005040  _McbspbRegs                     
1     00006000  _ECanaRegs                      
1     00006040  _ECanaLAMRegs                   
1     00006080  _ECanaMOTSRegs                  
1     000060c0  _ECanaMOTORegs                  
1     00006100  _ECanaMboxes                    
1     00006200  _ECanbRegs                      
1     00006240  _ECanbLAMRegs                   
1     00006280  _ECanbMOTSRegs                  
1     000062c0  _ECanbMOTORegs                  
1     00006300  _ECanbMboxes                    
1     00006800  _EPwm1Regs                      
1     00006840  _EPwm2Regs                      
1     00006880  _EPwm3Regs                      
1     000068c0  _EPwm4Regs                      
1     00006900  _EPwm5Regs                      
1     00006940  _EPwm6Regs                      
1     00006a00  _ECap1Regs                      
1     00006a20  _ECap2Regs                      
1     00006a40  _ECap3Regs                      
1     00006a60  _ECap4Regs                      
1     00006a80  _ECap5Regs                      
1     00006aa0  _ECap6Regs                      
1     00006b00  _EQep1Regs                      
1     00006b40  _EQep2Regs                      
1     00006f80  _GpioCtrlRegs                   
1     00006fc0  _GpioDataRegs                   
1     00006fe0  _GpioIntRegs                    
1     00007010  _SysCtrlRegs                    
1     00007040  _SpiaRegs                       
1     00007050  _SciaRegs                       
1     00007070  _XIntruptRegs                   
1     00007100  _AdcRegs                        
1     00007750  _ScibRegs                       
1     00007770  _ScicRegs                       
1     00007900  _I2caRegs                       
1     0000c000  ___TI_ft_end                    
1     0000c040  __ftable                        
1     0000c0c0  ___TI_tmpnams                   
1     0000c160  _CpuTimer1                      
1     0000c168  _CpuTimer2                      
1     0000c170  _CpuTimer0                      
1     0000c178  _parmbuf                        
1     0000c180  __stream                        
1     0000c1c0  __device                        
1     0000c226  ___TI_enable_exit_profile_output
1     0000c228  ___TI_cleanup_ptr               
1     0000c22a  ___TI_dtors_ptr                 
1     0000c22c  __lock                          
1     0000c22e  __unlock                        
1     0000c230  _rateX                          
1     0000c232  __new_handler                   
1     0000d25c  _PieVectTableInit               
1     0000e000  __sys_memory                    
1     0000f000  __CIOBUF_                       
1     0033fff8  _CsmPwl                         
1     00380090  _PartIdRegs                     
abs   00000400  __STACK_SIZE                    
abs   00000400  __SYSMEM_SIZE                   
abs   ffffffff  ___TI_pprof_out_hndl            
abs   ffffffff  ___TI_prof_data_size            
abs   ffffffff  ___TI_prof_data_start           
abs   ffffffff  ___binit__                      
abs   ffffffff  ___c_args__                     
abs   ffffffff  ___pinit__                      
abs   ffffffff  binit                           
abs   ffffffff  pinit                           

[254 symbols]
