******************************************************************************
             TMS320C2000 Linker PC v17.9.0                     
******************************************************************************
>> Linked Thu Apr 12 15:17:27 2018

OUTPUT FILE NAME:   <DSP_PROJECT_4th.out>
ENTRY POINT SYMBOL: "_c_int00"  address: 0000add8


MEMORY CONFIGURATION

         name            origin    length      used     unused   attr    fill
----------------------  --------  ---------  --------  --------  ----  --------
PAGE 0:
  BEGIN                 00000000   00000002  00000002  00000000  RWIX
  BEGIN                 00000000   00000002  00000000  00000002  RWIX
  RAMM0                 00000050   000003b0  00000000  000003b0  RWIX
  RAMM0                 00000050   000003b0  00000000  000003b0  RWIX
  RAML0                 00008000   00000160  00000010  00000150  RWIX
  RAML0                 00008000   00000180  00000000  00000180  RWIX
  RAML1                 00008160   00003ea0  00003320  00000b80  RWIX
  RAML1                 00008180   00003e80  00000000  00003e80  RWIX
  ZONE7A                00200000   0000fc00  00000000  0000fc00  RWIX
  ZONE7A                00200000   0000fc00  00000000  0000fc00  RWIX
  CSM_RSVD              0033ff80   00000076  00000000  00000076  RWIX
  CSM_RSVD              0033ff80   00000076  00000000  00000076  RWIX
  CSM_PWL               0033fff8   00000008  00000000  00000008  RWIX
  CSM_PWL               0033fff8   00000008  00000000  00000008  RWIX
  ADC_CAL               00380080   00000009  00000007  00000002  RWIX
  ADC_CAL               00380080   00000009  00000000  00000009  RWIX
  IQTABLES              003fe000   00000b50  00000000  00000b50  RWIX
  IQTABLES              003fe000   00000b50  00000000  00000b50  RWIX
  IQTABLES2             003feb50   0000008c  00000000  0000008c  RWIX
  IQTABLES2             003feb50   0000008c  00000000  0000008c  RWIX
  FPUTABLES             003febdc   000006a0  000006a0  00000000  RWIX
  FPUTABLES             003febdc   000006a0  00000000  000006a0  RWIX
  BOOTROM               003ff27c   00000d44  00000000  00000d44  RWIX
  BOOTROM               003ff27c   00000d44  00000000  00000d44  RWIX
  RESET                 003fffc0   00000002  00000000  00000002  RWIX
  RESET                 003fffc0   00000002  00000000  00000002  RWIX

PAGE 1:
  BOOT_RSVD             00000002   0000004e  0000004e  00000000  RWIX
  BOOT_RSVD             00000002   0000004e  0000004d  00000001  RWIX
  RAMM1                 00000400   00000400  00000400  00000000  RWIX
  RAMM1                 00000400   00000400  00000400  00000000  RWIX
  RAML4                 0000c000   00001000  00000c72  0000038e  RWIX
  RAML4                 0000c000   00001000  00000000  00001000  RWIX
  RAML5                 0000d000   00001000  000002e8  00000d18  RWIX
  RAML5                 0000d000   00001000  00000000  00001000  RWIX
  RAML6                 0000e000   00001000  00000400  00000c00  RWIX
  RAML6                 0000e000   00001000  00000000  00001000  RWIX
  RAML7                 0000f000   00001000  00000120  00000ee0  RWIX
  RAML7                 0000f000   00001000  00000000  00001000  RWIX
  ZONE7B                0020fc00   00000400  00000000  00000400  RWIX
  ZONE7B                0020fc00   00000400  00000000  00000400  RWIX


SECTION ALLOCATION MAP

 output                                  attributes/
section   page    origin      length       input sections
--------  ----  ----------  ----------   ----------------
codestart 
*          0    00000000    00000002     
                  00000000    00000002     DSP2833x_CodeStartBranch.obj (codestart)

ramfuncs   0    0000800c    00000004     
                  0000800c    00000004     DSP2833x_usDelay.obj (ramfuncs)

.text      0    00008160    00003320     
                  00008160    00000d09     Fr_UNIFIED.obj (.text)
                  00008e69    00000567     main_4th_CZT.obj (.text)
                  000093d0    00000316     DSP2833x_DefaultIsr.obj (.text:retain)
                  000096e6    000002f0     DataInterfaceCZT.obj (.text)
                  000099d6    00000226     GpioConfig.obj (.text)
                  00009bfc    00000200     rts2800_fpu32.lib : vec_newdel.obj (.text)
                  00009dfc    000001d2                       : memory.obj (.text)
                  00009fce    000001b6     SerialPortConfig.obj (.text)
                  0000a184    000001aa     CSerialPortDataAnalyzer.obj (.text)
                  0000a32e    00000128     AT93C56.obj (.text)
                  0000a456    00000117     UnlockFifoBuffer.obj (.text)
                  0000a56d    000000fd     DSP2833x_SysCtrl.obj (.text)
                  0000a66a    000000f9     rts2800_fpu32.lib : fopen.obj (.text)
                  0000a763    000000de     main_4th_CZT.obj (.text:retain)
                  0000a841    000000c9     PtThreadEx.obj (.text)
                  0000a90a    000000b0     rts2800_fpu32.lib : fputs.obj (.text)
                  0000a9ba    00000094                       : trgmsg.obj (.text)
                  0000aa4e    00000089                       : setvbuf.obj (.text)
                  0000aad7    00000088     FlexRay_handler.obj (.text)
                  0000ab5f    00000073     rts2800_fpu32.lib : fflush.obj (.text)
                  0000abd2    00000071                       : open.obj (.text)
                  0000ac43    0000006e                       : dtor_list.obj (.text)
                  0000acb1    00000067                       : _io_perm.obj (.text)
                  0000ad18    00000061                       : hostlseek.obj (.text)
                  0000ad79    0000005f                       : fclose.obj (.text)
                  0000add8    00000056                       : boot28.obj (.text)
                  0000ae2e    00000054     DSP2833x_CpuTimers.obj (.text)
                  0000ae82    00000051     rts2800_fpu32.lib : getdevice.obj (.text)
                  0000aed3    0000004f     atan2_f32.obj (.text)
                  0000af22    0000004a     atan_f32.obj (.text)
                  0000af6c    00000049     FlexRayInterface.obj (.text)
                  0000afb5    00000043     sincos_f32.obj (.text)
                  0000aff8    00000040     rts2800_fpu32.lib : hostopen.obj (.text)
                  0000b038    0000003f     Task_CZT.obj (.text)
                  0000b077    0000003f     rts2800_fpu32.lib : hostread.obj (.text)
                  0000b0b6    0000003e                       : hostrename.obj (.text)
                  0000b0f4    0000003d                       : fseek.obj (.text)
                  0000b131    00000038                       : hostwrite.obj (.text)
                  0000b169    00000034     cos_f32.obj (.text)
                  0000b19d    00000034     sin_f32.obj (.text)
                  0000b1d1    00000033     rts2800_fpu32.lib : close.obj (.text)
                  0000b204    00000029                       : exit.obj (.text)
                  0000b22d    00000029                       : hostclose.obj (.text)
                  0000b256    00000028     DSP2833x_PieCtrl.obj (.text)
                  0000b27e    00000024     rts2800_fpu32.lib : cpy_tbl.obj (.text)
                  0000b2a2    00000024                       : hostunlink.obj (.text)
                  0000b2c6    00000021     sqrt_f32.obj (.text)
                  0000b2e7    00000020     rts2800_fpu32.lib : new.obj (.text)
                  0000b307    0000001e     ThreadDataCZT.obj (.text)
                  0000b325    0000001e     rts2800_fpu32.lib : memcpy.obj (.text)
                  0000b343    0000001e                       : strncpy.obj (.text)
                  0000b361    0000001c     isqrt_f32.obj (.text)
                  0000b37d    00000019     div_f32.obj (.text)
                  0000b396    00000019     rts2800_fpu32.lib : args_main.obj (.text)
                  0000b3af    00000019                       : unlink.obj (.text)
                  0000b3c8    00000019                       : write.obj (.text)
                  0000b3e1    00000018                       : lseek.obj (.text)
                  0000b3f9    00000011     DSP2833x_PieVect.obj (.text)
                  0000b40a    00000010     rts2800_fpu32.lib : memchr.obj (.text)
                  0000b41a    0000000d                       : assert.obj (.text)
                  0000b427    0000000c                       : memset.obj (.text)
                  0000b433    0000000c                       : strchr.obj (.text)
                  0000b43f    0000000a                       : strcmp.obj (.text)
                  0000b449    00000009                       : _lock.obj (.text)
                  0000b452    00000008     DSP2833x_CodeStartBranch.obj (.text)
                  0000b45a    00000008     rts2800_fpu32.lib : strlen.obj (.text)
                  0000b462    00000005                       : delete.obj (.text)
                  0000b467    00000005                       : strcpy.obj (.text)
                  0000b46c    00000004                       : memzero.obj (.text)
                  0000b470    00000003                       : array_del.obj (.text)
                  0000b473    00000003                       : array_new.obj (.text)
                  0000b476    00000003                       : error.obj (.text)
                  0000b479    00000003                       : remove.obj (.text)
                  0000b47c    00000002                       : pre_init.obj (.text)
                  0000b47e    00000001                       : newhandler.obj (.text)
                  0000b47f    00000001                       : startup.obj (.text)

.cinit     0    00000000    00000178     FAILED TO ALLOCATE
.pinit     0    00008000    0000000c     
                  00008000    00000002     DataInterfaceCZT.obj (.pinit)
                  00008002    00000002     FlexRayInterface.obj (.pinit)
                  00008004    00000002     Task_CZT.obj (.pinit)
                  00008006    00000002     ThreadDataCZT.obj (.pinit)
                  00008008    00000002     main_4th_CZT.obj (.pinit)
                  0000800a    00000002     --HOLE-- [fill = 0]

.stack     1    00000400    00000400     UNINITIALIZED
                  00000400    00000400     --HOLE--

.ebss      1    0000c000    00000696     UNINITIALIZED
                  0000c000    00000160     rts2800_fpu32.lib : defs.obj (.ebss)
                  0000c160    00000018     DSP2833x_CpuTimers.obj (.ebss)
                  0000c178    00000008     rts2800_fpu32.lib : hostopen.obj (.ebss)
                  0000c180    00000118     ThreadDataCZT.obj (.ebss)
                  0000c298    00000027     FlexRayInterface.obj (.ebss)
                  0000c2bf    00000001     PtThreadEx.obj (.ebss)
                  0000c2c0    00000100     rts2800_fpu32.lib : dtor_list.obj (.ebss)
                  0000c3c0    000000c8     Fr_UNIFIED.obj (.ebss)
                  0000c488    00000036     Task_CZT.obj (.ebss)
                  0000c4be    00000002     rts2800_fpu32.lib : _lock.obj (.ebss:__lock)
                  0000c4c0    000000a0     main_4th_CZT.obj (.ebss)
                  0000c560    00000009     FlexRay_handler.obj (.ebss)
                  0000c569    00000001     rts2800_fpu32.lib : fopen.obj (.ebss)
                  0000c56a    00000008                       : memory.obj (.ebss)
                  0000c572    00000006                       : exit.obj (.ebss)
                  0000c578    00000002                       : _lock.obj (.ebss:__unlock)
                  0000c57a    00000002                       : vars.obj (.ebss)
                  0000c57c    00000002                       : vec_newdel.obj (.ebss)
                  0000c57e    00000001                       : open.obj (.ebss)
                  0000c57f    00000001     --HOLE--
                  0000c580    00000088                       : write.obj (.ebss)
                  0000c608    00000038     --HOLE--
                  0000c640    00000056     DataInterfaceCZT.obj (.ebss)

.econst    1    0000d000    000002e8     
                  0000d000    0000013f     GpioConfig.obj (.econst:.string)
                  0000d13f    00000001     --HOLE-- [fill = 0]
                  0000d140    00000100     DSP2833x_PieVect.obj (.econst:_PieVectTableInit)
                  0000d240    00000038     Fr_UNIFIED_cfg_CZT.obj (.econst:_Fr_low_level_cfg_set_00)
                  0000d278    00000012     Fr_UNIFIED_cfg_CZT.obj (.econst:_Fr_HW_cfg_00)
                  0000d28a    0000000f     DataInterfaceCZT.obj (.econst:_$P$T3$1)
                  0000d299    0000000d     Fr_UNIFIED_cfg_CZT.obj (.econst:_Fr_tx_buffer_Frame_CZT_10ms_cfg)
                  0000d2a6    0000000c     Fr_UNIFIED_cfg_CZT.obj (.econst:_Fr_buffer_cfg_00)
                  0000d2b2    00000008     Fr_UNIFIED_cfg_CZT.obj (.econst:_Fr_rx_shadow_cfg)
                  0000d2ba    00000008     PtThreadEx.obj (.econst:___vtbl__10PtThreadEx)
                  0000d2c2    00000008     AT93C56.obj (.econst:___vtbl__11AT93C56_SPI)
                  0000d2ca    00000008     UnlockFifoBuffer.obj (.econst:___vtbl__16UnlockFifoBuffer)
                  0000d2d2    00000008     CSerialPortDataAnalyzer.obj (.econst:___vtbl__18FrameAnalyzer_Auto)
                  0000d2da    00000008     CSerialPortDataAnalyzer.obj (.econst:___vtbl__23CSerialPortDataAnalyzer)
                  0000d2e2    00000003     Fr_UNIFIED_cfg_CZT.obj (.econst:.string:_Fr_buffer_cfg_set_00)
                  0000d2e5    00000001     --HOLE-- [fill = 0]
                  0000d2e6    00000002     rts2800_fpu32.lib : fputs.obj (.econst:.string)

.esysmem   1    0000e000    00000400     UNINITIALIZED
                  0000e000    00000001     rts2800_fpu32.lib : memory.obj (.esysmem)
                  0000e001    000003ff     --HOLE--

.cio       1    0000f000    00000120     UNINITIALIZED
                  0000f000    00000120     rts2800_fpu32.lib : trgmsg.obj (.cio)

FPUmathTables 
*          0    003febdc    000006a0     NOLOAD SECTION
                  003febdc    000006a0     FPUmathTables.obj (FPUmathTables)

.reset     0    003fffc0    00000002     DSECT
                  003fffc0    00000002     rts2800_fpu32.lib : boot28.obj (.reset)

csm_rsvd   0    0033ff80    00000000     DSECT

csmpasswds 
*          0    0033fff8    00000000     DSECT

.adc_cal   0    00380080    00000007     NOLOAD SECTION
                  00380080    00000007     DSP2833x_ADC_cal.obj (.adc_cal)

.cinit     0    00008000    00000000     UNINITIALIZED

.pinit     0    00008000    00000000     UNINITIALIZED

.reset     0    003fffc0    00000000     DSECT

csm_rsvd   0    0033ff80    00000000     DSECT

csmpasswds 
*          0    0033fff8    00000000     DSECT

ECanaRegsFile 
*          1    00000002    00000034     UNINITIALIZED
                  00000002    00000034     DSP2833x_GlobalVariableDefs.obj (ECanaRegsFile)

ECanbRegsFile 
*          1    00000002    00000034     UNINITIALIZED
                  00000002    00000034     DSP2833x_GlobalVariableDefs.obj (ECanbRegsFile)

CpuTimer0RegsFile 
*          1    00000036    00000008     UNINITIALIZED
                  00000036    00000008     DSP2833x_GlobalVariableDefs.obj (CpuTimer0RegsFile)

GpioIntRegsFile 
*          1    00000036    0000000a     UNINITIALIZED
                  00000036    0000000a     DSP2833x_GlobalVariableDefs.obj (GpioIntRegsFile)

PartIdRegsFile 
*          1    0000003e    00000001     UNINITIALIZED
                  0000003e    00000001     DSP2833x_GlobalVariableDefs.obj (PartIdRegsFile)

CsmRegsFile 
*          1    00000040    00000010     UNINITIALIZED
                  00000040    00000010     DSP2833x_GlobalVariableDefs.obj (CsmRegsFile)

AdcMirrorFile 
*          1    00000040    00000010     UNINITIALIZED
                  00000040    00000010     DSP2833x_GlobalVariableDefs.obj (AdcMirrorFile)

ECanaMboxesFile 
*          1    00000400    00000100     UNINITIALIZED
                  00000400    00000100     DSP2833x_GlobalVariableDefs.obj (ECanaMboxesFile)

ECanbMboxesFile 
*          1    00000500    00000100     UNINITIALIZED
                  00000500    00000100     DSP2833x_GlobalVariableDefs.obj (ECanbMboxesFile)

PieVectTableFile 
*          1    00000600    00000100     UNINITIALIZED
                  00000600    00000100     DSP2833x_GlobalVariableDefs.obj (PieVectTableFile)

DmaRegsFile 
*          1    00000700    000000e0     UNINITIALIZED
                  00000700    000000e0     DSP2833x_GlobalVariableDefs.obj (DmaRegsFile)

ECap1RegsFile 
*          1    000007e0    00000020     UNINITIALIZED
                  000007e0    00000020     DSP2833x_GlobalVariableDefs.obj (ECap1RegsFile)

McbspaRegsFile 
*          1    0000c696    00000025     UNINITIALIZED
                  0000c696    00000025     DSP2833x_GlobalVariableDefs.obj (McbspaRegsFile)

DevEmuRegsFile 
*          1    0000c6c0    000000d0     UNINITIALIZED
                  0000c6c0    000000d0     DSP2833x_GlobalVariableDefs.obj (DevEmuRegsFile)

GpioCtrlRegsFile 
*          1    0000c790    0000002e     UNINITIALIZED
                  0000c790    0000002e     DSP2833x_GlobalVariableDefs.obj (GpioCtrlRegsFile)

ECanaLAMRegsFile 
*          1    0000c7c0    00000040     UNINITIALIZED
                  0000c7c0    00000040     DSP2833x_GlobalVariableDefs.obj (ECanaLAMRegsFile)

ECanaMOTORegsFile 
*          1    0000c800    00000040     UNINITIALIZED
                  0000c800    00000040     DSP2833x_GlobalVariableDefs.obj (ECanaMOTORegsFile)

ECanaMOTSRegsFile 
*          1    0000c840    00000040     UNINITIALIZED
                  0000c840    00000040     DSP2833x_GlobalVariableDefs.obj (ECanaMOTSRegsFile)

ECanbLAMRegsFile 
*          1    0000c880    00000040     UNINITIALIZED
                  0000c880    00000040     DSP2833x_GlobalVariableDefs.obj (ECanbLAMRegsFile)

ECanbMOTORegsFile 
*          1    0000c8c0    00000040     UNINITIALIZED
                  0000c8c0    00000040     DSP2833x_GlobalVariableDefs.obj (ECanbMOTORegsFile)

ECanbMOTSRegsFile 
*          1    0000c900    00000040     UNINITIALIZED
                  0000c900    00000040     DSP2833x_GlobalVariableDefs.obj (ECanbMOTSRegsFile)

EQep1RegsFile 
*          1    0000c940    00000040     UNINITIALIZED
                  0000c940    00000040     DSP2833x_GlobalVariableDefs.obj (EQep1RegsFile)

EQep2RegsFile 
*          1    0000c980    00000040     UNINITIALIZED
                  0000c980    00000040     DSP2833x_GlobalVariableDefs.obj (EQep2RegsFile)

McbspbRegsFile 
*          1    0000c9c0    00000025     UNINITIALIZED
                  0000c9c0    00000025     DSP2833x_GlobalVariableDefs.obj (McbspbRegsFile)

PieCtrlRegsFile 
*          1    0000c9e5    0000001a     UNINITIALIZED
                  0000c9e5    0000001a     DSP2833x_GlobalVariableDefs.obj (PieCtrlRegsFile)

EPwm1RegsFile 
*          1    0000ca00    00000022     UNINITIALIZED
                  0000ca00    00000022     DSP2833x_GlobalVariableDefs.obj (EPwm1RegsFile)

AdcRegsFile 
*          1    0000ca22    0000001e     UNINITIALIZED
                  0000ca22    0000001e     DSP2833x_GlobalVariableDefs.obj (AdcRegsFile)

EPwm2RegsFile 
*          1    0000ca40    00000022     UNINITIALIZED
                  0000ca40    00000022     DSP2833x_GlobalVariableDefs.obj (EPwm2RegsFile)

XintfRegsFile 
*          1    0000ca62    0000001e     UNINITIALIZED
                  0000ca62    0000001e     DSP2833x_GlobalVariableDefs.obj (XintfRegsFile)

EPwm3RegsFile 
*          1    0000ca80    00000022     UNINITIALIZED
                  0000ca80    00000022     DSP2833x_GlobalVariableDefs.obj (EPwm3RegsFile)

SciaRegsFile 
*          1    0000caa2    00000010     UNINITIALIZED
                  0000caa2    00000010     DSP2833x_GlobalVariableDefs.obj (SciaRegsFile)

CpuTimer1RegsFile 
*          1    0000cab2    00000008     UNINITIALIZED
                  0000cab2    00000008     DSP2833x_GlobalVariableDefs.obj (CpuTimer1RegsFile)

EPwm4RegsFile 
*          1    0000cac0    00000022     UNINITIALIZED
                  0000cac0    00000022     DSP2833x_GlobalVariableDefs.obj (EPwm4RegsFile)

ScibRegsFile 
*          1    0000cae2    00000010     UNINITIALIZED
                  0000cae2    00000010     DSP2833x_GlobalVariableDefs.obj (ScibRegsFile)

CpuTimer2RegsFile 
*          1    0000caf2    00000008     UNINITIALIZED
                  0000caf2    00000008     DSP2833x_GlobalVariableDefs.obj (CpuTimer2RegsFile)

EPwm5RegsFile 
*          1    0000cb00    00000022     UNINITIALIZED
                  0000cb00    00000022     DSP2833x_GlobalVariableDefs.obj (EPwm5RegsFile)

ScicRegsFile 
*          1    0000cb22    00000010     UNINITIALIZED
                  0000cb22    00000010     DSP2833x_GlobalVariableDefs.obj (ScicRegsFile)

CsmPwlFile 
*          1    0000cb32    00000008     UNINITIALIZED
                  0000cb32    00000008     DSP2833x_GlobalVariableDefs.obj (CsmPwlFile)

EPwm6RegsFile 
*          1    0000cb40    00000022     UNINITIALIZED
                  0000cb40    00000022     DSP2833x_GlobalVariableDefs.obj (EPwm6RegsFile)

SpiaRegsFile 
*          1    0000cb62    00000010     UNINITIALIZED
                  0000cb62    00000010     DSP2833x_GlobalVariableDefs.obj (SpiaRegsFile)

FlashRegsFile 
*          1    0000cb72    00000008     UNINITIALIZED
                  0000cb72    00000008     DSP2833x_GlobalVariableDefs.obj (FlashRegsFile)

I2caRegsFile 
*          1    0000cb80    00000022     UNINITIALIZED
                  0000cb80    00000022     DSP2833x_GlobalVariableDefs.obj (I2caRegsFile)

XIntruptRegsFile 
*          1    0000cba2    00000010     UNINITIALIZED
                  0000cba2    00000010     DSP2833x_GlobalVariableDefs.obj (XIntruptRegsFile)

ECap2RegsFile 
*          1    0000cbc0    00000020     UNINITIALIZED
                  0000cbc0    00000020     DSP2833x_GlobalVariableDefs.obj (ECap2RegsFile)

ECap3RegsFile 
*          1    0000cbe0    00000020     UNINITIALIZED
                  0000cbe0    00000020     DSP2833x_GlobalVariableDefs.obj (ECap3RegsFile)

ECap4RegsFile 
*          1    0000cc00    00000020     UNINITIALIZED
                  0000cc00    00000020     DSP2833x_GlobalVariableDefs.obj (ECap4RegsFile)

ECap5RegsFile 
*          1    0000cc20    00000020     UNINITIALIZED
                  0000cc20    00000020     DSP2833x_GlobalVariableDefs.obj (ECap5RegsFile)

ECap6RegsFile 
*          1    0000cc40    00000020     UNINITIALIZED
                  0000cc40    00000020     DSP2833x_GlobalVariableDefs.obj (ECap6RegsFile)

GpioDataRegsFile 
*          1    0000cc60    00000020     UNINITIALIZED
                  0000cc60    00000020     DSP2833x_GlobalVariableDefs.obj (GpioDataRegsFile)

SysCtrlRegsFile 
*          1    0000cc80    00000020     UNINITIALIZED
                  0000cc80    00000020     DSP2833x_GlobalVariableDefs.obj (SysCtrlRegsFile)

MODULE SUMMARY

       Module                            code    initialized data   uninitialized data
       ------                            ----    ----------------   ------------------
    .\
       FlexRayInterface.obj              73      2                  39                
    +--+---------------------------------+-------+------------------+--------------------+
       Total:                            73      2                  39                
                                                                                      
    .\CZT\
       main_4th_CZT.obj                  1605    2                  160               
       DataInterfaceCZT.obj              752     17                 86                
       ThreadDataCZT.obj                 30      2                  280               
       Task_CZT.obj                      63      2                  54                
       Fr_UNIFIED_cfg_CZT.obj            0       110                0                 
    +--+---------------------------------+-------+------------------+--------------------+
       Total:                            2450    133                580               
                                                                                      
    .\pt-1.4\
       PtThreadEx.obj                    201     8                  1                 
    +--+---------------------------------+-------+------------------+--------------------+
       Total:                            201     8                  1                 
                                                                                      
    .\source\
       Fr_UNIFIED.obj                    3337    0                  200               
       GpioConfig.obj                    550     319                0                 
       CSerialPortDataAnalyzer.obj       426     16                 0                 
       SerialPortConfig.obj              438     0                  0                 
       AT93C56.obj                       296     8                  0                 
       UnlockFifoBuffer.obj              279     8                  0                 
       FlexRay_handler.obj               136     0                  9                 
    +--+---------------------------------+-------+------------------+--------------------+
       Total:                            5462    351                209               
                                                                                      
    .\ti\c2000\C2000Ware_1_00_03_00\device_support\f2833x\common\source\
       DSP2833x_DefaultIsr.obj           790     0                  0                 
       DSP2833x_PieVect.obj              17      256                0                 
       DSP2833x_SysCtrl.obj              253     0                  0                 
       DSP2833x_CpuTimers.obj            84      0                  24                
       DSP2833x_PieCtrl.obj              40      0                  0                 
       DSP2833x_CodeStartBranch.obj      10      0                  0                 
       DSP2833x_ADC_cal.obj              7       0                  0                 
       DSP2833x_usDelay.obj              4       0                  0                 
    +--+---------------------------------+-------+------------------+--------------------+
       Total:                            1205    256                24                
                                                                                      
    .\ti\c2000\C2000Ware_1_00_03_00\device_support\f2833x\headers\source\
       DSP2833x_GlobalVariableDefs.obj   0       0                  2679              
    +--+---------------------------------+-------+------------------+--------------------+
       Total:                            0       0                  2679              
                                                                                      
    .\ti\c2000\C2000Ware_1_00_03_00\libraries\math\FPUfastRTS\c28\source\
       FPUmathTables.obj                 0       1696               0                 
       atan2_f32.obj                     79      0                  0                 
       atan_f32.obj                      74      0                  0                 
       sincos_f32.obj                    67      0                  0                 
       cos_f32.obj                       52      0                  0                 
       sin_f32.obj                       52      0                  0                 
       sqrt_f32.obj                      33      0                  0                 
       isqrt_f32.obj                     28      0                  0                 
       div_f32.obj                       25      0                  0                 
    +--+---------------------------------+-------+------------------+--------------------+
       Total:                            410     1696               0                 
                                                                                      
    C:\ti\ccsv7\tools\compiler\ti-cgt-c2000_17.9.0.STS\lib\rts2800_fpu32.lib
       vec_newdel.obj                    512     0                  2                 
       memory.obj                        466     0                  8                 
       trgmsg.obj                        148     0                  288               
       dtor_list.obj                     110     0                  256               
       defs.obj                          0       0                  352               
       fopen.obj                         249     0                  1                 
       fputs.obj                         176     2                  0                 
       write.obj                         25      0                  136               
       setvbuf.obj                       137     0                  0                 
       fflush.obj                        115     0                  0                 
       open.obj                          113     0                  1                 
       _io_perm.obj                      103     0                  0                 
       hostlseek.obj                     97      0                  0                 
       fclose.obj                        95      0                  0                 
       boot28.obj                        86      0                  0                 
       getdevice.obj                     81      0                  0                 
       hostopen.obj                      64      0                  8                 
       hostread.obj                      63      0                  0                 
       hostrename.obj                    62      0                  0                 
       fseek.obj                         61      0                  0                 
       hostwrite.obj                     56      0                  0                 
       close.obj                         51      0                  0                 
       exit.obj                          41      0                  6                 
       hostclose.obj                     41      0                  0                 
       cpy_tbl.obj                       36      0                  0                 
       hostunlink.obj                    36      0                  0                 
       new.obj                           32      0                  0                 
       memcpy.obj                        30      0                  0                 
       strncpy.obj                       30      0                  0                 
       args_main.obj                     25      0                  0                 
       unlink.obj                        25      0                  0                 
       lseek.obj                         24      0                  0                 
       memchr.obj                        16      0                  0                 
       _lock.obj                         9       0                  4                 
       assert.obj                        13      0                  0                 
       memset.obj                        12      0                  0                 
       strchr.obj                        12      0                  0                 
       strcmp.obj                        10      0                  0                 
       strlen.obj                        8       0                  0                 
       delete.obj                        5       0                  0                 
       strcpy.obj                        5       0                  0                 
       memzero.obj                       4       0                  0                 
       array_del.obj                     3       0                  0                 
       array_new.obj                     3       0                  0                 
       error.obj                         3       0                  0                 
       remove.obj                        3       0                  0                 
       pre_init.obj                      2       0                  0                 
       vars.obj                          0       0                  2                 
       newhandler.obj                    1       0                  0                 
       startup.obj                       1       0                  0                 
    +--+---------------------------------+-------+------------------+--------------------+
       Total:                            3300    2                  1064              
                                                                                      
       Heap:                             0       0                  1024              
       Stack:                            0       0                  1024              
    +--+---------------------------------+-------+------------------+--------------------+
       Grand Total:                      13101   2448               6644              


GLOBAL DATA SYMBOLS: SORTED BY DATA PAGE

address     data page           name
--------    ----------------    ----
00000002       0 (00000000)     _ECanaRegs
00000002       0 (00000000)     _ECanbRegs
00000036       0 (00000000)     _CpuTimer0Regs
00000036       0 (00000000)     _GpioIntRegs
0000003e       0 (00000000)     _PartIdRegs

00000040       1 (00000040)     _AdcMirror
00000040       1 (00000040)     _CsmRegs

00000400      10 (00000400)     _ECanaMboxes
00000400      10 (00000400)     __stack

00000500      14 (00000500)     _ECanbMboxes

00000600      18 (00000600)     _PieVectTable

00000700      1c (00000700)     _DmaRegs

000007e0      1f (000007c0)     _ECap1Regs

0000c000     300 (0000c000)     ___TI_ft_end

0000c040     301 (0000c040)     __ftable

0000c0c0     303 (0000c0c0)     ___TI_tmpnams

0000c160     305 (0000c140)     _CpuTimer1
0000c168     305 (0000c140)     _CpuTimer2
0000c170     305 (0000c140)     _CpuTimer0
0000c178     305 (0000c140)     _parmbuf

0000c1c0     307 (0000c1c0)     _ThreadQ

0000c298     30a (0000c280)     _FrTxData_GG_Slot12
0000c2a5     30a (0000c280)     _FrTxData_GG_Slot02
0000c2b2     30a (0000c280)     _FrTxData_CZT_Slot31

0000c2c0     30b (0000c2c0)     ___atexit_func_id__
0000c2c2     30b (0000c2c0)     ___dummy_variable_used_to_force_definition_of__link

0000c3c0     30f (0000c3c0)     _DSP2_FLEX_AB
0000c3ca     30f (0000c3c0)     _Fr_CC_reg_32_ptr
0000c3cc     30f (0000c3c0)     _Fr_CC_reg_ptr

0000c488     312 (0000c480)     _TaskComps
0000c4be     312 (0000c480)     __lock

0000c4c0     313 (0000c4c0)     _error_cnt_SciFrame_A
0000c4c1     313 (0000c4c0)     _FR_RET
0000c4c2     313 (0000c4c0)     _right_cnt_SciFrame_B
0000c4c3     313 (0000c4c0)     _error_cnt_SciFrame_B
0000c4c4     313 (0000c4c0)     _right_cnt_SciFrame_A
0000c4de     313 (0000c4c0)     _FifoBuffer_Sci_B
0000c4e6     313 (0000c4c0)     _FifoBuffer_Sci_A
0000c4ee     313 (0000c4c0)     _PERIOD_MS_Q

0000c512     314 (0000c500)     _GetPkg_Sci_A

0000c540     315 (0000c540)     _GetPkg_Sci_B
0000c560     315 (0000c540)     _return_value
0000c561     315 (0000c540)     _protocol_state
0000c562     315 (0000c540)     _rx_return_value
0000c563     315 (0000c540)     _rx_data_length
0000c564     315 (0000c540)     _rx_status_slot
0000c565     315 (0000c540)     _tx_status
0000c566     315 (0000c540)     _wakeup_status
0000c567     315 (0000c540)     _tx_return_value
0000c568     315 (0000c540)     _rx_status
0000c572     315 (0000c540)     ___TI_enable_exit_profile_output
0000c574     315 (0000c540)     ___TI_cleanup_ptr
0000c576     315 (0000c540)     ___TI_dtors_ptr
0000c578     315 (0000c540)     __unlock
0000c57a     315 (0000c540)     __new_handler
0000c57c     315 (0000c540)     ___array_new_prefix_size

0000c580     316 (0000c580)     __stream

0000c5c0     317 (0000c5c0)     __device

0000c648     319 (0000c640)     _CztMp_Ver_
0000c64b     319 (0000c640)     _CztMp_Hor_
0000c65a     319 (0000c640)     _CztData_
0000c666     319 (0000c640)     _Czt93C56_

0000c680     31a (0000c680)     _CztBtnSw_
0000c696     31a (0000c680)     _McbspaRegs

0000c6c0     31b (0000c6c0)     _DevEmuRegs

0000c790     31e (0000c780)     _GpioCtrlRegs

0000c7c0     31f (0000c7c0)     _ECanaLAMRegs

0000c800     320 (0000c800)     _ECanaMOTORegs

0000c840     321 (0000c840)     _ECanaMOTSRegs

0000c880     322 (0000c880)     _ECanbLAMRegs

0000c8c0     323 (0000c8c0)     _ECanbMOTORegs

0000c900     324 (0000c900)     _ECanbMOTSRegs

0000c940     325 (0000c940)     _EQep1Regs

0000c980     326 (0000c980)     _EQep2Regs

0000c9c0     327 (0000c9c0)     _McbspbRegs
0000c9e5     327 (0000c9c0)     _PieCtrlRegs

0000ca00     328 (0000ca00)     _EPwm1Regs
0000ca22     328 (0000ca00)     _AdcRegs

0000ca40     329 (0000ca40)     _EPwm2Regs
0000ca62     329 (0000ca40)     _XintfRegs

0000ca80     32a (0000ca80)     _EPwm3Regs
0000caa2     32a (0000ca80)     _SciaRegs
0000cab2     32a (0000ca80)     _CpuTimer1Regs

0000cac0     32b (0000cac0)     _EPwm4Regs
0000cae2     32b (0000cac0)     _ScibRegs
0000caf2     32b (0000cac0)     _CpuTimer2Regs

0000cb00     32c (0000cb00)     _EPwm5Regs
0000cb22     32c (0000cb00)     _ScicRegs
0000cb32     32c (0000cb00)     _CsmPwl

0000cb40     32d (0000cb40)     _EPwm6Regs
0000cb62     32d (0000cb40)     _SpiaRegs
0000cb72     32d (0000cb40)     _FlashRegs

0000cb80     32e (0000cb80)     _I2caRegs
0000cba2     32e (0000cb80)     _XIntruptRegs

0000cbc0     32f (0000cbc0)     _ECap2Regs
0000cbe0     32f (0000cbc0)     _ECap3Regs

0000cc00     330 (0000cc00)     _ECap4Regs
0000cc20     330 (0000cc00)     _ECap5Regs

0000cc40     331 (0000cc40)     _ECap6Regs
0000cc60     331 (0000cc40)     _GpioDataRegs

0000cc80     332 (0000cc80)     _SysCtrlRegs

0000d140     345 (0000d140)     _PieVectTableInit

0000d240     349 (0000d240)     _Fr_low_level_cfg_set_00
0000d278     349 (0000d240)     _Fr_HW_cfg_00

0000d299     34a (0000d280)     _Fr_tx_buffer_Frame_CZT_10ms_cfg
0000d2a6     34a (0000d280)     _Fr_buffer_cfg_00
0000d2b2     34a (0000d280)     _Fr_rx_shadow_cfg
0000d2ba     34a (0000d280)     ___vtbl__10PtThreadEx

0000d2c2     34b (0000d2c0)     ___vtbl__11AT93C56_SPI
0000d2ca     34b (0000d2c0)     ___vtbl__16UnlockFifoBuffer
0000d2d2     34b (0000d2c0)     ___vtbl__18FrameAnalyzer_Auto
0000d2da     34b (0000d2c0)     ___vtbl__23CSerialPortDataAnalyzer
0000d2e2     34b (0000d2c0)     _Fr_buffer_cfg_set_00

0000e000     380 (0000e000)     __sys_memory

0000f000     3c0 (0000f000)     __CIOBUF_

003febdc    ffaf (003febc0)     _FPUsinTable

003fecdc    ffb3 (003fecc0)     _FPUcosTable

003fefdc    ffbf (003fefc0)     _FPUsinTableEnd

003ff0de    ffc3 (003ff0c0)     _FPUatan2HalfPITable
003ff0de    ffc3 (003ff0c0)     _FPUcosTableEnd
003ff0e2    ffc3 (003ff0c0)     _FPUatan2Table

003ff268    ffc9 (003ff240)     _FPUatan2TableEnd


GLOBAL SYMBOLS: SORTED ALPHABETICALLY BY Name 

page  address   name                                                                  
----  -------   ----                                                                  
0     00008160  .text                                                                 
0     0000b204  C$$EXIT                                                               
0     0000aa0d  C$$IO$$                                                               
0     0000b37d  FS$$DIV                                                               
0     000096dc  _ADCINT_ISR                                                           
0     00380080  _ADC_cal                                                              
1     00000040  _AdcMirror                                                            
1     0000ca22  _AdcRegs                                                              
0     000099b8  _BtnIOSampling__10IoCztBtnSwFPVUl                                     
0     0000a266  _CalculateCheckSum__23CSerialPortDataAnalyzerFv                       
0     0000a27b  _CalculateSum__23CSerialPortDataAnalyzerFv                            
0     00009940  _Code2AimSignal_H__11CztDataBaseFi                                    
0     000098c8  _Code2AimSignal_V__11CztDataBaseFi                                    
0     0000ae61  _ConfigCpuTimer                                                       
0     0000a538  _Copy__16UnlockFifoBufferFPUiUi                                       
1     0000c170  _CpuTimer0                                                            
1     00000036  _CpuTimer0Regs                                                        
1     0000c160  _CpuTimer1                                                            
1     0000cab2  _CpuTimer1Regs                                                        
1     0000c168  _CpuTimer2                                                            
1     0000caf2  _CpuTimer2Regs                                                        
0     0000a8fc  _CreateTask__10PtThreadExFPFP2pt_iUl6_STATEPFv_v                      
1     0000cb32  _CsmPwl                                                               
1     00000040  _CsmRegs                                                              
0     0000a63c  _CsmUnlock                                                            
1     0000c666  _Czt93C56_                                                            
1     0000c680  _CztBtnSw_                                                            
1     0000c65a  _CztData_                                                             
1     0000c64b  _CztMp_Hor_                                                           
1     0000c648  _CztMp_Ver_                                                           
0     000096d2  _DATALOG_ISR                                                          
0     000096c8  _DINTCH1_ISR                                                          
0     000096be  _DINTCH2_ISR                                                          
0     000096b4  _DINTCH3_ISR                                                          
0     000096aa  _DINTCH4_ISR                                                          
0     000096a0  _DINTCH5_ISR                                                          
0     00009696  _DINTCH6_ISR                                                          
0     0000800c  _DSP28x_usDelay                                                       
1     0000c3c0  _DSP2_FLEX_AB                                                         
0     0000986c  _DebounceEx__10IoCztBtnSwFUl                                          
0     00009808  _Debounce__10IoCztBtnSwFv                                             
0     0000a52d  _Delete__16UnlockFifoBufferFUi                                        
1     0000c6c0  _DevEmuRegs                                                           
0     0000a577  _DisableDog                                                           
1     00000700  _DmaRegs                                                              
0     0000968c  _ECAN0INTA_ISR                                                        
0     00009682  _ECAN0INTB_ISR                                                        
0     00009678  _ECAN1INTA_ISR                                                        
0     0000966e  _ECAN1INTB_ISR                                                        
0     00009664  _ECAP1_INT_ISR                                                        
0     0000965a  _ECAP2_INT_ISR                                                        
0     00009650  _ECAP3_INT_ISR                                                        
0     00009646  _ECAP4_INT_ISR                                                        
0     0000963c  _ECAP5_INT_ISR                                                        
0     00009632  _ECAP6_INT_ISR                                                        
1     0000c7c0  _ECanaLAMRegs                                                         
1     0000c800  _ECanaMOTORegs                                                        
1     0000c840  _ECanaMOTSRegs                                                        
1     00000400  _ECanaMboxes                                                          
1     00000002  _ECanaRegs                                                            
1     0000c880  _ECanbLAMRegs                                                         
1     0000c8c0  _ECanbMOTORegs                                                        
1     0000c900  _ECanbMOTSRegs                                                        
1     00000500  _ECanbMboxes                                                          
1     00000002  _ECanbRegs                                                            
1     000007e0  _ECap1Regs                                                            
1     0000cbc0  _ECap2Regs                                                            
1     0000cbe0  _ECap3Regs                                                            
1     0000cc00  _ECap4Regs                                                            
1     0000cc20  _ECap5Regs                                                            
1     0000cc40  _ECap6Regs                                                            
0     00009628  _EMUINT_ISR                                                           
0     0000961e  _EPWM1_INT_ISR                                                        
0     00009614  _EPWM1_TZINT_ISR                                                      
0     0000960a  _EPWM2_INT_ISR                                                        
0     00009600  _EPWM2_TZINT_ISR                                                      
0     000095f6  _EPWM3_INT_ISR                                                        
0     000095ec  _EPWM3_TZINT_ISR                                                      
0     000095e2  _EPWM4_INT_ISR                                                        
0     000095d8  _EPWM4_TZINT_ISR                                                      
0     000095ce  _EPWM5_INT_ISR                                                        
0     000095c4  _EPWM5_TZINT_ISR                                                      
0     000095ba  _EPWM6_INT_ISR                                                        
0     000095b0  _EPWM6_TZINT_ISR                                                      
1     0000ca00  _EPwm1Regs                                                            
1     0000ca40  _EPwm2Regs                                                            
1     0000ca80  _EPwm3Regs                                                            
1     0000cac0  _EPwm4Regs                                                            
1     0000cb00  _EPwm5Regs                                                            
1     0000cb40  _EPwm6Regs                                                            
0     000095a6  _EQEP1_INT_ISR                                                        
0     0000959c  _EQEP2_INT_ISR                                                        
1     0000c940  _EQep1Regs                                                            
1     0000c980  _EQep2Regs                                                            
0     0000a44d  _ERAL__11AT93C56_SPIFv                                                
0     0000a444  _ERASE__11AT93C56_SPIFUi                                              
0     0000a43b  _EWDS__11AT93C56_SPIFv                                                
0     0000a432  _EWEN__11AT93C56_SPIFv                                                
0     0000b275  _EnableInterrupts                                                     
0     003ff0de  _FPUatan2HalfPITable                                                  
0     003ff0e2  _FPUatan2Table                                                        
0     003ff268  _FPUatan2TableEnd                                                     
0     003fecdc  _FPUcosTable                                                          
0     003ff0de  _FPUcosTableEnd                                                       
0     003febdc  _FPUsinTable                                                          
0     003fefdc  _FPUsinTableEnd                                                       
1     0000c4c1  _FR_RET                                                               
1     0000c4e6  _FifoBuffer_Sci_A                                                     
1     0000c4de  _FifoBuffer_Sci_B                                                     
0     0000a23f  _FlagMatch__23CSerialPortDataAnalyzerFP16UnlockFifoBuffer             
1     0000cb72  _FlashRegs                                                            
1     0000c2b2  _FrTxData_CZT_Slot31                                                  
1     0000c2a5  _FrTxData_GG_Slot02                                                   
1     0000c298  _FrTxData_GG_Slot12                                                   
1     0000c3ca  _Fr_CC_reg_32_ptr                                                     
1     0000c3cc  _Fr_CC_reg_ptr                                                        
1     0000d278  _Fr_HW_cfg_00                                                         
1     0000d2a6  _Fr_buffer_cfg_00                                                     
1     0000d2e2  _Fr_buffer_cfg_set_00                                                 
0     0000894c  _Fr_buffers_init                                                      
0     0000893b  _Fr_check_cycle_start                                                 
0     0000891f  _Fr_check_rx_status                                                   
0     000088d6  _Fr_check_tx_status                                                   
0     000088a9  _Fr_enable_interrupts                                                 
0     0000885a  _Fr_get_POC_state                                                     
0     0000884e  _Fr_get_global_time                                                   
0     00008823  _Fr_get_wakeup_state                                                  
0     000087a8  _Fr_init                                                              
0     00008546  _Fr_interrupt_handler                                                 
0     00008516  _Fr_leave_configuration_mode                                          
1     0000d240  _Fr_low_level_cfg_set_00                                              
0     0000849c  _Fr_receive_data                                                      
1     0000d2b2  _Fr_rx_shadow_cfg                                                     
0     00008474  _Fr_send_wakeup                                                       
0     00008232  _Fr_set_configuration                                                 
0     000081f6  _Fr_start_communication                                               
0     000081e1  _Fr_start_timer                                                       
0     000081cc  _Fr_stop_timer                                                        
0     00008160  _Fr_transmit_data                                                     
1     0000d299  _Fr_tx_buffer_Frame_CZT_10ms_cfg                                      
1     0000c512  _GetPkg_Sci_A                                                         
1     0000c540  _GetPkg_Sci_B                                                         
0     0000a4f8  _Get__16UnlockFifoBufferFPUiUi                                        
1     0000c790  _GpioCtrlRegs                                                         
1     0000cc60  _GpioDataRegs                                                         
1     00000036  _GpioIntRegs                                                          
0     0000b22d  _HOSTclose                                                            
0     0000ad18  _HOSTlseek                                                            
0     0000aff8  _HOSTopen                                                             
0     0000b077  _HOSTread                                                             
0     0000b0b6  _HOSTrename                                                           
0     0000b2a2  _HOSTunlink                                                           
0     0000b131  _HOSTwrite                                                            
0     0000a220  _HeadShoot__23CSerialPortDataAnalyzerFP16UnlockFifoBuffer             
0     00009592  _I2CINT1A_ISR                                                         
0     00009588  _I2CINT2A_ISR                                                         
1     0000cb80  _I2caRegs                                                             
0     0000957e  _ILLEGAL_ISR                                                          
0     00009574  _INT13_ISR                                                            
0     0000956a  _INT14_ISR                                                            
0     0000ae2e  _InitCpuTimers                                                        
0     00009804  _InitData__8SciCztMpFv                                                
0     00009801  _InitEEPROM__11SpiCzt93C56Fv                                          
0     00009ab5  _InitGpio_Default                                                     
0     00008f13  _InitGpio_FrBus__Fv                                                   
0     00008ece  _InitGpio_IO__Fv                                                      
0     0000a138  _InitGpio_SCI_A                                                       
0     0000a0bc  _InitGpio_SCI_B                                                       
0     0000a09f  _InitGpio_SCI_C                                                       
0     0000a3f4  _InitGpio_Spi_A__11AT93C56_SPIFv                                      
0     00008f78  _InitGpio_Used__Fv                                                    
0     0000a5cd  _InitPeripheralClocks                                                 
0     0000b256  _InitPieCtrl                                                          
0     0000b3f9  _InitPieVectTable                                                     
0     0000a57f  _InitPll                                                              
0     0000a633  _InitSysCtrl                                                          
0     00008e72  _Init_Xintf_FrBus__Fv                                                 
0     000097ca  _Init__10IoCztBtnSwFUi                                                
0     0000a42b  _Init__11AT93C56_SPIFv                                                
0     0000a4e9  _Initialize__16UnlockFifoBufferFv                                     
0     000097bd  _IsWriteZeroRight_MPvsROM_H__11CztDataBaseFUi                         
0     000097b0  _IsWriteZeroRight_MPvsROM_V__11CztDataBaseFUi                         
0     00009560  _LUF_ISR                                                              
0     00009556  _LVF_ISR                                                              
0     0000954c  _MRINTA_ISR                                                           
0     00009542  _MRINTB_ISR                                                           
0     00009538  _MXINTA_ISR                                                           
0     0000952e  _MXINTB_ISR                                                           
1     0000c696  _McbspaRegs                                                           
1     0000c9c0  _McbspbRegs                                                           
0     00009524  _NMI_ISR                                                              
1     0000c4ee  _PERIOD_MS_Q                                                          
0     0000951a  _PIE_RESERVED                                                         
1     0000003e  _PartIdRegs                                                           
1     0000c9e5  _PieCtrlRegs                                                          
1     00000600  _PieVectTable                                                         
1     0000d140  _PieVectTableInit                                                     
0     0000a4b7  _Put__16UnlockFifoBufferFPCUiUi                                       
0     0000a3d8  _READ__11AT93C56_SPIFUi                                               
0     00009510  _RTOSINT_ISR                                                          
0     00009506  _SCIRXINTA_ISR                                                        
0     000094fc  _SCIRXINTB_ISR                                                        
0     000094f2  _SCIRXINTC_ISR                                                        
0     000094e8  _SCITXINTA_ISR                                                        
0     000094de  _SCITXINTB_ISR                                                        
0     000094d4  _SCITXINTC_ISR                                                        
0     000094ca  _SEQ1INT_ISR                                                          
0     000094c0  _SEQ2INT_ISR                                                          
0     0000a8e4  _SLEEP_MS__10PtThreadExFUi                                            
0     0000a8c1  _SLEEP_US__10PtThreadExFUi                                            
0     000094b6  _SPIRXINTA_ISR                                                        
0     000094ac  _SPITXINTA_ISR                                                        
0     0000a8bd  _Schedule__10PtThreadExFv                                             
1     0000caa2  _SciaRegs                                                             
1     0000cae2  _ScibRegs                                                             
1     0000cb22  _ScicRegs                                                             
0     0000a56d  _ServiceDog                                                           
0     0000a8aa  _SleeperRemarks_MS__10PtThreadExFv                                    
0     0000a88f  _SleeperRemarks_US__10PtThreadExFv                                    
1     0000cb62  _SpiaRegs                                                             
1     0000cc80  _SysCtrlRegs                                                          
0     0000a3a4  _TCS__11AT93C56_SPIFv                                                 
0     000094a2  _TINT0_ISR                                                            
0     0000a291  _TailHold__23CSerialPortDataAnalyzerFP16UnlockFifoBuffer              
1     0000c488  _TaskComps                                                            
0     0000b06b  _TaskRemarks__FP16_TASK_COMPONENTS                                    
1     0000c1c0  _ThreadQ                                                              
0     0000a878  _TimerRemarks__10PtThreadExFv                                         
0     00009498  _USER10_ISR                                                           
0     0000948e  _USER11_ISR                                                           
0     00009484  _USER12_ISR                                                           
0     0000947a  _USER1_ISR                                                            
0     00009470  _USER2_ISR                                                            
0     00009466  _USER3_ISR                                                            
0     0000945c  _USER4_ISR                                                            
0     00009452  _USER5_ISR                                                            
0     00009448  _USER6_ISR                                                            
0     0000943e  _USER7_ISR                                                            
0     00009434  _USER8_ISR                                                            
0     0000942a  _USER9_ISR                                                            
0     0000a2ff  _UnpackageFrames_Auto__18FrameAnalyzer_AutoFPUiUi                     
0     0000a2e4  _Unpackage__23CSerialPortDataAnalyzerFP16UnlockFifoBuffer             
0     00009420  _WAKEINT_ISR                                                          
0     0000a3cf  _WRAL__11AT93C56_SPIFv                                                
0     0000a3c1  _WRITE__11AT93C56_SPIFUiT1                                            
0     0000a37f  _WriteOPCodeAddr__11AT93C56_SPIFUiN21                                 
0     00009794  _WriteZeroCode_X__11SpiCzt93C56FQ2_11SpiCzt93C569ENCODER_XUi          
0     00009416  _XINT1_ISR                                                            
0     0000940c  _XINT2_ISR                                                            
0     00009402  _XINT3_ISR                                                            
0     000093f8  _XINT4_ISR                                                            
0     000093ee  _XINT5_ISR                                                            
0     000093e4  _XINT6_ISR                                                            
0     000093da  _XINT7_ISR                                                            
1     0000cba2  _XIntruptRegs                                                         
1     0000ca62  _XintfRegs                                                            
1     0000f000  __CIOBUF_                                                             
1     00000800  __STACK_END                                                           
abs   00000400  __STACK_SIZE                                                          
abs   00000400  __SYSMEM_SIZE                                                         
0     0000ac47  ___CPR78____record_destruction_on_list__FPP20a_needed_destructionPJ33J
0     0000a6e2  ___TI_cleanup                                                         
1     0000c574  ___TI_cleanup_ptr                                                     
0     0000ad79  ___TI_closefile                                                       
0     0000ab5f  ___TI_doflush                                                         
1     0000c576  ___TI_dtors_ptr                                                       
1     0000c572  ___TI_enable_exit_profile_output                                      
1     0000c000  ___TI_ft_end                                                          
abs   ffffffff  ___TI_pprof_out_hndl                                                  
abs   ffffffff  ___TI_prof_data_size                                                  
abs   ffffffff  ___TI_prof_data_start                                                 
0     0000acec  ___TI_rd_ok                                                           
0     0000aa12  ___TI_readmsg                                                         
1     0000c0c0  ___TI_tmpnams                                                         
0     0000a9ba  ___TI_writemsg                                                        
0     0000acb1  ___TI_wrt_ok                                                          
0     0000b476  ___abort_execution                                                    
0     00009ddd  ___acctor_eh                                                          
0     0000ac75  ___add_dtor                                                           
0     00009dc3  ___adelete                                                            
0     0000ac43  ___already_marked_for_destruction                                     
0     00009da7  ___anew                                                               
0     00009d89  ___anew_eh                                                            
1     0000c57c  ___array_new_prefix_size                                              
0     00009d70  ___array_new_zero                                                     
1     0000c2c0  ___atexit_func_id__                                                   
abs   ffffffff  ___binit__                                                            
abs   ffffffff  ___c_args__                                                           
0     00009d55  ___cadelete                                                           
0     00009cc6  ___canew                                                              
0     00000000  ___cinit__                                                            
0     0000970b  ___ct__10IoCztBtnSwFv                                                 
0     0000a849  ___ct__10PtThreadExFv                                                 
0     0000a35f  ___ct__11AT93C56_SPIFPVUiN31                                          
0     00009737  ___ct__11CztDataBaseFv                                                
0     00009717  ___ct__11SpiCzt93C56Fv                                                
0     0000af87  ___ct__13FlexRayTxDataFUcT1                                           
0     0000a494  ___ct__16UnlockFifoBufferFi                                           
0     0000a487  ___ct__16UnlockFifoBufferFv                                           
0     0000a1de  ___ct__18FrameAnalyzer_AutoFUiN71                                     
0     0000a1a2  ___ct__23CSerialPortDataAnalyzerFUiN71                                
0     00009700  ___ct__8SciCztMpFv                                                    
0     0000b47e  ___default_new_handler__Fv                                            
0     0000b462  ___dl__FPv                                                            
0     0000b470  ___dla__FPv                                                           
0     00009781  ___dt__10IoCztBtnSwFv                                                 
0     0000a841  ___dt__10PtThreadExFv                                                 
0     0000a357  ___dt__11AT93C56_SPIFv                                                
0     0000a470  ___dt__16UnlockFifoBufferFv                                           
0     0000a18c  ___dt__18FrameAnalyzer_AutoFv                                         
0     0000a184  ___dt__23CSerialPortDataAnalyzerFv                                    
1     0000c2c2  ___dummy_variable_used_to_force_definition_of__link                   
0     0000b480  ___etext__                                                            
0     0000b46c  ___memzero                                                            
0     0000b2e7  ___nw__FUl                                                            
0     0000b473  ___nwa__FUl                                                           
0     00009caf  ___pcanew                                                             
0     00008000  ___pinit__                                                            
0     00009c97  ___placement_array_new_zero                                           
0     0000ac59  ___process_destruction_list__FPP20a_needed_destruction                
0     0000ac6d  ___process_needed_destructions__Fv                                    
0     0000ac75  ___record_needed_destruction                                          
0     0000ac6d  ___std__needed_destruction_list                                       
0     0000b038  ___sti___12_Task_CZT_cpp_b06f5511                                     
0     00009061  ___sti___16_main_4th_CZT_cpp_80cb9f9e                                 
0     0000b307  ___sti___17_ThreadDataCZT_cpp_ThreadQ                                 
0     00009753  ___sti___20_DataInterfaceCZT_cpp_b4dbe848                             
0     0000afa2  ___sti___20_FlexRayInterface_cpp_7e640688                             
0     00008160  ___text__                                                             
0     00009c78  ___vec_new_eh_zero                                                    
1     0000d2ba  ___vtbl__10PtThreadEx                                                 
1     0000d2c2  ___vtbl__11AT93C56_SPI                                                
1     0000d2ca  ___vtbl__16UnlockFifoBuffer                                           
1     0000d2d2  ___vtbl__18FrameAnalyzer_Auto                                         
1     0000d2da  ___vtbl__23CSerialPortDataAnalyzer                                    
0     0000b41a  __abort_msg                                                           
0     0000b396  __args_main                                                           
0     00009bfc  __array_pointer_not_from_vec_new                                      
1     0000c5c0  __device                                                              
1     0000c040  __ftable                                                              
1     0000c4be  __lock                                                                
1     0000c57a  __new_handler                                                         
0     0000b451  __nop                                                                 
0     0000b44d  __register_lock                                                       
0     0000b449  __register_unlock                                                     
1     00000400  __stack                                                               
1     0000c580  __stream                                                              
1     0000e000  __sys_memory                                                          
0     0000b47f  __system_post_cinit                                                   
0     0000b47c  __system_pre_init                                                     
1     0000c578  __unlock                                                              
0     0000b204  _abort                                                                
0     0000af22  _atan                                                                 
0     0000aed3  _atan2                                                                
0     0000ac8b  _atexit                                                               
0     00008f87  _attachInterrupts__Fv                                                 
0     0000add8  _c_int00                                                              
0     00009fb7  _calloc                                                               
0     00009fb5  _chkheap                                                              
0     0000b1d1  _close                                                                
0     0000b27e  _copy_in                                                              
0     0000b169  _cos                                                                  
0     0000a803  _cpu_timer2_isr__Fv                                                   
0     00009a8b  _digitalRead                                                          
0     00009a43  _digitalWrite                                                         
0     0000905f  _error__Fv                                                            
1     0000c4c0  _error_cnt_SciFrame_A                                                 
1     0000c4c3  _error_cnt_SciFrame_B                                                 
0     0000b206  _exit                                                                 
0     0000adbd  _fclose                                                               
0     0000ab8e  _fflush                                                               
0     0000ae82  _finddevice                                                           
0     0000a71d  _fopen                                                                
0     0000a90a  _fputs                                                                
0     00009dfc  _free                                                                 
0     00009f97  _free_memory                                                          
0     0000a6ff  _freopen                                                              
0     0000b0f4  _fseek                                                                
0     00009fda  _getParity                                                            
0     00009fe7  _getSciPrd                                                            
0     0000ae9e  _getdevice                                                            
0     00008f98  _initData__Fv                                                         
0     00008fd5  _initInterrupts__Fv                                                   
0     0000b361  _isqrt                                                                
0     0000b3e1  _lseek                                                                
0     00008fe8  _main                                                                 
0     00009e65  _malloc                                                               
0     00009f75  _max_free                                                             
0     0000b40a  _memchr                                                               
0     0000b325  _memcpy                                                               
0     0000b427  _memset                                                               
0     00009e40  _minit                                                                
0     0000abd2  _open                                                                 
1     0000c178  _parmbuf                                                              
0     000099d6  _pinMode                                                              
1     0000c561  _protocol_state                                                       
0     0000a9a7  _puts                                                                 
0     00009ec3  _realloc                                                              
0     0000b479  _remove                                                               
0     00008e69  _reset_FlexRay__Fv                                                    
1     0000c560  _return_value                                                         
1     0000c4c4  _right_cnt_SciFrame_A                                                 
1     0000c4c2  _right_cnt_SciFrame_B                                                 
0     000096e6  _roundup_power_of_two__10IoCztBtnSwFUl                                
0     0000a456  _roundup_power_of_two__16UnlockFifoBufferFUl                          
0     000093d0  _rsvd_ISR                                                             
1     0000c563  _rx_data_length                                                       
1     0000c562  _rx_return_value                                                      
1     0000c568  _rx_status                                                            
1     0000c564  _rx_status_slot                                                       
0     0000a000  _sci_fifo_init                                                        
0     0000a7b3  _sciaRxFifoIsr__Fv                                                    
0     0000a763  _scibRxFifoIsr__Fv                                                    
0     0000aa4e  _setvbuf                                                              
0     0000b19d  _sin                                                                  
0     0000afb5  _sincos                                                               
0     0000a34d  _spi_fifo_init__11AT93C56_SPIFv                                       
0     0000a32e  _spi_init__11AT93C56_SPIFv                                            
0     0000b2c6  _sqrt                                                                 
0     0000b433  _strchr                                                               
0     0000b43f  _strcmp                                                               
0     0000b467  _strcpy                                                               
0     0000b45a  _strlen                                                               
0     0000b343  _strncpy                                                              
0     00009fd4  _tolower                                                              
0     00009fce  _toupper                                                              
0     0000af6c  _txData__13FlexRayTxDataFv                                            
1     0000c567  _tx_return_value                                                      
1     0000c565  _tx_status                                                            
0     0000b3af  _unlink                                                               
0     0000aad7  _vfnFlexRay_Init                                                      
1     0000c566  _wakeup_status                                                        
0     0000b3c8  _write                                                                
abs   ffffffff  binit                                                                 
0     00000000  cinit                                                                 
0     00000000  code_start                                                            
0     0000b480  etext                                                                 
0     00008000  pinit                                                                 


GLOBAL SYMBOLS: SORTED BY Symbol Address 

page  address   name                                                                  
----  -------   ----                                                                  
0     00000000  ___cinit__                                                            
0     00000000  cinit                                                                 
0     00000000  code_start                                                            
0     00008000  ___pinit__                                                            
0     00008000  pinit                                                                 
0     0000800c  _DSP28x_usDelay                                                       
0     00008160  .text                                                                 
0     00008160  _Fr_transmit_data                                                     
0     00008160  ___text__                                                             
0     000081cc  _Fr_stop_timer                                                        
0     000081e1  _Fr_start_timer                                                       
0     000081f6  _Fr_start_communication                                               
0     00008232  _Fr_set_configuration                                                 
0     00008474  _Fr_send_wakeup                                                       
0     0000849c  _Fr_receive_data                                                      
0     00008516  _Fr_leave_configuration_mode                                          
0     00008546  _Fr_interrupt_handler                                                 
0     000087a8  _Fr_init                                                              
0     00008823  _Fr_get_wakeup_state                                                  
0     0000884e  _Fr_get_global_time                                                   
0     0000885a  _Fr_get_POC_state                                                     
0     000088a9  _Fr_enable_interrupts                                                 
0     000088d6  _Fr_check_tx_status                                                   
0     0000891f  _Fr_check_rx_status                                                   
0     0000893b  _Fr_check_cycle_start                                                 
0     0000894c  _Fr_buffers_init                                                      
[...]
0     0000a763  _scibRxFifoIsr__Fv                                                    
0     0000a7b3  _sciaRxFifoIsr__Fv                                                    
0     0000a803  _cpu_timer2_isr__Fv                                                   
0     0000a841  ___dt__10PtThreadExFv                                                 
0     0000a849  ___ct__10PtThreadExFv                                                 
0     0000a878  _TimerRemarks__10PtThreadExFv                                         
0     0000a88f  _SleeperRemarks_US__10PtThreadExFv                                    
0     0000a8aa  _SleeperRemarks_MS__10PtThreadExFv                                    
0     0000a8bd  _Schedule__10PtThreadExFv                                             
0     0000a8c1  _SLEEP_US__10PtThreadExFUi                                            
0     0000a8e4  _SLEEP_MS__10PtThreadExFUi                                            
0     0000a8fc  _CreateTask__10PtThreadExFPFP2pt_iUl6_STATEPFv_v                      
0     0000a90a  _fputs                                                                
0     0000a9a7  _puts                                                                 
0     0000a9ba  ___TI_writemsg                                                        
0     0000aa0d  C$$IO$$                                                               
0     0000aa12  ___TI_readmsg                                                         
0     0000aa4e  _setvbuf                                                              
0     0000aad7  _vfnFlexRay_Init                                                      
0     0000ab5f  ___TI_doflush                                                         
0     0000ab8e  _fflush                                                               
0     0000abd2  _open                                                                 
0     0000ac43  ___already_marked_for_destruction                                     
0     0000ac47  ___CPR78____record_destruction_on_list__FPP20a_needed_destructionPJ33J
0     0000ac59  ___process_destruction_list__FPP20a_needed_destruction                
0     0000ac6d  ___process_needed_destructions__Fv                                    
0     0000ac6d  ___std__needed_destruction_list                                       
0     0000ac75  ___add_dtor                                                           
0     0000ac75  ___record_needed_destruction                                          
0     0000ac8b  _atexit                                                               
0     0000acb1  ___TI_wrt_ok                                                          
0     0000acec  ___TI_rd_ok                                                           
0     0000ad18  _HOSTlseek                                                            
0     0000ad79  ___TI_closefile                                                       
0     0000adbd  _fclose                                                               
0     0000add8  _c_int00                                                              
0     0000ae2e  _InitCpuTimers                                                        
0     0000ae61  _ConfigCpuTimer                                                       
0     0000ae82  _finddevice                                                           
0     0000ae9e  _getdevice                                                            
0     0000aed3  _atan2                                                                
0     0000af22  _atan                                                                 
0     0000af6c  _txData__13FlexRayTxDataFv                                            
0     0000af87  ___ct__13FlexRayTxDataFUcT1                                           
0     0000afa2  ___sti___20_FlexRayInterface_cpp_7e640688                             
0     0000afb5  _sincos                                                               
0     0000aff8  _HOSTopen                                                             
0     0000b038  ___sti___12_Task_CZT_cpp_b06f5511                                     
0     0000b06b  _TaskRemarks__FP16_TASK_COMPONENTS                                    
0     0000b077  _HOSTread                                                             
0     0000b0b6  _HOSTrename                                                           
0     0000b0f4  _fseek                                                                
0     0000b131  _HOSTwrite                                                            
0     0000b169  _cos                                                                  
0     0000b19d  _sin                                                                  
0     0000b1d1  _close                                                                
0     0000b204  C$$EXIT                                                               
0     0000b204  _abort                                                                
0     0000b206  _exit                                                                 
0     0000b22d  _HOSTclose                                                            
0     0000b256  _InitPieCtrl                                                          
0     0000b275  _EnableInterrupts                                                     
0     0000b27e  _copy_in                                                              
0     0000b2a2  _HOSTunlink                                                           
0     0000b2c6  _sqrt                                                                 
0     0000b2e7  ___nw__FUl                                                            
0     0000b307  ___sti___17_ThreadDataCZT_cpp_ThreadQ                                 
0     0000b325  _memcpy                                                               
0     0000b343  _strncpy                                                              
0     0000b361  _isqrt                                                                
0     0000b37d  FS$$DIV                                                               
0     0000b396  __args_main                                                           
0     0000b3af  _unlink                                                               
0     0000b3c8  _write                                                                
0     0000b3e1  _lseek                                                                
0     0000b3f9  _InitPieVectTable                                                     
0     0000b40a  _memchr                                                               
0     0000b41a  __abort_msg                                                           
0     0000b427  _memset                                                               
0     0000b433  _strchr                                                               
0     0000b43f  _strcmp                                                               
0     0000b449  __register_unlock                                                     
0     0000b44d  __register_lock                                                       
0     0000b451  __nop                                                                 
0     0000b45a  _strlen                                                               
0     0000b462  ___dl__FPv                                                            
0     0000b467  _strcpy                                                               
0     0000b46c  ___memzero                                                            
0     0000b470  ___dla__FPv                                                           
0     0000b473  ___nwa__FUl                                                           
0     0000b476  ___abort_execution                                                    
0     0000b479  _remove                                                               
0     0000b47c  __system_pre_init                                                     
0     0000b47e  ___default_new_handler__Fv                                            
0     0000b47f  __system_post_cinit                                                   
0     0000b480  ___etext__                                                            
0     0000b480  etext                                                                 
0     00380080  _ADC_cal                                                              
0     003febdc  _FPUsinTable                                                          
0     003fecdc  _FPUcosTable                                                          
0     003fefdc  _FPUsinTableEnd                                                       
0     003ff0de  _FPUatan2HalfPITable                                                  
0     003ff0de  _FPUcosTableEnd                                                       
0     003ff0e2  _FPUatan2Table                                                        
0     003ff268  _FPUatan2TableEnd                                                     
1     00000002  _ECanaRegs                                                            
1     00000002  _ECanbRegs                                                            
1     00000036  _CpuTimer0Regs                                                        
1     00000036  _GpioIntRegs                                                          
1     0000003e  _PartIdRegs                                                           
1     00000040  _AdcMirror                                                            
1     00000040  _CsmRegs                                                              
1     00000400  _ECanaMboxes                                                          
1     00000400  __stack                                                               
1     00000500  _ECanbMboxes                                                          
1     00000600  _PieVectTable                                                         
1     00000700  _DmaRegs                                                              
1     000007e0  _ECap1Regs                                                            
1     00000800  __STACK_END                                                           
1     0000c000  ___TI_ft_end                                                          
1     0000c040  __ftable                                                              
1     0000c0c0  ___TI_tmpnams                                                         
1     0000c160  _CpuTimer1                                                            
1     0000c168  _CpuTimer2                                                            
1     0000c170  _CpuTimer0                                                            
1     0000c178  _parmbuf                                                              
1     0000c1c0  _ThreadQ                                                              
1     0000c298  _FrTxData_GG_Slot12                                                   
1     0000c2a5  _FrTxData_GG_Slot02                                                   
1     0000c2b2  _FrTxData_CZT_Slot31                                                  
1     0000c2c0  ___atexit_func_id__                                                   
1     0000c2c2  ___dummy_variable_used_to_force_definition_of__link                   
1     0000c3c0  _DSP2_FLEX_AB                                                         
1     0000c3ca  _Fr_CC_reg_32_ptr                                                     
1     0000c3cc  _Fr_CC_reg_ptr                                                        
1     0000c488  _TaskComps                                                            
1     0000c4be  __lock                                                                
1     0000c4c0  _error_cnt_SciFrame_A                                                 
1     0000c4c1  _FR_RET                                                               
1     0000c4c2  _right_cnt_SciFrame_B                                                 
1     0000c4c3  _error_cnt_SciFrame_B                                                 
1     0000c4c4  _right_cnt_SciFrame_A                                                 
1     0000c4de  _FifoBuffer_Sci_B                                                     
1     0000c4e6  _FifoBuffer_Sci_A                                                     
1     0000c4ee  _PERIOD_MS_Q                                                          
1     0000c512  _GetPkg_Sci_A                                                         
1     0000c540  _GetPkg_Sci_B                                                         
1     0000c560  _return_value                                                         
1     0000c561  _protocol_state                                                       
1     0000c562  _rx_return_value                                                      
1     0000c563  _rx_data_length                                                       
1     0000c564  _rx_status_slot                                                       
1     0000c565  _tx_status                                                            
1     0000c566  _wakeup_status                                                        
1     0000c567  _tx_return_value                                                      
1     0000c568  _rx_status                                                            
1     0000c572  ___TI_enable_exit_profile_output                                      
1     0000c574  ___TI_cleanup_ptr                                                     
1     0000c576  ___TI_dtors_ptr                                                       
1     0000c578  __unlock                                                              
1     0000c57a  __new_handler                                                         
1     0000c57c  ___array_new_prefix_size                                              
1     0000c580  __stream                                                              
1     0000c5c0  __device                                                              
1     0000c648  _CztMp_Ver_                                                           
1     0000c64b  _CztMp_Hor_                                                           
1     0000c65a  _CztData_                                                             
1     0000c666  _Czt93C56_                                                            
1     0000c680  _CztBtnSw_                                                            
1     0000c696  _McbspaRegs                                                           
1     0000c6c0  _DevEmuRegs                                                           
1     0000c790  _GpioCtrlRegs                                                         
1     0000c7c0  _ECanaLAMRegs                                                         
1     0000c800  _ECanaMOTORegs                                                        
1     0000c840  _ECanaMOTSRegs                                                        
1     0000c880  _ECanbLAMRegs                                                         
1     0000c8c0  _ECanbMOTORegs                                                        
1     0000c900  _ECanbMOTSRegs                                                        
1     0000c940  _EQep1Regs                                                            
1     0000c980  _EQep2Regs                                                            
1     0000c9c0  _McbspbRegs                                                           
1     0000c9e5  _PieCtrlRegs                                                          
1     0000ca00  _EPwm1Regs                                                            
1     0000ca22  _AdcRegs                                                              
1     0000ca40  _EPwm2Regs                                                            
1     0000ca62  _XintfRegs                                                            
1     0000ca80  _EPwm3Regs                                                            
1     0000caa2  _SciaRegs                                                             
1     0000cab2  _CpuTimer1Regs                                                        
1     0000cac0  _EPwm4Regs                                                            
1     0000cae2  _ScibRegs                                                             
1     0000caf2  _CpuTimer2Regs                                                        
1     0000cb00  _EPwm5Regs                                                            
1     0000cb22  _ScicRegs                                                             
1     0000cb32  _CsmPwl                                                               
1     0000cb40  _EPwm6Regs                                                            
1     0000cb62  _SpiaRegs                                                             
1     0000cb72  _FlashRegs                                                            
1     0000cb80  _I2caRegs                                                             
1     0000cba2  _XIntruptRegs                                                         
1     0000cbc0  _ECap2Regs                                                            
1     0000cbe0  _ECap3Regs                                                            
1     0000cc00  _ECap4Regs                                                            
1     0000cc20  _ECap5Regs                                                            
1     0000cc40  _ECap6Regs                                                            
1     0000cc60  _GpioDataRegs                                                         
1     0000cc80  _SysCtrlRegs                                                          
1     0000d140  _PieVectTableInit                                                     
1     0000d240  _Fr_low_level_cfg_set_00                                              
1     0000d278  _Fr_HW_cfg_00                                                         
1     0000d299  _Fr_tx_buffer_Frame_CZT_10ms_cfg                                      
1     0000d2a6  _Fr_buffer_cfg_00                                                     
1     0000d2b2  _Fr_rx_shadow_cfg                                                     
1     0000d2ba  ___vtbl__10PtThreadEx                                                 
1     0000d2c2  ___vtbl__11AT93C56_SPI                                                
1     0000d2ca  ___vtbl__16UnlockFifoBuffer                                           
1     0000d2d2  ___vtbl__18FrameAnalyzer_Auto                                         
1     0000d2da  ___vtbl__23CSerialPortDataAnalyzer                                    
1     0000d2e2  _Fr_buffer_cfg_set_00                                                 
1     0000e000  __sys_memory                                                          
1     0000f000  __CIOBUF_                                                             
abs   00000400  __STACK_SIZE                                                          
abs   00000400  __SYSMEM_SIZE                                                         
abs   ffffffff  ___TI_pprof_out_hndl                                                  
abs   ffffffff  ___TI_prof_data_size                                                  
abs   ffffffff  ___TI_prof_data_start                                                 
abs   ffffffff  ___binit__                                                            
abs   ffffffff  ___c_args__                                                           
abs   ffffffff  binit                                                                 

[438 symbols]
