<?xml version="1.0"?>
<link_info>
   <banner>TMS320C2000 Linker PC v17.9.0.STS</banner>
   <copyright>Copyright (c) 1996-2017 Texas Instruments Incorporated</copyright>
   <link_time>0x5a7030a8</link_time>
   <link_errors>0x0</link_errors>
   <output_file>DSP_PROJECT_4th.out</output_file>
   <entry_point>
      <name>_c_int00</name>
      <address>0xb9c3</address>
   </entry_point>
   <input_file_list>
      <input_file id="fl-2">
         <path>.\</path>
         <kind>object</kind>
         <file>main_4th_GGyro.obj</file>
         <name>main_4th_GGyro.obj</name>
      </input_file>
      <input_file id="fl-3">
         <path>.\source\</path>
         <kind>object</kind>
         <file>CSerialPortDataAnalyzer.obj</file>
         <name>CSerialPortDataAnalyzer.obj</name>
      </input_file>
      <input_file id="fl-4">
         <path>.\source\</path>
         <kind>object</kind>
         <file>CanPortConfig.obj</file>
         <name>CanPortConfig.obj</name>
      </input_file>
      <input_file id="fl-5">
         <path>.\source\</path>
         <kind>object</kind>
         <file>FlexRayInterface.obj</file>
         <name>FlexRayInterface.obj</name>
      </input_file>
      <input_file id="fl-6">
         <path>.\source\</path>
         <kind>object</kind>
         <file>FlexRay_handler.obj</file>
         <name>FlexRay_handler.obj</name>
      </input_file>
      <input_file id="fl-7">
         <path>.\source\</path>
         <kind>object</kind>
         <file>Fr_UNIFIED.obj</file>
         <name>Fr_UNIFIED.obj</name>
      </input_file>
      <input_file id="fl-8">
         <path>.\source\</path>
         <kind>object</kind>
         <file>Fr_UNIFIED_cfg.obj</file>
         <name>Fr_UNIFIED_cfg.obj</name>
      </input_file>
      <input_file id="fl-9">
         <path>.\source\</path>
         <kind>object</kind>
         <file>GpioConfig.obj</file>
         <name>GpioConfig.obj</name>
      </input_file>
      <input_file id="fl-a">
         <path>.\source\</path>
         <kind>object</kind>
         <file>RxDataInterface.obj</file>
         <name>RxDataInterface.obj</name>
      </input_file>
      <input_file id="fl-b">
         <path>.\source\</path>
         <kind>object</kind>
         <file>SerialPortConfig.obj</file>
         <name>SerialPortConfig.obj</name>
      </input_file>
      <input_file id="fl-c">
         <path>.\source\</path>
         <kind>object</kind>
         <file>UnlockFifoBuffer.obj</file>
         <name>UnlockFifoBuffer.obj</name>
      </input_file>
      <input_file id="fl-d">
         <path>.\ti\c2000\C2000Ware_1_00_03_00\device_support\f2833x\common\source\</path>
         <kind>object</kind>
         <file>DSP2833x_ADC_cal.obj</file>
         <name>DSP2833x_ADC_cal.obj</name>
      </input_file>
      <input_file id="fl-e">
         <path>.\ti\c2000\C2000Ware_1_00_03_00\device_support\f2833x\common\source\</path>
         <kind>object</kind>
         <file>DSP2833x_CodeStartBranch.obj</file>
         <name>DSP2833x_CodeStartBranch.obj</name>
      </input_file>
      <input_file id="fl-f">
         <path>.\ti\c2000\C2000Ware_1_00_03_00\device_support\f2833x\common\source\</path>
         <kind>object</kind>
         <file>DSP2833x_CpuTimers.obj</file>
         <name>DSP2833x_CpuTimers.obj</name>
      </input_file>
      <input_file id="fl-10">
         <path>.\ti\c2000\C2000Ware_1_00_03_00\device_support\f2833x\common\source\</path>
         <kind>object</kind>
         <file>DSP2833x_DMA.obj</file>
         <name>DSP2833x_DMA.obj</name>
      </input_file>
      <input_file id="fl-11">
         <path>.\ti\c2000\C2000Ware_1_00_03_00\device_support\f2833x\common\source\</path>
         <kind>object</kind>
         <file>DSP2833x_DefaultIsr.obj</file>
         <name>DSP2833x_DefaultIsr.obj</name>
      </input_file>
      <input_file id="fl-12">
         <path>.\ti\c2000\C2000Ware_1_00_03_00\device_support\f2833x\common\source\</path>
         <kind>object</kind>
         <file>DSP2833x_ECan.obj</file>
         <name>DSP2833x_ECan.obj</name>
      </input_file>
      <input_file id="fl-13">
         <path>.\ti\c2000\C2000Ware_1_00_03_00\device_support\f2833x\common\source\</path>
         <kind>object</kind>
         <file>DSP2833x_Gpio.obj</file>
         <name>DSP2833x_Gpio.obj</name>
      </input_file>
      <input_file id="fl-14">
         <path>.\ti\c2000\C2000Ware_1_00_03_00\device_support\f2833x\common\source\</path>
         <kind>object</kind>
         <file>DSP2833x_MemCopy.obj</file>
         <name>DSP2833x_MemCopy.obj</name>
      </input_file>
      <input_file id="fl-15">
         <path>.\ti\c2000\C2000Ware_1_00_03_00\device_support\f2833x\common\source\</path>
         <kind>object</kind>
         <file>DSP2833x_PieCtrl.obj</file>
         <name>DSP2833x_PieCtrl.obj</name>
      </input_file>
      <input_file id="fl-16">
         <path>.\ti\c2000\C2000Ware_1_00_03_00\device_support\f2833x\common\source\</path>
         <kind>object</kind>
         <file>DSP2833x_PieVect.obj</file>
         <name>DSP2833x_PieVect.obj</name>
      </input_file>
      <input_file id="fl-17">
         <path>.\ti\c2000\C2000Ware_1_00_03_00\device_support\f2833x\common\source\</path>
         <kind>object</kind>
         <file>DSP2833x_Sci.obj</file>
         <name>DSP2833x_Sci.obj</name>
      </input_file>
      <input_file id="fl-18">
         <path>.\ti\c2000\C2000Ware_1_00_03_00\device_support\f2833x\common\source\</path>
         <kind>object</kind>
         <file>DSP2833x_SysCtrl.obj</file>
         <name>DSP2833x_SysCtrl.obj</name>
      </input_file>
      <input_file id="fl-19">
         <path>.\ti\c2000\C2000Ware_1_00_03_00\device_support\f2833x\common\source\</path>
         <kind>object</kind>
         <file>DSP2833x_usDelay.obj</file>
         <name>DSP2833x_usDelay.obj</name>
      </input_file>
      <input_file id="fl-1a">
         <path>.\ti\c2000\C2000Ware_1_00_03_00\device_support\f2833x\headers\source\</path>
         <kind>object</kind>
         <file>DSP2833x_GlobalVariableDefs.obj</file>
         <name>DSP2833x_GlobalVariableDefs.obj</name>
      </input_file>
      <input_file id="fl-1f">
         <kind>object</kind>
         <file>&lt;internal&gt;</file>
         <name>&lt;internal&gt;</name>
      </input_file>
      <input_file id="fl-2b">
         <path>C:\ti\ccsv7\tools\compiler\ti-cgt-c2000_17.9.0.STS\lib\</path>
         <kind>archive</kind>
         <file>rts2800_fpu32.lib</file>
         <name>array_del.obj</name>
      </input_file>
      <input_file id="fl-2c">
         <path>C:\ti\ccsv7\tools\compiler\ti-cgt-c2000_17.9.0.STS\lib\</path>
         <kind>archive</kind>
         <file>rts2800_fpu32.lib</file>
         <name>array_new.obj</name>
      </input_file>
      <input_file id="fl-2d">
         <path>C:\ti\ccsv7\tools\compiler\ti-cgt-c2000_17.9.0.STS\lib\</path>
         <kind>archive</kind>
         <file>rts2800_fpu32.lib</file>
         <name>delete.obj</name>
      </input_file>
      <input_file id="fl-2e">
         <path>C:\ti\ccsv7\tools\compiler\ti-cgt-c2000_17.9.0.STS\lib\</path>
         <kind>archive</kind>
         <file>rts2800_fpu32.lib</file>
         <name>dtor_list.obj</name>
      </input_file>
      <input_file id="fl-2f">
         <path>C:\ti\ccsv7\tools\compiler\ti-cgt-c2000_17.9.0.STS\lib\</path>
         <kind>archive</kind>
         <file>rts2800_fpu32.lib</file>
         <name>error.obj</name>
      </input_file>
      <input_file id="fl-30">
         <path>C:\ti\ccsv7\tools\compiler\ti-cgt-c2000_17.9.0.STS\lib\</path>
         <kind>archive</kind>
         <file>rts2800_fpu32.lib</file>
         <name>new.obj</name>
      </input_file>
      <input_file id="fl-31">
         <path>C:\ti\ccsv7\tools\compiler\ti-cgt-c2000_17.9.0.STS\lib\</path>
         <kind>archive</kind>
         <file>rts2800_fpu32.lib</file>
         <name>newhandler.obj</name>
      </input_file>
      <input_file id="fl-32">
         <path>C:\ti\ccsv7\tools\compiler\ti-cgt-c2000_17.9.0.STS\lib\</path>
         <kind>archive</kind>
         <file>rts2800_fpu32.lib</file>
         <name>vars.obj</name>
      </input_file>
      <input_file id="fl-33">
         <path>C:\ti\ccsv7\tools\compiler\ti-cgt-c2000_17.9.0.STS\lib\</path>
         <kind>archive</kind>
         <file>rts2800_fpu32.lib</file>
         <name>boot28.obj</name>
      </input_file>
      <input_file id="fl-34">
         <path>C:\ti\ccsv7\tools\compiler\ti-cgt-c2000_17.9.0.STS\lib\</path>
         <kind>archive</kind>
         <file>rts2800_fpu32.lib</file>
         <name>epilog28.obj</name>
      </input_file>
      <input_file id="fl-35">
         <path>C:\ti\ccsv7\tools\compiler\ti-cgt-c2000_17.9.0.STS\lib\</path>
         <kind>archive</kind>
         <file>rts2800_fpu32.lib</file>
         <name>fs_div28.obj</name>
      </input_file>
      <input_file id="fl-36">
         <path>C:\ti\ccsv7\tools\compiler\ti-cgt-c2000_17.9.0.STS\lib\</path>
         <kind>archive</kind>
         <file>rts2800_fpu32.lib</file>
         <name>prolog28.obj</name>
      </input_file>
      <input_file id="fl-37">
         <path>C:\ti\ccsv7\tools\compiler\ti-cgt-c2000_17.9.0.STS\lib\</path>
         <kind>archive</kind>
         <file>rts2800_fpu32.lib</file>
         <name>cpy_tbl.obj</name>
      </input_file>
      <input_file id="fl-38">
         <path>C:\ti\ccsv7\tools\compiler\ti-cgt-c2000_17.9.0.STS\lib\</path>
         <kind>archive</kind>
         <file>rts2800_fpu32.lib</file>
         <name>memcpy.obj</name>
      </input_file>
      <input_file id="fl-39">
         <path>C:\ti\ccsv7\tools\compiler\ti-cgt-c2000_17.9.0.STS\lib\</path>
         <kind>archive</kind>
         <file>rts2800_fpu32.lib</file>
         <name>pre_init.obj</name>
      </input_file>
      <input_file id="fl-3a">
         <path>C:\ti\ccsv7\tools\compiler\ti-cgt-c2000_17.9.0.STS\lib\</path>
         <kind>archive</kind>
         <file>rts2800_fpu32.lib</file>
         <name>startup.obj</name>
      </input_file>
      <input_file id="fl-3b">
         <path>C:\ti\ccsv7\tools\compiler\ti-cgt-c2000_17.9.0.STS\lib\</path>
         <kind>archive</kind>
         <file>rts2800_fpu32.lib</file>
         <name>exit.obj</name>
      </input_file>
      <input_file id="fl-3c">
         <path>C:\ti\ccsv7\tools\compiler\ti-cgt-c2000_17.9.0.STS\lib\</path>
         <kind>archive</kind>
         <file>rts2800_fpu32.lib</file>
         <name>memory.obj</name>
      </input_file>
      <input_file id="fl-3d">
         <path>C:\ti\ccsv7\tools\compiler\ti-cgt-c2000_17.9.0.STS\lib\</path>
         <kind>archive</kind>
         <file>rts2800_fpu32.lib</file>
         <name>_lock.obj</name>
      </input_file>
      <input_file id="fl-3e">
         <path>C:\ti\ccsv7\tools\compiler\ti-cgt-c2000_17.9.0.STS\lib\</path>
         <kind>archive</kind>
         <file>rts2800_fpu32.lib</file>
         <name>args_main.obj</name>
      </input_file>
      <input_file id="fl-3f">
         <path>C:\ti\ccsv7\tools\compiler\ti-cgt-c2000_17.9.0.STS\lib\</path>
         <kind>archive</kind>
         <file>rts2800_fpu32.lib</file>
         <name>assert.obj</name>
      </input_file>
      <input_file id="fl-40">
         <path>C:\ti\ccsv7\tools\compiler\ti-cgt-c2000_17.9.0.STS\lib\</path>
         <kind>archive</kind>
         <file>rts2800_fpu32.lib</file>
         <name>defs.obj</name>
      </input_file>
      <input_file id="fl-41">
         <path>C:\ti\ccsv7\tools\compiler\ti-cgt-c2000_17.9.0.STS\lib\</path>
         <kind>archive</kind>
         <file>rts2800_fpu32.lib</file>
         <name>fflush.obj</name>
      </input_file>
      <input_file id="fl-42">
         <path>C:\ti\ccsv7\tools\compiler\ti-cgt-c2000_17.9.0.STS\lib\</path>
         <kind>archive</kind>
         <file>rts2800_fpu32.lib</file>
         <name>fputs.obj</name>
      </input_file>
      <input_file id="fl-43">
         <path>C:\ti\ccsv7\tools\compiler\ti-cgt-c2000_17.9.0.STS\lib\</path>
         <kind>archive</kind>
         <file>rts2800_fpu32.lib</file>
         <name>memchr.obj</name>
      </input_file>
      <input_file id="fl-44">
         <path>C:\ti\ccsv7\tools\compiler\ti-cgt-c2000_17.9.0.STS\lib\</path>
         <kind>archive</kind>
         <file>rts2800_fpu32.lib</file>
         <name>strlen.obj</name>
      </input_file>
      <input_file id="fl-45">
         <path>C:\ti\ccsv7\tools\compiler\ti-cgt-c2000_17.9.0.STS\lib\</path>
         <kind>archive</kind>
         <file>rts2800_fpu32.lib</file>
         <name>write.obj</name>
      </input_file>
      <input_file id="fl-46">
         <path>C:\ti\ccsv7\tools\compiler\ti-cgt-c2000_17.9.0.STS\lib\</path>
         <kind>archive</kind>
         <file>rts2800_fpu32.lib</file>
         <name>_io_perm.obj</name>
      </input_file>
      <input_file id="fl-47">
         <path>C:\ti\ccsv7\tools\compiler\ti-cgt-c2000_17.9.0.STS\lib\</path>
         <kind>archive</kind>
         <file>rts2800_fpu32.lib</file>
         <name>fseek.obj</name>
      </input_file>
      <input_file id="fl-48">
         <path>C:\ti\ccsv7\tools\compiler\ti-cgt-c2000_17.9.0.STS\lib\</path>
         <kind>archive</kind>
         <file>rts2800_fpu32.lib</file>
         <name>lseek.obj</name>
      </input_file>
      <input_file id="fl-49">
         <path>C:\ti\ccsv7\tools\compiler\ti-cgt-c2000_17.9.0.STS\lib\</path>
         <kind>archive</kind>
         <file>rts2800_fpu32.lib</file>
         <name>setvbuf.obj</name>
      </input_file>
      <input_file id="fl-4a">
         <path>C:\ti\ccsv7\tools\compiler\ti-cgt-c2000_17.9.0.STS\lib\</path>
         <kind>archive</kind>
         <file>rts2800_fpu32.lib</file>
         <name>hostclose.obj</name>
      </input_file>
      <input_file id="fl-4b">
         <path>C:\ti\ccsv7\tools\compiler\ti-cgt-c2000_17.9.0.STS\lib\</path>
         <kind>archive</kind>
         <file>rts2800_fpu32.lib</file>
         <name>hostlseek.obj</name>
      </input_file>
      <input_file id="fl-4c">
         <path>C:\ti\ccsv7\tools\compiler\ti-cgt-c2000_17.9.0.STS\lib\</path>
         <kind>archive</kind>
         <file>rts2800_fpu32.lib</file>
         <name>hostopen.obj</name>
      </input_file>
      <input_file id="fl-4d">
         <path>C:\ti\ccsv7\tools\compiler\ti-cgt-c2000_17.9.0.STS\lib\</path>
         <kind>archive</kind>
         <file>rts2800_fpu32.lib</file>
         <name>hostread.obj</name>
      </input_file>
      <input_file id="fl-4e">
         <path>C:\ti\ccsv7\tools\compiler\ti-cgt-c2000_17.9.0.STS\lib\</path>
         <kind>archive</kind>
         <file>rts2800_fpu32.lib</file>
         <name>hostrename.obj</name>
      </input_file>
      <input_file id="fl-4f">
         <path>C:\ti\ccsv7\tools\compiler\ti-cgt-c2000_17.9.0.STS\lib\</path>
         <kind>archive</kind>
         <file>rts2800_fpu32.lib</file>
         <name>hostunlink.obj</name>
      </input_file>
      <input_file id="fl-50">
         <path>C:\ti\ccsv7\tools\compiler\ti-cgt-c2000_17.9.0.STS\lib\</path>
         <kind>archive</kind>
         <file>rts2800_fpu32.lib</file>
         <name>hostwrite.obj</name>
      </input_file>
      <input_file id="fl-51">
         <path>C:\ti\ccsv7\tools\compiler\ti-cgt-c2000_17.9.0.STS\lib\</path>
         <kind>archive</kind>
         <file>rts2800_fpu32.lib</file>
         <name>trgmsg.obj</name>
      </input_file>
      <input_file id="fl-52">
         <path>C:\ti\ccsv7\tools\compiler\ti-cgt-c2000_17.9.0.STS\lib\</path>
         <kind>archive</kind>
         <file>rts2800_fpu32.lib</file>
         <name>fopen.obj</name>
      </input_file>
      <input_file id="fl-53">
         <path>C:\ti\ccsv7\tools\compiler\ti-cgt-c2000_17.9.0.STS\lib\</path>
         <kind>archive</kind>
         <file>rts2800_fpu32.lib</file>
         <name>open.obj</name>
      </input_file>
      <input_file id="fl-54">
         <path>C:\ti\ccsv7\tools\compiler\ti-cgt-c2000_17.9.0.STS\lib\</path>
         <kind>archive</kind>
         <file>rts2800_fpu32.lib</file>
         <name>strcpy.obj</name>
      </input_file>
      <input_file id="fl-55">
         <path>C:\ti\ccsv7\tools\compiler\ti-cgt-c2000_17.9.0.STS\lib\</path>
         <kind>archive</kind>
         <file>rts2800_fpu32.lib</file>
         <name>fclose.obj</name>
      </input_file>
      <input_file id="fl-56">
         <path>C:\ti\ccsv7\tools\compiler\ti-cgt-c2000_17.9.0.STS\lib\</path>
         <kind>archive</kind>
         <file>rts2800_fpu32.lib</file>
         <name>getdevice.obj</name>
      </input_file>
      <input_file id="fl-57">
         <path>C:\ti\ccsv7\tools\compiler\ti-cgt-c2000_17.9.0.STS\lib\</path>
         <kind>archive</kind>
         <file>rts2800_fpu32.lib</file>
         <name>remove.obj</name>
      </input_file>
      <input_file id="fl-58">
         <path>C:\ti\ccsv7\tools\compiler\ti-cgt-c2000_17.9.0.STS\lib\</path>
         <kind>archive</kind>
         <file>rts2800_fpu32.lib</file>
         <name>strchr.obj</name>
      </input_file>
      <input_file id="fl-59">
         <path>C:\ti\ccsv7\tools\compiler\ti-cgt-c2000_17.9.0.STS\lib\</path>
         <kind>archive</kind>
         <file>rts2800_fpu32.lib</file>
         <name>strcmp.obj</name>
      </input_file>
      <input_file id="fl-5a">
         <path>C:\ti\ccsv7\tools\compiler\ti-cgt-c2000_17.9.0.STS\lib\</path>
         <kind>archive</kind>
         <file>rts2800_fpu32.lib</file>
         <name>strncpy.obj</name>
      </input_file>
      <input_file id="fl-5b">
         <path>C:\ti\ccsv7\tools\compiler\ti-cgt-c2000_17.9.0.STS\lib\</path>
         <kind>archive</kind>
         <file>rts2800_fpu32.lib</file>
         <name>unlink.obj</name>
      </input_file>
      <input_file id="fl-5c">
         <path>C:\ti\ccsv7\tools\compiler\ti-cgt-c2000_17.9.0.STS\lib\</path>
         <kind>archive</kind>
         <file>rts2800_fpu32.lib</file>
         <name>close.obj</name>
      </input_file>
   </input_file_list>
   <object_component_list>
      <object_component id="oc-94">
         <name>codestart</name>
         <load_address>0x0</load_address>
         <run_address>0x0</run_address>
         <size>0x2</size>
         <input_file_ref idref="fl-e"/>
      </object_component>
      <object_component id="oc-cd">
         <name>ramfuncs</name>
         <load_address>0x8110</load_address>
         <run_address>0x8110</run_address>
         <size>0x4</size>
         <input_file_ref idref="fl-19"/>
      </object_component>
      <object_component id="oc-234">
         <name>.text</name>
         <load_address>0x9000</load_address>
         <run_address>0x9000</run_address>
         <size>0xf84</size>
         <input_file_ref idref="fl-7"/>
      </object_component>
      <object_component id="oc-216">
         <name>.text</name>
         <load_address>0x9f84</load_address>
         <run_address>0x9f84</run_address>
         <size>0x33a</size>
         <input_file_ref idref="fl-2"/>
      </object_component>
      <object_component id="oc-a5">
         <name>.text:retain</name>
         <load_address>0xa2be</load_address>
         <run_address>0xa2be</run_address>
         <size>0x316</size>
         <input_file_ref idref="fl-11"/>
      </object_component>
      <object_component id="oc-22b">
         <name>.text</name>
         <load_address>0xa5d4</load_address>
         <run_address>0xa5d4</run_address>
         <size>0x1d4</size>
         <input_file_ref idref="fl-9"/>
      </object_component>
      <object_component id="oc-23c">
         <name>.text</name>
         <load_address>0xa7a8</load_address>
         <run_address>0xa7a8</run_address>
         <size>0x1d2</size>
         <input_file_ref idref="fl-3c"/>
      </object_component>
      <object_component id="oc-214">
         <name>.text</name>
         <load_address>0xa97a</load_address>
         <run_address>0xa97a</run_address>
         <size>0x1b6</size>
         <input_file_ref idref="fl-3"/>
      </object_component>
      <object_component id="oc-22d">
         <name>.text</name>
         <load_address>0xab30</load_address>
         <run_address>0xab30</run_address>
         <size>0x1a5</size>
         <input_file_ref idref="fl-4"/>
      </object_component>
      <object_component id="oc-217">
         <name>.text</name>
         <load_address>0xacd5</load_address>
         <run_address>0xacd5</run_address>
         <size>0x133</size>
         <input_file_ref idref="fl-a"/>
      </object_component>
      <object_component id="oc-215">
         <name>.text</name>
         <load_address>0xae08</load_address>
         <run_address>0xae08</run_address>
         <size>0x130</size>
         <input_file_ref idref="fl-c"/>
      </object_component>
      <object_component id="oc-231">
         <name>.text</name>
         <load_address>0xaf38</load_address>
         <run_address>0xaf38</run_address>
         <size>0x12c</size>
         <input_file_ref idref="fl-12"/>
      </object_component>
      <object_component id="oc-24f">
         <name>.text</name>
         <load_address>0xb064</load_address>
         <run_address>0xb064</run_address>
         <size>0xf9</size>
         <input_file_ref idref="fl-52"/>
      </object_component>
      <object_component id="oc-22c">
         <name>.text</name>
         <load_address>0xb15d</load_address>
         <run_address>0xb15d</run_address>
         <size>0xf3</size>
         <input_file_ref idref="fl-b"/>
      </object_component>
      <object_component id="oc-22e">
         <name>.text</name>
         <load_address>0xb250</load_address>
         <run_address>0xb250</run_address>
         <size>0xf1</size>
         <input_file_ref idref="fl-18"/>
      </object_component>
      <object_component id="oc-51">
         <name>.text:retain</name>
         <load_address>0xb341</load_address>
         <run_address>0xb341</run_address>
         <size>0xcf</size>
         <input_file_ref idref="fl-2"/>
      </object_component>
      <object_component id="oc-244">
         <name>.text</name>
         <load_address>0xb410</load_address>
         <run_address>0xb410</run_address>
         <size>0xb0</size>
         <input_file_ref idref="fl-42"/>
      </object_component>
      <object_component id="oc-239">
         <name>.text</name>
         <load_address>0xb4c0</load_address>
         <run_address>0xb4c0</run_address>
         <size>0x94</size>
         <input_file_ref idref="fl-51"/>
      </object_component>
      <object_component id="oc-233">
         <name>.text</name>
         <load_address>0xb554</load_address>
         <run_address>0xb554</run_address>
         <size>0x8a</size>
         <input_file_ref idref="fl-6"/>
      </object_component>
      <object_component id="oc-24d">
         <name>.text</name>
         <load_address>0xb5de</load_address>
         <run_address>0xb5de</run_address>
         <size>0x89</size>
         <input_file_ref idref="fl-49"/>
      </object_component>
      <object_component id="oc-13a">
         <name>.text</name>
         <load_address>0xb667</load_address>
         <run_address>0xb667</run_address>
         <size>0x88</size>
         <input_file_ref idref="fl-35"/>
      </object_component>
      <object_component id="oc-245">
         <name>.text</name>
         <load_address>0xb6ef</load_address>
         <run_address>0xb6ef</run_address>
         <size>0x73</size>
         <input_file_ref idref="fl-41"/>
      </object_component>
      <object_component id="oc-250">
         <name>.text</name>
         <load_address>0xb762</load_address>
         <run_address>0xb762</run_address>
         <size>0x71</size>
         <input_file_ref idref="fl-53"/>
      </object_component>
      <object_component id="oc-219">
         <name>.text</name>
         <load_address>0xb7d3</load_address>
         <run_address>0xb7d3</run_address>
         <size>0x6e</size>
         <input_file_ref idref="fl-2e"/>
      </object_component>
      <object_component id="oc-249">
         <name>.text</name>
         <load_address>0xb841</load_address>
         <run_address>0xb841</run_address>
         <size>0x67</size>
         <input_file_ref idref="fl-46"/>
      </object_component>
      <object_component id="oc-21e">
         <name>.text</name>
         <load_address>0xb8a8</load_address>
         <run_address>0xb8a8</run_address>
         <size>0x61</size>
         <input_file_ref idref="fl-4b"/>
      </object_component>
      <object_component id="oc-251">
         <name>.text</name>
         <load_address>0xb909</load_address>
         <run_address>0xb909</run_address>
         <size>0x5f</size>
         <input_file_ref idref="fl-55"/>
      </object_component>
      <object_component id="oc-232">
         <name>.text</name>
         <load_address>0xb968</load_address>
         <run_address>0xb968</run_address>
         <size>0x5b</size>
         <input_file_ref idref="fl-f"/>
      </object_component>
      <object_component id="oc-4d">
         <name>.text</name>
         <load_address>0xb9c3</load_address>
         <run_address>0xb9c3</run_address>
         <size>0x56</size>
         <input_file_ref idref="fl-33"/>
      </object_component>
      <object_component id="oc-252">
         <name>.text</name>
         <load_address>0xba19</load_address>
         <run_address>0xba19</run_address>
         <size>0x51</size>
         <input_file_ref idref="fl-56"/>
      </object_component>
      <object_component id="oc-218">
         <name>.text</name>
         <load_address>0xba6a</load_address>
         <run_address>0xba6a</run_address>
         <size>0x49</size>
         <input_file_ref idref="fl-5"/>
      </object_component>
      <object_component id="oc-21a">
         <name>.text</name>
         <load_address>0xbab3</load_address>
         <run_address>0xbab3</run_address>
         <size>0x40</size>
         <input_file_ref idref="fl-4c"/>
      </object_component>
      <object_component id="oc-21c">
         <name>.text</name>
         <load_address>0xbaf3</load_address>
         <run_address>0xbaf3</run_address>
         <size>0x3f</size>
         <input_file_ref idref="fl-4d"/>
      </object_component>
      <object_component id="oc-220">
         <name>.text</name>
         <load_address>0xbb32</load_address>
         <run_address>0xbb32</run_address>
         <size>0x3e</size>
         <input_file_ref idref="fl-4e"/>
      </object_component>
      <object_component id="oc-24c">
         <name>.text</name>
         <load_address>0xbb70</load_address>
         <run_address>0xbb70</run_address>
         <size>0x3d</size>
         <input_file_ref idref="fl-47"/>
      </object_component>
      <object_component id="oc-21d">
         <name>.text</name>
         <load_address>0xbbad</load_address>
         <run_address>0xbbad</run_address>
         <size>0x38</size>
         <input_file_ref idref="fl-50"/>
      </object_component>
      <object_component id="oc-253">
         <name>.text</name>
         <load_address>0xbbe5</load_address>
         <run_address>0xbbe5</run_address>
         <size>0x33</size>
         <input_file_ref idref="fl-5c"/>
      </object_component>
      <object_component id="oc-213">
         <name>.text</name>
         <load_address>0xbc18</load_address>
         <run_address>0xbc18</run_address>
         <size>0x29</size>
         <input_file_ref idref="fl-3b"/>
      </object_component>
      <object_component id="oc-21b">
         <name>.text</name>
         <load_address>0xbc41</load_address>
         <run_address>0xbc41</run_address>
         <size>0x29</size>
         <input_file_ref idref="fl-4a"/>
      </object_component>
      <object_component id="oc-22f">
         <name>.text</name>
         <load_address>0xbc6a</load_address>
         <run_address>0xbc6a</run_address>
         <size>0x28</size>
         <input_file_ref idref="fl-15"/>
      </object_component>
      <object_component id="oc-210">
         <name>.text</name>
         <load_address>0xbc92</load_address>
         <run_address>0xbc92</run_address>
         <size>0x24</size>
         <input_file_ref idref="fl-37"/>
      </object_component>
      <object_component id="oc-21f">
         <name>.text</name>
         <load_address>0xbcb6</load_address>
         <run_address>0xbcb6</run_address>
         <size>0x24</size>
         <input_file_ref idref="fl-4f"/>
      </object_component>
      <object_component id="oc-225">
         <name>.text</name>
         <load_address>0xbcda</load_address>
         <run_address>0xbcda</run_address>
         <size>0x20</size>
         <input_file_ref idref="fl-30"/>
      </object_component>
      <object_component id="oc-221">
         <name>.text</name>
         <load_address>0xbcfa</load_address>
         <run_address>0xbcfa</run_address>
         <size>0x1e</size>
         <input_file_ref idref="fl-38"/>
      </object_component>
      <object_component id="oc-257">
         <name>.text</name>
         <load_address>0xbd18</load_address>
         <run_address>0xbd18</run_address>
         <size>0x1e</size>
         <input_file_ref idref="fl-5a"/>
      </object_component>
      <object_component id="oc-212">
         <name>.text</name>
         <load_address>0xbd36</load_address>
         <run_address>0xbd36</run_address>
         <size>0x19</size>
         <input_file_ref idref="fl-3e"/>
      </object_component>
      <object_component id="oc-13f">
         <name>.text</name>
         <load_address>0xbd4f</load_address>
         <run_address>0xbd4f</run_address>
         <size>0x19</size>
         <input_file_ref idref="fl-36"/>
      </object_component>
      <object_component id="oc-258">
         <name>.text</name>
         <load_address>0xbd68</load_address>
         <run_address>0xbd68</run_address>
         <size>0x19</size>
         <input_file_ref idref="fl-5b"/>
      </object_component>
      <object_component id="oc-24b">
         <name>.text</name>
         <load_address>0xbd81</load_address>
         <run_address>0xbd81</run_address>
         <size>0x19</size>
         <input_file_ref idref="fl-45"/>
      </object_component>
      <object_component id="oc-24e">
         <name>.text</name>
         <load_address>0xbd9a</load_address>
         <run_address>0xbd9a</run_address>
         <size>0x18</size>
         <input_file_ref idref="fl-48"/>
      </object_component>
      <object_component id="oc-230">
         <name>.text</name>
         <load_address>0xbdb2</load_address>
         <run_address>0xbdb2</run_address>
         <size>0x14</size>
         <input_file_ref idref="fl-16"/>
      </object_component>
      <object_component id="oc-24a">
         <name>.text</name>
         <load_address>0xbdc6</load_address>
         <run_address>0xbdc6</run_address>
         <size>0x10</size>
         <input_file_ref idref="fl-43"/>
      </object_component>
      <object_component id="oc-23e">
         <name>.text</name>
         <load_address>0xbdd6</load_address>
         <run_address>0xbdd6</run_address>
         <size>0xd</size>
         <input_file_ref idref="fl-3f"/>
      </object_component>
      <object_component id="oc-135">
         <name>.text</name>
         <load_address>0xbde3</load_address>
         <run_address>0xbde3</run_address>
         <size>0xc</size>
         <input_file_ref idref="fl-34"/>
      </object_component>
      <object_component id="oc-256">
         <name>.text</name>
         <load_address>0xbdef</load_address>
         <run_address>0xbdef</run_address>
         <size>0xc</size>
         <input_file_ref idref="fl-58"/>
      </object_component>
      <object_component id="oc-255">
         <name>.text</name>
         <load_address>0xbdfb</load_address>
         <run_address>0xbdfb</run_address>
         <size>0xa</size>
         <input_file_ref idref="fl-59"/>
      </object_component>
      <object_component id="oc-23b">
         <name>.text</name>
         <load_address>0xbe05</load_address>
         <run_address>0xbe05</run_address>
         <size>0x9</size>
         <input_file_ref idref="fl-3d"/>
      </object_component>
      <object_component id="oc-93">
         <name>.text</name>
         <load_address>0xbe0e</load_address>
         <run_address>0xbe0e</run_address>
         <size>0x8</size>
         <input_file_ref idref="fl-e"/>
      </object_component>
      <object_component id="oc-238">
         <name>.text</name>
         <load_address>0xbe16</load_address>
         <run_address>0xbe16</run_address>
         <size>0x8</size>
         <input_file_ref idref="fl-44"/>
      </object_component>
      <object_component id="oc-224">
         <name>.text</name>
         <load_address>0xbe1e</load_address>
         <run_address>0xbe1e</run_address>
         <size>0x5</size>
         <input_file_ref idref="fl-2d"/>
      </object_component>
      <object_component id="oc-23a">
         <name>.text</name>
         <load_address>0xbe23</load_address>
         <run_address>0xbe23</run_address>
         <size>0x5</size>
         <input_file_ref idref="fl-54"/>
      </object_component>
      <object_component id="oc-228">
         <name>.text</name>
         <load_address>0xbe28</load_address>
         <run_address>0xbe28</run_address>
         <size>0x3</size>
         <input_file_ref idref="fl-2b"/>
      </object_component>
      <object_component id="oc-22a">
         <name>.text</name>
         <load_address>0xbe2b</load_address>
         <run_address>0xbe2b</run_address>
         <size>0x3</size>
         <input_file_ref idref="fl-2c"/>
      </object_component>
      <object_component id="oc-235">
         <name>.text</name>
         <load_address>0xbe2e</load_address>
         <run_address>0xbe2e</run_address>
         <size>0x3</size>
         <input_file_ref idref="fl-2f"/>
      </object_component>
      <object_component id="oc-254">
         <name>.text</name>
         <load_address>0xbe31</load_address>
         <run_address>0xbe31</run_address>
         <size>0x3</size>
         <input_file_ref idref="fl-57"/>
      </object_component>
      <object_component id="oc-20f">
         <name>.text</name>
         <load_address>0xbe34</load_address>
         <run_address>0xbe34</run_address>
         <size>0x2</size>
         <input_file_ref idref="fl-39"/>
      </object_component>
      <object_component id="oc-23d">
         <name>.text</name>
         <load_address>0xbe36</load_address>
         <run_address>0xbe36</run_address>
         <size>0x1</size>
         <input_file_ref idref="fl-31"/>
      </object_component>
      <object_component id="oc-211">
         <name>.text</name>
         <load_address>0xbe37</load_address>
         <run_address>0xbe37</run_address>
         <size>0x1</size>
         <input_file_ref idref="fl-3a"/>
      </object_component>
      <object_component id="oc-4f">
         <name>.cinit</name>
         <load_address>0x8000</load_address>
         <run_address>0x8000</run_address>
         <size>0x66</size>
         <input_file_ref idref="fl-2"/>
      </object_component>
      <object_component id="oc-177">
         <name>.cinit</name>
         <load_address>0x8066</load_address>
         <run_address>0x8066</run_address>
         <size>0x2a</size>
         <input_file_ref idref="fl-40"/>
      </object_component>
      <object_component id="oc-190">
         <name>.cinit</name>
         <load_address>0x8090</load_address>
         <run_address>0x8090</run_address>
         <size>0x29</size>
         <input_file_ref idref="fl-45"/>
      </object_component>
      <object_component id="oc-116">
         <name>.cinit</name>
         <load_address>0x80b9</load_address>
         <run_address>0x80b9</run_address>
         <size>0x1b</size>
         <input_file_ref idref="fl-2e"/>
      </object_component>
      <object_component id="oc-159">
         <name>.cinit</name>
         <load_address>0x80d4</load_address>
         <run_address>0x80d4</run_address>
         <size>0xe</size>
         <input_file_ref idref="fl-3b"/>
      </object_component>
      <object_component id="oc-69">
         <name>.cinit</name>
         <load_address>0x80e2</load_address>
         <run_address>0x80e2</run_address>
         <size>0x8</size>
         <input_file_ref idref="fl-6"/>
      </object_component>
      <object_component id="oc-223">
         <name>.cinit:__lock</name>
         <load_address>0x80ea</load_address>
         <run_address>0x80ea</run_address>
         <size>0x5</size>
         <input_file_ref idref="fl-3d"/>
      </object_component>
      <object_component id="oc-237">
         <name>.cinit:__unlock</name>
         <load_address>0x80ef</load_address>
         <run_address>0x80ef</run_address>
         <size>0x5</size>
         <input_file_ref idref="fl-3d"/>
      </object_component>
      <object_component id="oc-12c">
         <name>.cinit</name>
         <load_address>0x80f4</load_address>
         <run_address>0x80f4</run_address>
         <size>0x5</size>
         <input_file_ref idref="fl-32"/>
      </object_component>
      <object_component id="oc-1d5">
         <name>.cinit</name>
         <load_address>0x80f9</load_address>
         <run_address>0x80f9</run_address>
         <size>0x4</size>
         <input_file_ref idref="fl-52"/>
      </object_component>
      <object_component id="oc-160">
         <name>.cinit</name>
         <load_address>0x80fd</load_address>
         <run_address>0x80fd</run_address>
         <size>0x4</size>
         <input_file_ref idref="fl-3c"/>
      </object_component>
      <object_component id="oc-1dc">
         <name>.cinit</name>
         <load_address>0x8101</load_address>
         <run_address>0x8101</run_address>
         <size>0x4</size>
         <input_file_ref idref="fl-53"/>
      </object_component>
      <object_component id="oc-63">
         <name>.pinit</name>
         <load_address>0x8108</load_address>
         <run_address>0x8108</run_address>
         <size>0x2</size>
         <input_file_ref idref="fl-5"/>
      </object_component>
      <object_component id="oc-7f">
         <name>.pinit</name>
         <load_address>0x810a</load_address>
         <run_address>0x810a</run_address>
         <size>0x2</size>
         <input_file_ref idref="fl-a"/>
      </object_component>
      <object_component id="oc-52">
         <name>.pinit</name>
         <load_address>0x810c</load_address>
         <run_address>0x810c</run_address>
         <size>0x2</size>
         <input_file_ref idref="fl-2"/>
      </object_component>
      <object_component id="oc-12f">
         <name>.stack</name>
         <uninitialized>true</uninitialized>
         <run_address>0x400</run_address>
         <size>0x0</size>
         <input_file_ref idref="fl-33"/>
      </object_component>
      <object_component id="oc-2b0">
         <name>.stack</name>
         <uninitialized>true</uninitialized>
         <run_address>0x400</run_address>
         <size>0x0</size>
      </object_component>
      <object_component id="oc-50">
         <name>.ebss</name>
         <uninitialized>true</uninitialized>
         <run_address>0xc380</run_address>
         <size>0xc0</size>
         <input_file_ref idref="fl-2"/>
      </object_component>
      <object_component id="oc-62">
         <name>.ebss</name>
         <uninitialized>true</uninitialized>
         <run_address>0xc160</run_address>
         <size>0x1a</size>
         <input_file_ref idref="fl-5"/>
      </object_component>
      <object_component id="oc-6a">
         <name>.ebss</name>
         <uninitialized>true</uninitialized>
         <run_address>0xc36e</run_address>
         <size>0x9</size>
         <input_file_ref idref="fl-6"/>
      </object_component>
      <object_component id="oc-70">
         <name>.ebss</name>
         <uninitialized>true</uninitialized>
         <run_address>0xc280</run_address>
         <size>0xc8</size>
         <input_file_ref idref="fl-7"/>
      </object_component>
      <object_component id="oc-7e">
         <name>.ebss</name>
         <uninitialized>true</uninitialized>
         <run_address>0xc348</run_address>
         <size>0x26</size>
         <input_file_ref idref="fl-a"/>
      </object_component>
      <object_component id="oc-9a">
         <name>.ebss</name>
         <uninitialized>true</uninitialized>
         <run_address>0xc4c8</run_address>
         <size>0x18</size>
         <input_file_ref idref="fl-f"/>
      </object_component>
      <object_component id="oc-117">
         <name>.ebss</name>
         <uninitialized>true</uninitialized>
         <run_address>0xc180</run_address>
         <size>0x100</size>
         <input_file_ref idref="fl-2e"/>
      </object_component>
      <object_component id="oc-12d">
         <name>.ebss</name>
         <uninitialized>true</uninitialized>
         <run_address>0xc4ec</run_address>
         <size>0x2</size>
         <input_file_ref idref="fl-32"/>
      </object_component>
      <object_component id="oc-15a">
         <name>.ebss</name>
         <uninitialized>true</uninitialized>
         <run_address>0xc17a</run_address>
         <size>0x6</size>
         <input_file_ref idref="fl-3b"/>
      </object_component>
      <object_component id="oc-162">
         <name>.ebss</name>
         <uninitialized>true</uninitialized>
         <run_address>0xc4e0</run_address>
         <size>0x8</size>
         <input_file_ref idref="fl-3c"/>
      </object_component>
      <object_component id="oc-236">
         <name>.ebss:__unlock</name>
         <uninitialized>true</uninitialized>
         <run_address>0xc4ea</run_address>
         <size>0x2</size>
         <input_file_ref idref="fl-3d"/>
      </object_component>
      <object_component id="oc-222">
         <name>.ebss:__lock</name>
         <uninitialized>true</uninitialized>
         <run_address>0xc4e8</run_address>
         <size>0x2</size>
         <input_file_ref idref="fl-3d"/>
      </object_component>
      <object_component id="oc-178">
         <name>.ebss</name>
         <uninitialized>true</uninitialized>
         <run_address>0xc000</run_address>
         <size>0x160</size>
         <input_file_ref idref="fl-40"/>
      </object_component>
      <object_component id="oc-191">
         <name>.ebss</name>
         <uninitialized>true</uninitialized>
         <run_address>0xc440</run_address>
         <size>0x88</size>
         <input_file_ref idref="fl-45"/>
      </object_component>
      <object_component id="oc-1b5">
         <name>.ebss</name>
         <uninitialized>true</uninitialized>
         <run_address>0xc377</run_address>
         <size>0x8</size>
         <input_file_ref idref="fl-4c"/>
      </object_component>
      <object_component id="oc-1d6">
         <name>.ebss</name>
         <uninitialized>true</uninitialized>
         <run_address>0xc37f</run_address>
         <size>0x1</size>
         <input_file_ref idref="fl-52"/>
      </object_component>
      <object_component id="oc-1dd">
         <name>.ebss</name>
         <uninitialized>true</uninitialized>
         <run_address>0xc4ee</run_address>
         <size>0x1</size>
         <input_file_ref idref="fl-53"/>
      </object_component>
      <object_component id="oc-23f">
         <name>.econst:_PieVectTableInit</name>
         <load_address>0xd000</load_address>
         <run_address>0xd000</run_address>
         <size>0x100</size>
         <input_file_ref idref="fl-16"/>
      </object_component>
      <object_component id="oc-78">
         <name>.econst:.string</name>
         <load_address>0xd100</load_address>
         <run_address>0xd100</run_address>
         <size>0xdd</size>
         <input_file_ref idref="fl-9"/>
      </object_component>
      <object_component id="oc-241">
         <name>.econst:_Fr_low_level_cfg_set_00</name>
         <load_address>0xd1de</load_address>
         <run_address>0xd1de</run_address>
         <size>0x38</size>
         <input_file_ref idref="fl-8"/>
      </object_component>
      <object_component id="oc-240">
         <name>.econst:_Fr_HW_cfg_00</name>
         <load_address>0xd216</load_address>
         <run_address>0xd216</run_address>
         <size>0x12</size>
         <input_file_ref idref="fl-8"/>
      </object_component>
      <object_component id="oc-242">
         <name>.econst:_Fr_buffer_cfg_00</name>
         <load_address>0xd228</load_address>
         <run_address>0xd228</run_address>
         <size>0x12</size>
         <input_file_ref idref="fl-8"/>
      </object_component>
      <object_component id="oc-246">
         <name>.econst:_Fr_tx_buffer_Frame_GG_1_1ms_cfg</name>
         <load_address>0xd23a</load_address>
         <run_address>0xd23a</run_address>
         <size>0xd</size>
         <input_file_ref idref="fl-8"/>
      </object_component>
      <object_component id="oc-247">
         <name>.econst:_Fr_tx_buffer_Frame_GG_2_1ms_cfg</name>
         <load_address>0xd247</load_address>
         <run_address>0xd247</run_address>
         <size>0xd</size>
         <input_file_ref idref="fl-8"/>
      </object_component>
      <object_component id="oc-248">
         <name>.econst:_Fr_rx_shadow_cfg</name>
         <load_address>0xd254</load_address>
         <run_address>0xd254</run_address>
         <size>0x8</size>
         <input_file_ref idref="fl-8"/>
      </object_component>
      <object_component id="oc-229">
         <name>.econst:___vtbl__16UnlockFifoBuffer</name>
         <load_address>0xd25c</load_address>
         <run_address>0xd25c</run_address>
         <size>0x8</size>
         <input_file_ref idref="fl-c"/>
      </object_component>
      <object_component id="oc-227">
         <name>.econst:___vtbl__18FrameAnalyzer_Auto</name>
         <load_address>0xd264</load_address>
         <run_address>0xd264</run_address>
         <size>0x8</size>
         <input_file_ref idref="fl-3"/>
      </object_component>
      <object_component id="oc-226">
         <name>.econst:___vtbl__23CSerialPortDataAnalyzer</name>
         <load_address>0xd26c</load_address>
         <run_address>0xd26c</run_address>
         <size>0x8</size>
         <input_file_ref idref="fl-3"/>
      </object_component>
      <object_component id="oc-243">
         <name>.econst:.string:_Fr_buffer_cfg_set_00</name>
         <load_address>0xd274</load_address>
         <run_address>0xd274</run_address>
         <size>0x4</size>
         <input_file_ref idref="fl-8"/>
      </object_component>
      <object_component id="oc-180">
         <name>.econst:.string</name>
         <load_address>0xd278</load_address>
         <run_address>0xd278</run_address>
         <size>0x2</size>
         <input_file_ref idref="fl-42"/>
      </object_component>
      <object_component id="oc-161">
         <name>.esysmem</name>
         <uninitialized>true</uninitialized>
         <run_address>0xe000</run_address>
         <size>0x1</size>
         <input_file_ref idref="fl-3c"/>
      </object_component>
      <object_component id="oc-2b1">
         <name>.esysmem</name>
         <uninitialized>true</uninitialized>
         <run_address>0xe000</run_address>
         <size>0x0</size>
      </object_component>
      <object_component id="oc-1cf">
         <name>.cio</name>
         <uninitialized>true</uninitialized>
         <run_address>0xf000</run_address>
         <size>0x120</size>
         <input_file_ref idref="fl-51"/>
      </object_component>
      <object_component id="oc-130">
         <name>.reset</name>
         <load_address>0x3fffc0</load_address>
         <run_address>0x3fffc0</run_address>
         <size>0x2</size>
         <input_file_ref idref="fl-33"/>
      </object_component>
      <object_component id="oc-8e">
         <name>.adc_cal</name>
         <load_address>0x380080</load_address>
         <run_address>0x380080</run_address>
         <size>0x7</size>
         <input_file_ref idref="fl-d"/>
      </object_component>
      <object_component id="oc-104">
         <name>PieVectTableFile</name>
         <uninitialized>true</uninitialized>
         <run_address>0xd00</run_address>
         <size>0x100</size>
         <input_file_ref idref="fl-1a"/>
      </object_component>
      <object_component id="oc-100">
         <name>DevEmuRegsFile</name>
         <uninitialized>true</uninitialized>
         <run_address>0x880</run_address>
         <size>0xd0</size>
         <input_file_ref idref="fl-1a"/>
      </object_component>
      <object_component id="oc-d6">
         <name>FlashRegsFile</name>
         <uninitialized>true</uninitialized>
         <run_address>0xa80</run_address>
         <size>0x8</size>
         <input_file_ref idref="fl-1a"/>
      </object_component>
      <object_component id="oc-de">
         <name>CsmRegsFile</name>
         <uninitialized>true</uninitialized>
         <run_address>0xae0</run_address>
         <size>0x10</size>
         <input_file_ref idref="fl-1a"/>
      </object_component>
      <object_component id="oc-df">
         <name>AdcMirrorFile</name>
         <uninitialized>true</uninitialized>
         <run_address>0xb00</run_address>
         <size>0x10</size>
         <input_file_ref idref="fl-1a"/>
      </object_component>
      <object_component id="oc-e3">
         <name>XintfRegsFile</name>
         <uninitialized>true</uninitialized>
         <run_address>0xb20</run_address>
         <size>0x1e</size>
         <input_file_ref idref="fl-1a"/>
      </object_component>
      <object_component id="oc-d7">
         <name>CpuTimer0RegsFile</name>
         <uninitialized>true</uninitialized>
         <run_address>0xc00</run_address>
         <size>0x8</size>
         <input_file_ref idref="fl-1a"/>
      </object_component>
      <object_component id="oc-d8">
         <name>CpuTimer1RegsFile</name>
         <uninitialized>true</uninitialized>
         <run_address>0xc08</run_address>
         <size>0x8</size>
         <input_file_ref idref="fl-1a"/>
      </object_component>
      <object_component id="oc-d4">
         <name>CpuTimer2RegsFile</name>
         <uninitialized>true</uninitialized>
         <run_address>0xc10</run_address>
         <size>0x8</size>
         <input_file_ref idref="fl-1a"/>
      </object_component>
      <object_component id="oc-e1">
         <name>PieCtrlRegsFile</name>
         <uninitialized>true</uninitialized>
         <run_address>0xce0</run_address>
         <size>0x1a</size>
         <input_file_ref idref="fl-1a"/>
      </object_component>
      <object_component id="oc-101">
         <name>DmaRegsFile</name>
         <uninitialized>true</uninitialized>
         <run_address>0x1000</run_address>
         <size>0xe0</size>
         <input_file_ref idref="fl-1a"/>
      </object_component>
      <object_component id="oc-f4">
         <name>McbspaRegsFile</name>
         <uninitialized>true</uninitialized>
         <run_address>0x5000</run_address>
         <size>0x25</size>
         <input_file_ref idref="fl-1a"/>
      </object_component>
      <object_component id="oc-f3">
         <name>McbspbRegsFile</name>
         <uninitialized>true</uninitialized>
         <run_address>0x5040</run_address>
         <size>0x25</size>
         <input_file_ref idref="fl-1a"/>
      </object_component>
      <object_component id="oc-f6">
         <name>ECanaRegsFile</name>
         <uninitialized>true</uninitialized>
         <run_address>0x6000</run_address>
         <size>0x34</size>
         <input_file_ref idref="fl-1a"/>
      </object_component>
      <object_component id="oc-fa">
         <name>ECanaLAMRegsFile</name>
         <uninitialized>true</uninitialized>
         <run_address>0x6040</run_address>
         <size>0x40</size>
         <input_file_ref idref="fl-1a"/>
      </object_component>
      <object_component id="oc-103">
         <name>ECanaMboxesFile</name>
         <uninitialized>true</uninitialized>
         <run_address>0x6100</run_address>
         <size>0x100</size>
         <input_file_ref idref="fl-1a"/>
      </object_component>
      <object_component id="oc-fb">
         <name>ECanaMOTSRegsFile</name>
         <uninitialized>true</uninitialized>
         <run_address>0x6080</run_address>
         <size>0x40</size>
         <input_file_ref idref="fl-1a"/>
      </object_component>
      <object_component id="oc-f8">
         <name>ECanaMOTORegsFile</name>
         <uninitialized>true</uninitialized>
         <run_address>0x60c0</run_address>
         <size>0x40</size>
         <input_file_ref idref="fl-1a"/>
      </object_component>
      <object_component id="oc-f7">
         <name>ECanbRegsFile</name>
         <uninitialized>true</uninitialized>
         <run_address>0x6200</run_address>
         <size>0x34</size>
         <input_file_ref idref="fl-1a"/>
      </object_component>
      <object_component id="oc-ff">
         <name>ECanbLAMRegsFile</name>
         <uninitialized>true</uninitialized>
         <run_address>0x6240</run_address>
         <size>0x40</size>
         <input_file_ref idref="fl-1a"/>
      </object_component>
      <object_component id="oc-102">
         <name>ECanbMboxesFile</name>
         <uninitialized>true</uninitialized>
         <run_address>0x6300</run_address>
         <size>0x100</size>
         <input_file_ref idref="fl-1a"/>
      </object_component>
      <object_component id="oc-f9">
         <name>ECanbMOTSRegsFile</name>
         <uninitialized>true</uninitialized>
         <run_address>0x6280</run_address>
         <size>0x40</size>
         <input_file_ref idref="fl-1a"/>
      </object_component>
      <object_component id="oc-fc">
         <name>ECanbMOTORegsFile</name>
         <uninitialized>true</uninitialized>
         <run_address>0x62c0</run_address>
         <size>0x40</size>
         <input_file_ref idref="fl-1a"/>
      </object_component>
      <object_component id="oc-f1">
         <name>EPwm1RegsFile</name>
         <uninitialized>true</uninitialized>
         <run_address>0x6800</run_address>
         <size>0x22</size>
         <input_file_ref idref="fl-1a"/>
      </object_component>
      <object_component id="oc-ec">
         <name>EPwm2RegsFile</name>
         <uninitialized>true</uninitialized>
         <run_address>0x6840</run_address>
         <size>0x22</size>
         <input_file_ref idref="fl-1a"/>
      </object_component>
      <object_component id="oc-ed">
         <name>EPwm3RegsFile</name>
         <uninitialized>true</uninitialized>
         <run_address>0x6880</run_address>
         <size>0x22</size>
         <input_file_ref idref="fl-1a"/>
      </object_component>
      <object_component id="oc-f2">
         <name>EPwm4RegsFile</name>
         <uninitialized>true</uninitialized>
         <run_address>0x68c0</run_address>
         <size>0x22</size>
         <input_file_ref idref="fl-1a"/>
      </object_component>
      <object_component id="oc-ef">
         <name>EPwm5RegsFile</name>
         <uninitialized>true</uninitialized>
         <run_address>0x6900</run_address>
         <size>0x22</size>
         <input_file_ref idref="fl-1a"/>
      </object_component>
      <object_component id="oc-f0">
         <name>EPwm6RegsFile</name>
         <uninitialized>true</uninitialized>
         <run_address>0x6940</run_address>
         <size>0x22</size>
         <input_file_ref idref="fl-1a"/>
      </object_component>
      <object_component id="oc-e6">
         <name>ECap1RegsFile</name>
         <uninitialized>true</uninitialized>
         <run_address>0x6a00</run_address>
         <size>0x20</size>
         <input_file_ref idref="fl-1a"/>
      </object_component>
      <object_component id="oc-e7">
         <name>ECap2RegsFile</name>
         <uninitialized>true</uninitialized>
         <run_address>0x6a20</run_address>
         <size>0x20</size>
         <input_file_ref idref="fl-1a"/>
      </object_component>
      <object_component id="oc-e4">
         <name>ECap3RegsFile</name>
         <uninitialized>true</uninitialized>
         <run_address>0x6a40</run_address>
         <size>0x20</size>
         <input_file_ref idref="fl-1a"/>
      </object_component>
      <object_component id="oc-e5">
         <name>ECap4RegsFile</name>
         <uninitialized>true</uninitialized>
         <run_address>0x6a60</run_address>
         <size>0x20</size>
         <input_file_ref idref="fl-1a"/>
      </object_component>
      <object_component id="oc-ea">
         <name>ECap5RegsFile</name>
         <uninitialized>true</uninitialized>
         <run_address>0x6a80</run_address>
         <size>0x20</size>
         <input_file_ref idref="fl-1a"/>
      </object_component>
      <object_component id="oc-eb">
         <name>ECap6RegsFile</name>
         <uninitialized>true</uninitialized>
         <run_address>0x6aa0</run_address>
         <size>0x20</size>
         <input_file_ref idref="fl-1a"/>
      </object_component>
      <object_component id="oc-fd">
         <name>EQep1RegsFile</name>
         <uninitialized>true</uninitialized>
         <run_address>0x6b00</run_address>
         <size>0x40</size>
         <input_file_ref idref="fl-1a"/>
      </object_component>
      <object_component id="oc-fe">
         <name>EQep2RegsFile</name>
         <uninitialized>true</uninitialized>
         <run_address>0x6b40</run_address>
         <size>0x40</size>
         <input_file_ref idref="fl-1a"/>
      </object_component>
      <object_component id="oc-f5">
         <name>GpioCtrlRegsFile</name>
         <uninitialized>true</uninitialized>
         <run_address>0x6f80</run_address>
         <size>0x2e</size>
         <input_file_ref idref="fl-1a"/>
      </object_component>
      <object_component id="oc-e8">
         <name>GpioDataRegsFile</name>
         <uninitialized>true</uninitialized>
         <run_address>0x6fc0</run_address>
         <size>0x20</size>
         <input_file_ref idref="fl-1a"/>
      </object_component>
      <object_component id="oc-d9">
         <name>GpioIntRegsFile</name>
         <uninitialized>true</uninitialized>
         <run_address>0x6fe0</run_address>
         <size>0xa</size>
         <input_file_ref idref="fl-1a"/>
      </object_component>
      <object_component id="oc-e9">
         <name>SysCtrlRegsFile</name>
         <uninitialized>true</uninitialized>
         <run_address>0x7010</run_address>
         <size>0x20</size>
         <input_file_ref idref="fl-1a"/>
      </object_component>
      <object_component id="oc-da">
         <name>SpiaRegsFile</name>
         <uninitialized>true</uninitialized>
         <run_address>0x7040</run_address>
         <size>0x10</size>
         <input_file_ref idref="fl-1a"/>
      </object_component>
      <object_component id="oc-dd">
         <name>SciaRegsFile</name>
         <uninitialized>true</uninitialized>
         <run_address>0x7050</run_address>
         <size>0x10</size>
         <input_file_ref idref="fl-1a"/>
      </object_component>
      <object_component id="oc-e0">
         <name>XIntruptRegsFile</name>
         <uninitialized>true</uninitialized>
         <run_address>0x7070</run_address>
         <size>0x10</size>
         <input_file_ref idref="fl-1a"/>
      </object_component>
      <object_component id="oc-e2">
         <name>AdcRegsFile</name>
         <uninitialized>true</uninitialized>
         <run_address>0x7100</run_address>
         <size>0x1e</size>
         <input_file_ref idref="fl-1a"/>
      </object_component>
      <object_component id="oc-db">
         <name>ScibRegsFile</name>
         <uninitialized>true</uninitialized>
         <run_address>0x7750</run_address>
         <size>0x10</size>
         <input_file_ref idref="fl-1a"/>
      </object_component>
      <object_component id="oc-dc">
         <name>ScicRegsFile</name>
         <uninitialized>true</uninitialized>
         <run_address>0x7770</run_address>
         <size>0x10</size>
         <input_file_ref idref="fl-1a"/>
      </object_component>
      <object_component id="oc-ee">
         <name>I2caRegsFile</name>
         <uninitialized>true</uninitialized>
         <run_address>0x7900</run_address>
         <size>0x22</size>
         <input_file_ref idref="fl-1a"/>
      </object_component>
      <object_component id="oc-d5">
         <name>CsmPwlFile</name>
         <uninitialized>true</uninitialized>
         <run_address>0x33fff8</run_address>
         <size>0x8</size>
         <input_file_ref idref="fl-1a"/>
      </object_component>
      <object_component id="oc-d3">
         <name>PartIdRegsFile</name>
         <uninitialized>true</uninitialized>
         <run_address>0x380090</run_address>
         <size>0x1</size>
         <input_file_ref idref="fl-1a"/>
      </object_component>
      <object_component id="oc-4e">
         <name>.debug_info</name>
         <load_address>0x0</load_address>
         <run_address>0x0</run_address>
         <size>0xf217</size>
         <input_file_ref idref="fl-2"/>
      </object_component>
      <object_component id="oc-57">
         <name>.debug_info</name>
         <load_address>0xf217</load_address>
         <run_address>0xf217</run_address>
         <size>0x2836</size>
         <input_file_ref idref="fl-3"/>
      </object_component>
      <object_component id="oc-5c">
         <name>.debug_info</name>
         <load_address>0x11a4d</load_address>
         <run_address>0x11a4d</run_address>
         <size>0x606b</size>
         <input_file_ref idref="fl-4"/>
      </object_component>
      <object_component id="oc-61">
         <name>.debug_info</name>
         <load_address>0x17ab8</load_address>
         <run_address>0x17ab8</run_address>
         <size>0xa21</size>
         <input_file_ref idref="fl-5"/>
      </object_component>
      <object_component id="oc-68">
         <name>.debug_info</name>
         <load_address>0x184d9</load_address>
         <run_address>0x184d9</run_address>
         <size>0x1f13</size>
         <input_file_ref idref="fl-6"/>
      </object_component>
      <object_component id="oc-6f">
         <name>.debug_info</name>
         <load_address>0x1a3ec</load_address>
         <run_address>0x1a3ec</run_address>
         <size>0x4c92</size>
         <input_file_ref idref="fl-7"/>
      </object_component>
      <object_component id="oc-75">
         <name>.debug_info</name>
         <load_address>0x1f07e</load_address>
         <run_address>0x1f07e</run_address>
         <size>0x1b35</size>
         <input_file_ref idref="fl-8"/>
      </object_component>
      <object_component id="oc-77">
         <name>.debug_info</name>
         <load_address>0x20bb3</load_address>
         <run_address>0x20bb3</run_address>
         <size>0x20e0</size>
         <input_file_ref idref="fl-9"/>
      </object_component>
      <object_component id="oc-7d">
         <name>.debug_info</name>
         <load_address>0x22c93</load_address>
         <run_address>0x22c93</run_address>
         <size>0x1f9b</size>
         <input_file_ref idref="fl-a"/>
      </object_component>
      <object_component id="oc-84">
         <name>.debug_info</name>
         <load_address>0x24c2e</load_address>
         <run_address>0x24c2e</run_address>
         <size>0x2909</size>
         <input_file_ref idref="fl-b"/>
      </object_component>
      <object_component id="oc-89">
         <name>.debug_info</name>
         <load_address>0x27537</load_address>
         <run_address>0x27537</run_address>
         <size>0x1299</size>
         <input_file_ref idref="fl-c"/>
      </object_component>
      <object_component id="oc-8f">
         <name>.debug_info</name>
         <load_address>0x287d0</load_address>
         <run_address>0x287d0</run_address>
         <size>0x17d</size>
         <input_file_ref idref="fl-d"/>
      </object_component>
      <object_component id="oc-95">
         <name>.debug_info</name>
         <load_address>0x2894d</load_address>
         <run_address>0x2894d</run_address>
         <size>0x1f8</size>
         <input_file_ref idref="fl-e"/>
      </object_component>
      <object_component id="oc-99">
         <name>.debug_info</name>
         <load_address>0x28b45</load_address>
         <run_address>0x28b45</run_address>
         <size>0xae4</size>
         <input_file_ref idref="fl-f"/>
      </object_component>
      <object_component id="oc-9f">
         <name>.debug_info</name>
         <load_address>0x29629</load_address>
         <run_address>0x29629</run_address>
         <size>0x177f</size>
         <input_file_ref idref="fl-10"/>
      </object_component>
      <object_component id="oc-a4">
         <name>.debug_info</name>
         <load_address>0x2ada8</load_address>
         <run_address>0x2ada8</run_address>
         <size>0x492b</size>
         <input_file_ref idref="fl-11"/>
      </object_component>
      <object_component id="oc-aa">
         <name>.debug_info</name>
         <load_address>0x2f6d3</load_address>
         <run_address>0x2f6d3</run_address>
         <size>0x63a5</size>
         <input_file_ref idref="fl-12"/>
      </object_component>
      <object_component id="oc-af">
         <name>.debug_info</name>
         <load_address>0x35a78</load_address>
         <run_address>0x35a78</run_address>
         <size>0x1bf4</size>
         <input_file_ref idref="fl-13"/>
      </object_component>
      <object_component id="oc-b4">
         <name>.debug_info</name>
         <load_address>0x3766c</load_address>
         <run_address>0x3766c</run_address>
         <size>0x3bf</size>
         <input_file_ref idref="fl-14"/>
      </object_component>
      <object_component id="oc-b9">
         <name>.debug_info</name>
         <load_address>0x37a2b</load_address>
         <run_address>0x37a2b</run_address>
         <size>0xca0</size>
         <input_file_ref idref="fl-15"/>
      </object_component>
      <object_component id="oc-be">
         <name>.debug_info</name>
         <load_address>0x386cb</load_address>
         <run_address>0x386cb</run_address>
         <size>0x23a6</size>
         <input_file_ref idref="fl-16"/>
      </object_component>
      <object_component id="oc-c3">
         <name>.debug_info</name>
         <load_address>0x3aa71</load_address>
         <run_address>0x3aa71</run_address>
         <size>0x1bf3</size>
         <input_file_ref idref="fl-17"/>
      </object_component>
      <object_component id="oc-c8">
         <name>.debug_info</name>
         <load_address>0x3c664</load_address>
         <run_address>0x3c664</run_address>
         <size>0x23c9</size>
         <input_file_ref idref="fl-18"/>
      </object_component>
      <object_component id="oc-ce">
         <name>.debug_info</name>
         <load_address>0x3ea2d</load_address>
         <run_address>0x3ea2d</run_address>
         <size>0x17e</size>
         <input_file_ref idref="fl-19"/>
      </object_component>
      <object_component id="oc-d2">
         <name>.debug_info</name>
         <load_address>0x3ebab</load_address>
         <run_address>0x3ebab</run_address>
         <size>0x1346c</size>
         <input_file_ref idref="fl-1a"/>
      </object_component>
      <object_component id="oc-106">
         <name>.debug_info</name>
         <load_address>0x52017</load_address>
         <run_address>0x52017</run_address>
         <size>0x42b</size>
         <input_file_ref idref="fl-2b"/>
      </object_component>
      <object_component id="oc-10b">
         <name>.debug_info</name>
         <load_address>0x52442</load_address>
         <run_address>0x52442</run_address>
         <size>0x43c</size>
         <input_file_ref idref="fl-2c"/>
      </object_component>
      <object_component id="oc-110">
         <name>.debug_info</name>
         <load_address>0x5287e</load_address>
         <run_address>0x5287e</run_address>
         <size>0x41a</size>
         <input_file_ref idref="fl-2d"/>
      </object_component>
      <object_component id="oc-115">
         <name>.debug_info</name>
         <load_address>0x52c98</load_address>
         <run_address>0x52c98</run_address>
         <size>0xf8f</size>
         <input_file_ref idref="fl-2e"/>
      </object_component>
      <object_component id="oc-11c">
         <name>.debug_info</name>
         <load_address>0x53c27</load_address>
         <run_address>0x53c27</run_address>
         <size>0x5b5</size>
         <input_file_ref idref="fl-2f"/>
      </object_component>
      <object_component id="oc-121">
         <name>.debug_info</name>
         <load_address>0x541dc</load_address>
         <run_address>0x541dc</run_address>
         <size>0x4d4</size>
         <input_file_ref idref="fl-30"/>
      </object_component>
      <object_component id="oc-126">
         <name>.debug_info</name>
         <load_address>0x546b0</load_address>
         <run_address>0x546b0</run_address>
         <size>0x3f2</size>
         <input_file_ref idref="fl-31"/>
      </object_component>
      <object_component id="oc-12b">
         <name>.debug_info</name>
         <load_address>0x54aa2</load_address>
         <run_address>0x54aa2</run_address>
         <size>0x1e3</size>
         <input_file_ref idref="fl-32"/>
      </object_component>
      <object_component id="oc-131">
         <name>.debug_info</name>
         <load_address>0x54c85</load_address>
         <run_address>0x54c85</run_address>
         <size>0x16b</size>
         <input_file_ref idref="fl-33"/>
      </object_component>
      <object_component id="oc-136">
         <name>.debug_info</name>
         <load_address>0x54df0</load_address>
         <run_address>0x54df0</run_address>
         <size>0x15a</size>
         <input_file_ref idref="fl-34"/>
      </object_component>
      <object_component id="oc-13b">
         <name>.debug_info</name>
         <load_address>0x54f4a</load_address>
         <run_address>0x54f4a</run_address>
         <size>0x10c</size>
         <input_file_ref idref="fl-35"/>
      </object_component>
      <object_component id="oc-140">
         <name>.debug_info</name>
         <load_address>0x55056</load_address>
         <run_address>0x55056</run_address>
         <size>0x19a</size>
         <input_file_ref idref="fl-36"/>
      </object_component>
      <object_component id="oc-144">
         <name>.debug_info</name>
         <load_address>0x551f0</load_address>
         <run_address>0x551f0</run_address>
         <size>0x5d5</size>
         <input_file_ref idref="fl-37"/>
      </object_component>
      <object_component id="oc-149">
         <name>.debug_info</name>
         <load_address>0x557c5</load_address>
         <run_address>0x557c5</run_address>
         <size>0x46f</size>
         <input_file_ref idref="fl-38"/>
      </object_component>
      <object_component id="oc-14e">
         <name>.debug_info</name>
         <load_address>0x55c34</load_address>
         <run_address>0x55c34</run_address>
         <size>0x3e2</size>
         <input_file_ref idref="fl-39"/>
      </object_component>
      <object_component id="oc-153">
         <name>.debug_info</name>
         <load_address>0x56016</load_address>
         <run_address>0x56016</run_address>
         <size>0x3df</size>
         <input_file_ref idref="fl-3a"/>
      </object_component>
      <object_component id="oc-158">
         <name>.debug_info</name>
         <load_address>0x563f5</load_address>
         <run_address>0x563f5</run_address>
         <size>0x5ab</size>
         <input_file_ref idref="fl-3b"/>
      </object_component>
      <object_component id="oc-15f">
         <name>.debug_info</name>
         <load_address>0x569a0</load_address>
         <run_address>0x569a0</run_address>
         <size>0xb33</size>
         <input_file_ref idref="fl-3c"/>
      </object_component>
      <object_component id="oc-167">
         <name>.debug_info</name>
         <load_address>0x574d3</load_address>
         <run_address>0x574d3</run_address>
         <size>0x501</size>
         <input_file_ref idref="fl-3d"/>
      </object_component>
      <object_component id="oc-16c">
         <name>.debug_info</name>
         <load_address>0x579d4</load_address>
         <run_address>0x579d4</run_address>
         <size>0x4ce</size>
         <input_file_ref idref="fl-3e"/>
      </object_component>
      <object_component id="oc-171">
         <name>.debug_info</name>
         <load_address>0x57ea2</load_address>
         <run_address>0x57ea2</run_address>
         <size>0x545</size>
         <input_file_ref idref="fl-3f"/>
      </object_component>
      <object_component id="oc-176">
         <name>.debug_info</name>
         <load_address>0x583e7</load_address>
         <run_address>0x583e7</run_address>
         <size>0x2cf</size>
         <input_file_ref idref="fl-40"/>
      </object_component>
      <object_component id="oc-17a">
         <name>.debug_info</name>
         <load_address>0x586b6</load_address>
         <run_address>0x586b6</run_address>
         <size>0x658</size>
         <input_file_ref idref="fl-41"/>
      </object_component>
      <object_component id="oc-17f">
         <name>.debug_info</name>
         <load_address>0x58d0e</load_address>
         <run_address>0x58d0e</run_address>
         <size>0x874</size>
         <input_file_ref idref="fl-42"/>
      </object_component>
      <object_component id="oc-185">
         <name>.debug_info</name>
         <load_address>0x59582</load_address>
         <run_address>0x59582</run_address>
         <size>0x4fb</size>
         <input_file_ref idref="fl-43"/>
      </object_component>
      <object_component id="oc-18a">
         <name>.debug_info</name>
         <load_address>0x59a7d</load_address>
         <run_address>0x59a7d</run_address>
         <size>0x4cf</size>
         <input_file_ref idref="fl-44"/>
      </object_component>
      <object_component id="oc-18f">
         <name>.debug_info</name>
         <load_address>0x59f4c</load_address>
         <run_address>0x59f4c</run_address>
         <size>0x7e0</size>
         <input_file_ref idref="fl-45"/>
      </object_component>
      <object_component id="oc-196">
         <name>.debug_info</name>
         <load_address>0x5a72c</load_address>
         <run_address>0x5a72c</run_address>
         <size>0x5ed</size>
         <input_file_ref idref="fl-46"/>
      </object_component>
      <object_component id="oc-19b">
         <name>.debug_info</name>
         <load_address>0x5ad19</load_address>
         <run_address>0x5ad19</run_address>
         <size>0x5c3</size>
         <input_file_ref idref="fl-47"/>
      </object_component>
      <object_component id="oc-1a0">
         <name>.debug_info</name>
         <load_address>0x5b2dc</load_address>
         <run_address>0x5b2dc</run_address>
         <size>0x685</size>
         <input_file_ref idref="fl-48"/>
      </object_component>
      <object_component id="oc-1a5">
         <name>.debug_info</name>
         <load_address>0x5b961</load_address>
         <run_address>0x5b961</run_address>
         <size>0x636</size>
         <input_file_ref idref="fl-49"/>
      </object_component>
      <object_component id="oc-1aa">
         <name>.debug_info</name>
         <load_address>0x5bf97</load_address>
         <run_address>0x5bf97</run_address>
         <size>0x563</size>
         <input_file_ref idref="fl-4a"/>
      </object_component>
      <object_component id="oc-1af">
         <name>.debug_info</name>
         <load_address>0x5c4fa</load_address>
         <run_address>0x5c4fa</run_address>
         <size>0x5bb</size>
         <input_file_ref idref="fl-4b"/>
      </object_component>
      <object_component id="oc-1b4">
         <name>.debug_info</name>
         <load_address>0x5cab5</load_address>
         <run_address>0x5cab5</run_address>
         <size>0x600</size>
         <input_file_ref idref="fl-4c"/>
      </object_component>
      <object_component id="oc-1ba">
         <name>.debug_info</name>
         <load_address>0x5d0b5</load_address>
         <run_address>0x5d0b5</run_address>
         <size>0x596</size>
         <input_file_ref idref="fl-4d"/>
      </object_component>
      <object_component id="oc-1bf">
         <name>.debug_info</name>
         <load_address>0x5d64b</load_address>
         <run_address>0x5d64b</run_address>
         <size>0x679</size>
         <input_file_ref idref="fl-4e"/>
      </object_component>
      <object_component id="oc-1c4">
         <name>.debug_info</name>
         <load_address>0x5dcc4</load_address>
         <run_address>0x5dcc4</run_address>
         <size>0x5b9</size>
         <input_file_ref idref="fl-4f"/>
      </object_component>
      <object_component id="oc-1c9">
         <name>.debug_info</name>
         <load_address>0x5e27d</load_address>
         <run_address>0x5e27d</run_address>
         <size>0x5b5</size>
         <input_file_ref idref="fl-50"/>
      </object_component>
      <object_component id="oc-1ce">
         <name>.debug_info</name>
         <load_address>0x5e832</load_address>
         <run_address>0x5e832</run_address>
         <size>0x5c5</size>
         <input_file_ref idref="fl-51"/>
      </object_component>
      <object_component id="oc-1d4">
         <name>.debug_info</name>
         <load_address>0x5edf7</load_address>
         <run_address>0x5edf7</run_address>
         <size>0x8fe</size>
         <input_file_ref idref="fl-52"/>
      </object_component>
      <object_component id="oc-1db">
         <name>.debug_info</name>
         <load_address>0x5f6f5</load_address>
         <run_address>0x5f6f5</run_address>
         <size>0x786</size>
         <input_file_ref idref="fl-53"/>
      </object_component>
      <object_component id="oc-1e2">
         <name>.debug_info</name>
         <load_address>0x5fe7b</load_address>
         <run_address>0x5fe7b</run_address>
         <size>0x509</size>
         <input_file_ref idref="fl-54"/>
      </object_component>
      <object_component id="oc-1e7">
         <name>.debug_info</name>
         <load_address>0x60384</load_address>
         <run_address>0x60384</run_address>
         <size>0x6ec</size>
         <input_file_ref idref="fl-55"/>
      </object_component>
      <object_component id="oc-1ec">
         <name>.debug_info</name>
         <load_address>0x60a70</load_address>
         <run_address>0x60a70</run_address>
         <size>0x7d4</size>
         <input_file_ref idref="fl-56"/>
      </object_component>
      <object_component id="oc-1f1">
         <name>.debug_info</name>
         <load_address>0x61244</load_address>
         <run_address>0x61244</run_address>
         <size>0x41a</size>
         <input_file_ref idref="fl-57"/>
      </object_component>
      <object_component id="oc-1f6">
         <name>.debug_info</name>
         <load_address>0x6165e</load_address>
         <run_address>0x6165e</run_address>
         <size>0x516</size>
         <input_file_ref idref="fl-58"/>
      </object_component>
      <object_component id="oc-1fb">
         <name>.debug_info</name>
         <load_address>0x61b74</load_address>
         <run_address>0x61b74</run_address>
         <size>0x506</size>
         <input_file_ref idref="fl-59"/>
      </object_component>
      <object_component id="oc-200">
         <name>.debug_info</name>
         <load_address>0x6207a</load_address>
         <run_address>0x6207a</run_address>
         <size>0x533</size>
         <input_file_ref idref="fl-5a"/>
      </object_component>
      <object_component id="oc-205">
         <name>.debug_info</name>
         <load_address>0x625ad</load_address>
         <run_address>0x625ad</run_address>
         <size>0x66f</size>
         <input_file_ref idref="fl-5b"/>
      </object_component>
      <object_component id="oc-20a">
         <name>.debug_info</name>
         <load_address>0x62c1c</load_address>
         <run_address>0x62c1c</run_address>
         <size>0x692</size>
         <input_file_ref idref="fl-5c"/>
      </object_component>
      <object_component id="oc-2b2">
         <name>.debug_info</name>
         <load_address>0x632ae</load_address>
         <run_address>0x632ae</run_address>
         <size>0xb2</size>
      </object_component>
      <object_component id="oc-53">
         <name>.debug_frame</name>
[...]
      <symbol id="sm-54d">
         <name>_McbspbRegs</name>
         <value>0x5040</value>
         <object_component_ref idref="oc-f3"/>
      </symbol>
      <symbol id="sm-54e">
         <name>_EPwm6Regs</name>
         <value>0x6940</value>
         <object_component_ref idref="oc-f0"/>
      </symbol>
      <symbol id="sm-54f">
         <name>_SciaRegs</name>
         <value>0x7050</value>
         <object_component_ref idref="oc-dd"/>
      </symbol>
      <symbol id="sm-550">
         <name>_GpioDataRegs</name>
         <value>0x6fc0</value>
         <object_component_ref idref="oc-e8"/>
      </symbol>
      <symbol id="sm-551">
         <name>_CsmPwl</name>
         <value>0x33fff8</value>
         <object_component_ref idref="oc-d5"/>
      </symbol>
      <symbol id="sm-552">
         <name>_AdcRegs</name>
         <value>0x7100</value>
         <object_component_ref idref="oc-e2"/>
      </symbol>
      <symbol id="sm-553">
         <name>_XIntruptRegs</name>
         <value>0x7070</value>
         <object_component_ref idref="oc-e0"/>
      </symbol>
      <symbol id="sm-554">
         <name>_CpuTimer2Regs</name>
         <value>0xc10</value>
         <object_component_ref idref="oc-d4"/>
      </symbol>
      <symbol id="sm-555">
         <name>_PieCtrlRegs</name>
         <value>0xce0</value>
         <object_component_ref idref="oc-e1"/>
      </symbol>
      <symbol id="sm-556">
         <name>_ECanbMOTSRegs</name>
         <value>0x6280</value>
         <object_component_ref idref="oc-f9"/>
      </symbol>
      <symbol id="sm-557">
         <name>_ECanaRegs</name>
         <value>0x6000</value>
         <object_component_ref idref="oc-f6"/>
      </symbol>
      <symbol id="sm-558">
         <name>_AdcMirror</name>
         <value>0xb00</value>
         <object_component_ref idref="oc-df"/>
      </symbol>
      <symbol id="sm-559">
         <name>_ECanbMboxes</name>
         <value>0x6300</value>
         <object_component_ref idref="oc-102"/>
      </symbol>
      <symbol id="sm-55a">
         <name>_XintfRegs</name>
         <value>0xb20</value>
         <object_component_ref idref="oc-e3"/>
      </symbol>
      <symbol id="sm-55b">
         <name>_ScicRegs</name>
         <value>0x7770</value>
         <object_component_ref idref="oc-dc"/>
      </symbol>
      <symbol id="sm-55c">
         <name>_ECap1Regs</name>
         <value>0x6a00</value>
         <object_component_ref idref="oc-e6"/>
      </symbol>
      <symbol id="sm-55d">
         <name>_EQep1Regs</name>
         <value>0x6b00</value>
         <object_component_ref idref="oc-fd"/>
      </symbol>
      <symbol id="sm-55e">
         <name>_McbspaRegs</name>
         <value>0x5000</value>
         <object_component_ref idref="oc-f4"/>
      </symbol>
      <symbol id="sm-55f">
         <name>_EPwm1Regs</name>
         <value>0x6800</value>
         <object_component_ref idref="oc-f1"/>
      </symbol>
      <symbol id="sm-560">
         <name>_ECanbRegs</name>
         <value>0x6200</value>
         <object_component_ref idref="oc-f7"/>
      </symbol>
      <symbol id="sm-561">
         <name>_ScibRegs</name>
         <value>0x7750</value>
         <object_component_ref idref="oc-db"/>
      </symbol>
      <symbol id="sm-562">
         <name>_ECap2Regs</name>
         <value>0x6a20</value>
         <object_component_ref idref="oc-e7"/>
      </symbol>
      <symbol id="sm-563">
         <name>_GpioIntRegs</name>
         <value>0x6fe0</value>
         <object_component_ref idref="oc-d9"/>
      </symbol>
      <symbol id="sm-564">
         <name>_EQep2Regs</name>
         <value>0x6b40</value>
         <object_component_ref idref="oc-fe"/>
      </symbol>
      <symbol id="sm-565">
         <name>_PartIdRegs</name>
         <value>0x380090</value>
         <object_component_ref idref="oc-d3"/>
      </symbol>
      <symbol id="sm-566">
         <name>_EPwm2Regs</name>
         <value>0x6840</value>
         <object_component_ref idref="oc-ec"/>
      </symbol>
      <symbol id="sm-567">
         <name>_ECanaMboxes</name>
         <value>0x6100</value>
         <object_component_ref idref="oc-103"/>
      </symbol>
      <symbol id="sm-568">
         <name>_ECap3Regs</name>
         <value>0x6a40</value>
         <object_component_ref idref="oc-e4"/>
      </symbol>
      <symbol id="sm-569">
         <name>_ECanaMOTORegs</name>
         <value>0x60c0</value>
         <object_component_ref idref="oc-f8"/>
      </symbol>
      <symbol id="sm-56a">
         <name>_EPwm3Regs</name>
         <value>0x6880</value>
         <object_component_ref idref="oc-ed"/>
      </symbol>
      <symbol id="sm-56b">
         <name>_ECanbLAMRegs</name>
         <value>0x6240</value>
         <object_component_ref idref="oc-ff"/>
      </symbol>
      <symbol id="sm-56c">
         <name>_I2caRegs</name>
         <value>0x7900</value>
         <object_component_ref idref="oc-ee"/>
      </symbol>
      <symbol id="sm-578">
         <name>___dla__FPv</name>
         <value>0xbe28</value>
         <object_component_ref idref="oc-228"/>
      </symbol>
      <symbol id="sm-584">
         <name>___nwa__FUl</name>
         <value>0xbe2b</value>
         <object_component_ref idref="oc-22a"/>
      </symbol>
      <symbol id="sm-591">
         <name>___dl__FPv</name>
         <value>0xbe1e</value>
         <object_component_ref idref="oc-224"/>
      </symbol>
      <symbol id="sm-5ae">
         <name>___process_needed_destructions__Fv</name>
         <value>0xb7fd</value>
         <object_component_ref idref="oc-219"/>
      </symbol>
      <symbol id="sm-5af">
         <name>___already_marked_for_destruction</name>
         <value>0xb7d3</value>
         <object_component_ref idref="oc-219"/>
      </symbol>
      <symbol id="sm-5b0">
         <name>___dummy_variable_used_to_force_definition_of__link</name>
         <value>0xc182</value>
         <object_component_ref idref="oc-117"/>
      </symbol>
      <symbol id="sm-5b1">
         <name>___record_needed_destruction</name>
         <value>0xb805</value>
         <object_component_ref idref="oc-219"/>
      </symbol>
      <symbol id="sm-5b2">
         <name>___CPR78____record_destruction_on_list__FPP20a_needed_destructionPJ33J</name>
         <value>0xb7d7</value>
         <object_component_ref idref="oc-219"/>
      </symbol>
      <symbol id="sm-5b3">
         <name>___std__needed_destruction_list</name>
         <value>0xb7fd</value>
         <object_component_ref idref="oc-219"/>
      </symbol>
      <symbol id="sm-5b4">
         <name>_atexit</name>
         <value>0xb81b</value>
         <object_component_ref idref="oc-219"/>
      </symbol>
      <symbol id="sm-5b5">
         <name>___process_destruction_list__FPP20a_needed_destruction</name>
         <value>0xb7e9</value>
         <object_component_ref idref="oc-219"/>
      </symbol>
      <symbol id="sm-5b6">
         <name>___add_dtor</name>
         <value>0xb805</value>
         <object_component_ref idref="oc-219"/>
      </symbol>
      <symbol id="sm-5b7">
         <name>___atexit_func_id__</name>
         <value>0xc180</value>
         <object_component_ref idref="oc-117"/>
      </symbol>
      <symbol id="sm-5c3">
         <name>___abort_execution</name>
         <value>0xbe2e</value>
         <object_component_ref idref="oc-235"/>
      </symbol>
      <symbol id="sm-5d3">
         <name>___nw__FUl</name>
         <value>0xbcda</value>
         <object_component_ref idref="oc-225"/>
      </symbol>
      <symbol id="sm-5df">
         <name>___default_new_handler__Fv</name>
         <value>0xbe36</value>
         <object_component_ref idref="oc-23d"/>
      </symbol>
      <symbol id="sm-5e9">
         <name>__new_handler</name>
         <value>0xc4ec</value>
         <object_component_ref idref="oc-12d"/>
      </symbol>
      <symbol id="sm-604">
         <name>_c_int00</name>
         <value>0xb9c3</value>
         <object_component_ref idref="oc-4d"/>
      </symbol>
      <symbol id="sm-605">
         <name>__stack</name>
         <value>0x400</value>
         <object_component_ref idref="oc-12f"/>
      </symbol>
      <symbol id="sm-611">
         <name>_epilog_c28x_1</name>
         <value>0xbde3</value>
         <object_component_ref idref="oc-135"/>
      </symbol>
      <symbol id="sm-612">
         <name>_epilog_c28x_2</name>
         <value>0xbde7</value>
         <object_component_ref idref="oc-135"/>
      </symbol>
      <symbol id="sm-623">
         <name>FS$$DIV</name>
         <value>0xb667</value>
         <object_component_ref idref="oc-13a"/>
      </symbol>
      <symbol id="sm-62f">
         <name>_prolog_c28x_1</name>
         <value>0xbd4f</value>
         <object_component_ref idref="oc-13f"/>
      </symbol>
      <symbol id="sm-630">
         <name>_prolog_c28x_2</name>
         <value>0xbd53</value>
         <object_component_ref idref="oc-13f"/>
      </symbol>
      <symbol id="sm-631">
         <name>_prolog_c28x_3</name>
         <value>0xbd5b</value>
         <object_component_ref idref="oc-13f"/>
      </symbol>
      <symbol id="sm-640">
         <name>_copy_in</name>
         <value>0xbc92</value>
         <object_component_ref idref="oc-210"/>
      </symbol>
      <symbol id="sm-651">
         <name>_memcpy</name>
         <value>0xbcfa</value>
         <object_component_ref idref="oc-221"/>
      </symbol>
      <symbol id="sm-65d">
         <name>__system_pre_init</name>
         <value>0xbe34</value>
         <object_component_ref idref="oc-20f"/>
      </symbol>
      <symbol id="sm-66a">
         <name>__system_post_cinit</name>
         <value>0xbe37</value>
         <object_component_ref idref="oc-211"/>
      </symbol>
      <symbol id="sm-67e">
         <name>C$$EXIT</name>
         <value>0xbc18</value>
         <object_component_ref idref="oc-213"/>
      </symbol>
      <symbol id="sm-67f">
         <name>_exit</name>
         <value>0xbc1a</value>
         <object_component_ref idref="oc-213"/>
      </symbol>
      <symbol id="sm-680">
         <name>___TI_cleanup_ptr</name>
         <value>0xc17c</value>
         <object_component_ref idref="oc-15a"/>
      </symbol>
      <symbol id="sm-681">
         <name>___TI_enable_exit_profile_output</name>
         <value>0xc17a</value>
         <object_component_ref idref="oc-15a"/>
      </symbol>
      <symbol id="sm-682">
         <name>_abort</name>
         <value>0xbc18</value>
         <object_component_ref idref="oc-213"/>
      </symbol>
      <symbol id="sm-683">
         <name>___TI_dtors_ptr</name>
         <value>0xc17e</value>
         <object_component_ref idref="oc-15a"/>
      </symbol>
      <symbol id="sm-6ca">
         <name>__sys_memory</name>
         <value>0xe000</value>
         <object_component_ref idref="oc-161"/>
      </symbol>
      <symbol id="sm-6cb">
         <name>_chkheap</name>
         <value>0xa961</value>
         <object_component_ref idref="oc-23c"/>
      </symbol>
      <symbol id="sm-6cc">
         <name>_realloc</name>
         <value>0xa86f</value>
         <object_component_ref idref="oc-23c"/>
      </symbol>
      <symbol id="sm-6cd">
         <name>_free_memory</name>
         <value>0xa943</value>
         <object_component_ref idref="oc-23c"/>
      </symbol>
      <symbol id="sm-6ce">
         <name>_max_free</name>
         <value>0xa921</value>
         <object_component_ref idref="oc-23c"/>
      </symbol>
      <symbol id="sm-6cf">
         <name>_free</name>
         <value>0xa7a8</value>
         <object_component_ref idref="oc-23c"/>
      </symbol>
      <symbol id="sm-6d0">
         <name>_calloc</name>
         <value>0xa963</value>
         <object_component_ref idref="oc-23c"/>
      </symbol>
      <symbol id="sm-6d1">
         <name>_malloc</name>
         <value>0xa811</value>
         <object_component_ref idref="oc-23c"/>
      </symbol>
      <symbol id="sm-6d2">
         <name>_minit</name>
         <value>0xa7ec</value>
         <object_component_ref idref="oc-23c"/>
      </symbol>
      <symbol id="sm-6e6">
         <name>__unlock</name>
         <value>0xc4ea</value>
         <object_component_ref idref="oc-236"/>
      </symbol>
      <symbol id="sm-6e7">
         <name>__lock</name>
         <value>0xc4e8</value>
         <object_component_ref idref="oc-222"/>
      </symbol>
      <symbol id="sm-6e8">
         <name>__register_lock</name>
         <value>0xbe09</value>
         <object_component_ref idref="oc-23b"/>
      </symbol>
      <symbol id="sm-6e9">
         <name>__nop</name>
         <value>0xbe0d</value>
         <object_component_ref idref="oc-23b"/>
      </symbol>
      <symbol id="sm-6ea">
         <name>__register_unlock</name>
         <value>0xbe05</value>
         <object_component_ref idref="oc-23b"/>
      </symbol>
      <symbol id="sm-6f9">
         <name>__args_main</name>
         <value>0xbd36</value>
         <object_component_ref idref="oc-212"/>
      </symbol>
      <symbol id="sm-705">
         <name>__abort_msg</name>
         <value>0xbdd6</value>
         <object_component_ref idref="oc-23e"/>
      </symbol>
      <symbol id="sm-710">
         <name>___TI_ft_end</name>
         <value>0xc000</value>
         <object_component_ref idref="oc-178"/>
      </symbol>
      <symbol id="sm-711">
         <name>___TI_tmpnams</name>
         <value>0xc0c0</value>
         <object_component_ref idref="oc-178"/>
      </symbol>
      <symbol id="sm-712">
         <name>__ftable</name>
         <value>0xc040</value>
         <object_component_ref idref="oc-178"/>
      </symbol>
      <symbol id="sm-728">
         <name>___TI_doflush</name>
         <value>0xb6ef</value>
         <object_component_ref idref="oc-245"/>
      </symbol>
      <symbol id="sm-729">
         <name>_fflush</name>
         <value>0xb71e</value>
         <object_component_ref idref="oc-245"/>
      </symbol>
      <symbol id="sm-746">
         <name>_puts</name>
         <value>0xb4ad</value>
         <object_component_ref idref="oc-244"/>
      </symbol>
      <symbol id="sm-747">
         <name>_fputs</name>
         <value>0xb410</value>
         <object_component_ref idref="oc-244"/>
      </symbol>
      <symbol id="sm-756">
         <name>_memchr</name>
         <value>0xbdc6</value>
         <object_component_ref idref="oc-24a"/>
      </symbol>
      <symbol id="sm-763">
         <name>_strlen</name>
         <value>0xbe16</value>
         <object_component_ref idref="oc-238"/>
      </symbol>
      <symbol id="sm-776">
         <name>__device</name>
         <value>0xc480</value>
         <object_component_ref idref="oc-191"/>
      </symbol>
      <symbol id="sm-777">
         <name>__stream</name>
         <value>0xc440</value>
         <object_component_ref idref="oc-191"/>
      </symbol>
      <symbol id="sm-778">
         <name>_write</name>
         <value>0xbd81</value>
         <object_component_ref idref="oc-24b"/>
      </symbol>
      <symbol id="sm-78f">
         <name>___TI_rd_ok</name>
         <value>0xb87c</value>
         <object_component_ref idref="oc-249"/>
      </symbol>
      <symbol id="sm-790">
         <name>___TI_wrt_ok</name>
         <value>0xb841</value>
         <object_component_ref idref="oc-249"/>
      </symbol>
      <symbol id="sm-7a0">
         <name>_fseek</name>
         <value>0xbb70</value>
         <object_component_ref idref="oc-24c"/>
      </symbol>
      <symbol id="sm-7ad">
         <name>_lseek</name>
         <value>0xbd9a</value>
         <object_component_ref idref="oc-24e"/>
      </symbol>
      <symbol id="sm-7c3">
         <name>_setvbuf</name>
         <value>0xb5de</value>
         <object_component_ref idref="oc-24d"/>
      </symbol>
      <symbol id="sm-7cf">
         <name>_HOSTclose</name>
         <value>0xbc41</value>
         <object_component_ref idref="oc-21b"/>
      </symbol>
      <symbol id="sm-7db">
         <name>_HOSTlseek</name>
         <value>0xb8a8</value>
         <object_component_ref idref="oc-21e"/>
      </symbol>
      <symbol id="sm-7ea">
         <name>_parmbuf</name>
         <value>0xc377</value>
         <object_component_ref idref="oc-1b5"/>
      </symbol>
      <symbol id="sm-7eb">
         <name>_HOSTopen</name>
         <value>0xbab3</value>
         <object_component_ref idref="oc-21a"/>
      </symbol>
      <symbol id="sm-7f8">
         <name>_HOSTread</name>
         <value>0xbaf3</value>
         <object_component_ref idref="oc-21c"/>
      </symbol>
      <symbol id="sm-804">
         <name>_HOSTrename</name>
         <value>0xbb32</value>
         <object_component_ref idref="oc-220"/>
      </symbol>
      <symbol id="sm-810">
         <name>_HOSTunlink</name>
         <value>0xbcb6</value>
         <object_component_ref idref="oc-21f"/>
      </symbol>
      <symbol id="sm-81d">
         <name>_HOSTwrite</name>
         <value>0xbbad</value>
         <object_component_ref idref="oc-21d"/>
      </symbol>
      <symbol id="sm-836">
         <name>___TI_readmsg</name>
         <value>0xb518</value>
         <object_component_ref idref="oc-239"/>
      </symbol>
      <symbol id="sm-837">
         <name>C$$IO$$</name>
         <value>0xb513</value>
         <object_component_ref idref="oc-239"/>
      </symbol>
      <symbol id="sm-838">
         <name>__CIOBUF_</name>
         <value>0xf000</value>
         <object_component_ref idref="oc-1cf"/>
      </symbol>
      <symbol id="sm-839">
         <name>___TI_writemsg</name>
         <value>0xb4c0</value>
         <object_component_ref idref="oc-239"/>
      </symbol>
      <symbol id="sm-86e">
         <name>_fopen</name>
         <value>0xb117</value>
         <object_component_ref idref="oc-24f"/>
      </symbol>
      <symbol id="sm-86f">
         <name>___TI_cleanup</name>
         <value>0xb0dc</value>
         <object_component_ref idref="oc-24f"/>
      </symbol>
      <symbol id="sm-870">
         <name>_freopen</name>
         <value>0xb0f9</value>
         <object_component_ref idref="oc-24f"/>
      </symbol>
      <symbol id="sm-88b">
         <name>_open</name>
         <value>0xb762</value>
         <object_component_ref idref="oc-250"/>
      </symbol>
      <symbol id="sm-898">
         <name>_strcpy</name>
         <value>0xbe23</value>
         <object_component_ref idref="oc-23a"/>
      </symbol>
      <symbol id="sm-8a9">
         <name>___TI_closefile</name>
         <value>0xb909</value>
         <object_component_ref idref="oc-251"/>
      </symbol>
      <symbol id="sm-8aa">
         <name>_fclose</name>
         <value>0xb94d</value>
         <object_component_ref idref="oc-251"/>
      </symbol>
      <symbol id="sm-8bc">
         <name>_finddevice</name>
         <value>0xba19</value>
         <object_component_ref idref="oc-252"/>
      </symbol>
      <symbol id="sm-8bd">
         <name>_getdevice</name>
         <value>0xba35</value>
         <object_component_ref idref="oc-252"/>
      </symbol>
      <symbol id="sm-8c9">
         <name>_remove</name>
         <value>0xbe31</value>
         <object_component_ref idref="oc-254"/>
      </symbol>
      <symbol id="sm-8d8">
         <name>_strchr</name>
         <value>0xbdef</value>
         <object_component_ref idref="oc-256"/>
      </symbol>
      <symbol id="sm-8e6">
         <name>_strcmp</name>
         <value>0xbdfb</value>
         <object_component_ref idref="oc-255"/>
      </symbol>
      <symbol id="sm-8f6">
         <name>_strncpy</name>
         <value>0xbd18</value>
         <object_component_ref idref="oc-257"/>
      </symbol>
      <symbol id="sm-902">
         <name>_unlink</name>
         <value>0xbd68</value>
         <object_component_ref idref="oc-258"/>
      </symbol>
      <symbol id="sm-912">
         <name>_close</name>
         <value>0xbbe5</value>
         <object_component_ref idref="oc-253"/>
      </symbol>
   </symbol_table>
   <title>Link successful</title>
</link_info>
